<html>
<body>
<pre>
<h1>µVision Build Log</h1>
<h2>Tool Versions:</h2>
IDE-Version: ¦ÌVision V5.24.2.0
Copyright (C) 2017 ARM Ltd and ARM Germany GmbH. All rights reserved.
License Information: Lee Xiaofan, Browan, LIC=0VRJJ-UY5EQ-68VFC-7784S-CXLR8-S9UFF
 
Tool Versions:
Toolchain:       MDK-ARM Professional  Version: 5.24.1
Toolchain Path:  C:\Keil_v5\ARM\ARMCC\Bin
C Compiler:      Armcc.exe V5.06 update 5 (build 528)
Assembler:       Armasm.exe V5.06 update 5 (build 528)
Linker/Locator:  ArmLink.exe V5.06 update 5 (build 528)
Library Manager: ArmAr.exe V5.06 update 5 (build 528)
Hex Converter:   FromElf.exe V5.06 update 5 (build 528)
CPU DLL:         SARMCM3.DLL V5.24.1
Dialog DLL:      DARMCM1.DLL V1.18.0.0
Target DLL:      STLink\ST-LINKIII-KEIL_SWO.dll V3.0.1.0
Dialog DLL:      TARMCM1.DLL V1.13.0.0
 
<h2>Project:</h2>
E:\Github\lorawan-cn-470\Keil\SensorNode\LoRaMac\classA\LoRaMac.uvprojx
Project File Date:  07/04/2019

<h2>Output:</h2>
*** Using Compiler 'V5.06 update 5 (build 528)', folder: 'C:\Keil_v5\ARM\ARMCC\Bin'
Build target 'REGION_CN470'
compiling main.c...
compiling delay-board.c...
compiling adc-board.c...
compiling board.c...
..\..\..\..\src\boards\NucleoL073\board.c(460): warning:  #177-D: function "CalibrateSystemWakeupTime"  was declared but never referenced
  void CalibrateSystemWakeupTime( void )
..\..\..\..\src\boards\NucleoL073\board.c: 1 warning, 0 errors
compiling eeprom-board.c...
compiling i2c-board.c...
compiling gpio-board.c...
compiling spi-board.c...
compiling uart-board.c...
compiling rtc-board.c...
assembling startup_stm32l073xx.s...
compiling sx1276mb1las-board.c...
..\..\..\..\src\boards\NucleoL073\sx1276mb1las-board.c(297): warning:  #223-D: function "SX1276SetOpMode" declared implicitly
      SX1276SetOpMode(RF_OPMODE_RECEIVER);
..\..\..\..\src\boards\NucleoL073\sx1276mb1las-board.c: 1 warning, 0 errors
compiling system_stm32l0xx.c...
compiling stm32l0xx_hal.c...
compiling stm32l0xx_hal_adc.c...
compiling stm32l0xx_hal_cortex.c...
compiling stm32l0xx_hal_adc_ex.c...
compiling stm32l0xx_hal_dma.c...
compiling stm32l0xx_hal_gpio.c...
compiling stm32l0xx_hal_i2c_ex.c...
compiling stm32l0xx_hal_i2c.c...
compiling stm32l0xx_hal_pwr.c...
compiling stm32l0xx_hal_pwr_ex.c...
compiling stm32l0xx_hal_rcc.c...
compiling stm32l0xx_hal_rtc.c...
compiling stm32l0xx_hal_rcc_ex.c...
compiling stm32l0xx_hal_rtc_ex.c...
compiling stm32l0xx_hal_uart_ex.c...
compiling stm32l0xx_hal_uart.c...
compiling stm32l0xx_hal_spi.c...
compiling stm32l0xx_hal_iwdg.c...
compiling stm32l0xx_hal_flash.c...
compiling stm32l0xx_hal_flash_ex.c...
compiling sysIrqHandlers.c...
compiling utilities.c...
compiling LoRaMacCrypto.c...
compiling Region.c...
compiling LoRaMac.c...
compiling RegionCommon.c...
compiling RegionAS923.c...
compiling RegionAU915.c...
compiling RegionCN470.c...
compiling RegionCN779.c...
compiling RegionEU433.c...
compiling RegionEU868.c...
compiling RegionIN865.c...
compiling RegionKR920.c...
compiling RegionUS915.c...
compiling RegionUS915-Hybrid.c...
compiling adc.c...
compiling sx1276.c...
compiling delay.c...
compiling fifo.c...
compiling gpio.c...
compiling i2c.c...
compiling timer.c...
compiling uart.c...
compiling eeprom.c...
compiling cmac.c...
compiling aes.c...
linking...
Program Size: Code=74464 RO-data=1460 RW-data=324 ZI-data=5188  
FromELF: creating hex file...
".\obj\LoRaMac-915\LoRaMac.axf" - 0 Error(s), 2 Warning(s).

<h2>Software Packages used:</h2>

Package Vendor: ARM
                http://www.keil.com/pack/ARM.CMSIS.5.5.1.pack
                ARM.CMSIS.5.5.1
                CMSIS (Cortex Microcontroller Software Interface Standard)
   * Component: CORE Version: 5.2.0

Package Vendor: Keil
                http://www.keil.com/pack/Keil.STM32L0xx_DFP.2.0.1.pack
                Keil.STM32L0xx_DFP.2.0.1
                STMicroelectronics STM32L0 Series Device Support, Drivers and Examples

<h2>Collection of Component include folders:</h2>
  .\RTE\_REGION_CN470
  C:\Keil_v5\ARM\PACK\ARM\CMSIS\5.5.1\CMSIS\Core\Include
  C:\Keil_v5\ARM\PACK\Keil\STM32L0xx_DFP\2.0.1\Drivers\CMSIS\Device\ST\STM32L0xx\Include

<h2>Collection of Component Files used:</h2>

   * Component: ARM::CMSIS:CORE:5.2.0
Build Time Elapsed:  00:00:36
</pre>
</body>
</html>
