<!doctype html public "-//w3c//dtd html 4.0 transitional//en">
<html><head>
<title>Static Call Graph - [.\obj\LoRaMac-915\LoRaMac.axf]</title></head>
<body><HR>
<H1>Static Call Graph for image .\obj\LoRaMac-915\LoRaMac.axf</H1><HR>
<BR><P>#&#060CALLGRAPH&#062# ARM Linker, 5060528: Last Updated: Thu Jul 04 16:23:26 2019
<BR><P>
<H3>Maximum Stack Usage =        616 bytes + Unknown(Cycles, Untraceable Function Pointers)</H3><H3>
Call chain for Maximum Stack Depth:</H3>
McpsIndication &rArr; OnTxNextPacketTimerEvent &rArr; LoRaMacMlmeRequest &rArr; Send &rArr; ScheduleTx &rArr; RegionNextChannel &rArr; RegionCN470NextChannel &rArr; RegionCommonUpdateBandTimeOff &rArr; TimerGetElapsedTime &rArr; RtcComputeElapsedTime &rArr; RtcConvertTickToMs &rArr; round &rArr; __aeabi_dsub &rArr; __aeabi_dadd &rArr; _double_epilogue &rArr; __aeabi_llsr
<P>
<H3>
Mutually Recursive functions
</H3> <LI><a href="#[7]">HardFault_Handler</a>&nbsp;&nbsp;&nbsp;&rArr;&nbsp;&nbsp;&nbsp;<a href="#[7]">HardFault_Handler</a><BR>
 <LI><a href="#[8]">SVC_Handler</a>&nbsp;&nbsp;&nbsp;&rArr;&nbsp;&nbsp;&nbsp;<a href="#[8]">SVC_Handler</a><BR>
 <LI><a href="#[9]">PendSV_Handler</a>&nbsp;&nbsp;&nbsp;&rArr;&nbsp;&nbsp;&nbsp;<a href="#[9]">PendSV_Handler</a><BR>
 <LI><a href="#[17]">ADC1_COMP_IRQHandler</a>&nbsp;&nbsp;&nbsp;&rArr;&nbsp;&nbsp;&nbsp;<a href="#[17]">ADC1_COMP_IRQHandler</a><BR>
</UL>
<P>
<H3>
Function Pointers
</H3><UL>
 <LI><a href="#[17]">ADC1_COMP_IRQHandler</a> from startup_stm32l073xx.o(.text) referenced from startup_stm32l073xx.o(RESET)
 <LI><a href="#[34]">ADC_DMAConvCplt</a> from stm32l0xx_hal_adc.o(.text) referenced from stm32l0xx_hal_adc.o(.text)
 <LI><a href="#[36]">ADC_DMAError</a> from stm32l0xx_hal_adc.o(.text) referenced from stm32l0xx_hal_adc.o(.text)
 <LI><a href="#[35]">ADC_DMAHalfConvCplt</a> from stm32l0xx_hal_adc.o(.text) referenced from stm32l0xx_hal_adc.o(.text)
 <LI><a href="#[2f]">BoardGetBatteryLevel</a> from board.o(.text) referenced from main.o(.text)
 <LI><a href="#[14]">DMA1_Channel1_IRQHandler</a> from startup_stm32l073xx.o(.text) referenced from startup_stm32l073xx.o(RESET)
 <LI><a href="#[15]">DMA1_Channel2_3_IRQHandler</a> from startup_stm32l073xx.o(.text) referenced from startup_stm32l073xx.o(RESET)
 <LI><a href="#[16]">DMA1_Channel4_5_6_7_IRQHandler</a> from startup_stm32l073xx.o(.text) referenced from startup_stm32l073xx.o(RESET)
 <LI><a href="#[10]">EXTI0_1_IRQHandler</a> from gpio-board.o(.text) referenced from startup_stm32l073xx.o(RESET)
 <LI><a href="#[11]">EXTI2_3_IRQHandler</a> from gpio-board.o(.text) referenced from startup_stm32l073xx.o(RESET)
 <LI><a href="#[12]">EXTI4_15_IRQHandler</a> from gpio-board.o(.text) referenced from startup_stm32l073xx.o(RESET)
 <LI><a href="#[e]">FLASH_IRQHandler</a> from startup_stm32l073xx.o(.text) referenced from startup_stm32l073xx.o(RESET)
 <LI><a href="#[7]">HardFault_Handler</a> from startup_stm32l073xx.o(.text) referenced from startup_stm32l073xx.o(RESET)
 <LI><a href="#[21]">I2C1_IRQHandler</a> from startup_stm32l073xx.o(.text) referenced from startup_stm32l073xx.o(RESET)
 <LI><a href="#[22]">I2C2_IRQHandler</a> from startup_stm32l073xx.o(.text) referenced from startup_stm32l073xx.o(RESET)
 <LI><a href="#[1f]">I2C3_IRQHandler</a> from startup_stm32l073xx.o(.text) referenced from startup_stm32l073xx.o(RESET)
 <LI><a href="#[28]">LCD_IRQHandler</a> from startup_stm32l073xx.o(.text) referenced from startup_stm32l073xx.o(RESET)
 <LI><a href="#[18]">LPTIM1_IRQHandler</a> from startup_stm32l073xx.o(.text) referenced from startup_stm32l073xx.o(RESET)
 <LI><a href="#[2b]">McpsConfirm</a> from main.o(.text) referenced from main.o(.text)
 <LI><a href="#[2c]">McpsIndication</a> from main.o(.text) referenced from main.o(.text)
 <LI><a href="#[2d]">MlmeConfirm</a> from main.o(.text) referenced from main.o(.text)
 <LI><a href="#[2e]">MlmeIndication</a> from main.o(.text) referenced from main.o(.text)
 <LI><a href="#[6]">NMI_Handler</a> from sysirqhandlers.o(.text) referenced from startup_stm32l073xx.o(RESET)
 <LI><a href="#[4a]">OnAckTimeoutTimerEvent</a> from loramac.o(.text) referenced from loramac.o(.text)
 <LI><a href="#[31]">OnCalibrateSystemWakeupTimeTimerEvent</a> from board.o(.text) referenced from board.o(.text)
 <LI><a href="#[46]">OnMacStateCheckTimerEvent</a> from loramac.o(.text) referenced from loramac.o(.text)
 <LI><a href="#[4c]">OnRadioRxDone</a> from loramac.o(.text) referenced from loramac.o(.text)
 <LI><a href="#[4d]">OnRadioRxError</a> from loramac.o(.text) referenced from loramac.o(.text)
 <LI><a href="#[4f]">OnRadioRxTimeout</a> from loramac.o(.text) referenced from loramac.o(.text)
 <LI><a href="#[4b]">OnRadioTxDone</a> from loramac.o(.text) referenced from loramac.o(.text)
 <LI><a href="#[4e]">OnRadioTxTimeout</a> from loramac.o(.text) referenced from loramac.o(.text)
 <LI><a href="#[48]">OnRxWindow1TimerEvent</a> from loramac.o(.text) referenced from loramac.o(.text)
 <LI><a href="#[49]">OnRxWindow2TimerEvent</a> from loramac.o(.text) referenced from loramac.o(.text)
 <LI><a href="#[47]">OnTxDelayedTimerEvent</a> from loramac.o(.text) referenced from loramac.o(.text)
 <LI><a href="#[30]">OnTxNextPacketTimerEvent</a> from main.o(.text) referenced from main.o(.text)
 <LI><a href="#[c]">PVD_IRQHandler</a> from startup_stm32l073xx.o(.text) referenced from startup_stm32l073xx.o(RESET)
 <LI><a href="#[9]">PendSV_Handler</a> from startup_stm32l073xx.o(.text) referenced from startup_stm32l073xx.o(RESET)
 <LI><a href="#[f]">RCC_CRS_IRQHandler</a> from startup_stm32l073xx.o(.text) referenced from startup_stm32l073xx.o(RESET)
 <LI><a href="#[27]">RNG_LPUART1_IRQHandler</a> from startup_stm32l073xx.o(.text) referenced from startup_stm32l073xx.o(RESET)
 <LI><a href="#[d]">RTC_IRQHandler</a> from rtc-board.o(.text) referenced from startup_stm32l073xx.o(RESET)
 <LI><a href="#[5]">Reset_Handler</a> from startup_stm32l073xx.o(.text) referenced from startup_stm32l073xx.o(RESET)
 <LI><a href="#[23]">SPI1_IRQHandler</a> from startup_stm32l073xx.o(.text) referenced from startup_stm32l073xx.o(RESET)
 <LI><a href="#[24]">SPI2_IRQHandler</a> from startup_stm32l073xx.o(.text) referenced from startup_stm32l073xx.o(RESET)
 <LI><a href="#[38]">SPI_2LinesRxISR</a> from stm32l0xx_hal_spi.o(.text) referenced from stm32l0xx_hal_spi.o(.text)
 <LI><a href="#[3c]">SPI_DMAError</a> from stm32l0xx_hal_spi.o(.text) referenced 2 times from stm32l0xx_hal_spi.o(.text)
 <LI><a href="#[3d]">SPI_DMAHalfReceiveCplt</a> from stm32l0xx_hal_spi.o(.text) referenced 2 times from stm32l0xx_hal_spi.o(.text)
 <LI><a href="#[3a]">SPI_DMAHalfTransmitCplt</a> from stm32l0xx_hal_spi.o(.text) referenced from stm32l0xx_hal_spi.o(.text)
 <LI><a href="#[3f]">SPI_DMAHalfTransmitReceiveCplt</a> from stm32l0xx_hal_spi.o(.text) referenced from stm32l0xx_hal_spi.o(.text)
 <LI><a href="#[3e]">SPI_DMAReceiveCplt</a> from stm32l0xx_hal_spi.o(.text) referenced 2 times from stm32l0xx_hal_spi.o(.text)
 <LI><a href="#[3b]">SPI_DMATransmitCplt</a> from stm32l0xx_hal_spi.o(.text) referenced from stm32l0xx_hal_spi.o(.text)
 <LI><a href="#[40]">SPI_DMATransmitReceiveCplt</a> from stm32l0xx_hal_spi.o(.text) referenced from stm32l0xx_hal_spi.o(.text)
 <LI><a href="#[39]">SPI_RxISR</a> from stm32l0xx_hal_spi.o(.text) referenced from stm32l0xx_hal_spi.o(.text)
 <LI><a href="#[37]">SPI_TxISR</a> from stm32l0xx_hal_spi.o(.text) referenced from stm32l0xx_hal_spi.o(.text)
 <LI><a href="#[8]">SVC_Handler</a> from startup_stm32l073xx.o(.text) referenced from startup_stm32l073xx.o(RESET)
 <LI><a href="#[59]">SX1276CheckRfFrequency</a> from sx1276mb1las-board.o(.text) referenced from sx1276mb1las-board.o(.constdata)
 <LI><a href="#[52]">SX1276GetStatus</a> from sx1276.o(.text) referenced from sx1276mb1las-board.o(.constdata)
 <LI><a href="#[5a]">SX1276GetTimeOnAir</a> from sx1276.o(.text) referenced from sx1276mb1las-board.o(.constdata)
 <LI><a href="#[68]">SX1276GetWakeupTime</a> from sx1276.o(.text) referenced from sx1276mb1las-board.o(.constdata)
 <LI><a href="#[51]">SX1276Init</a> from sx1276.o(.text) referenced from sx1276mb1las-board.o(.constdata)
 <LI><a href="#[55]">SX1276IsChannelFree</a> from sx1276.o(.text) referenced from sx1276mb1las-board.o(.constdata)
 <LI><a href="#[0]">SX1276OnDio0Irq</a> from sx1276.o(.text) referenced 2 times from sx1276.o(.data)
 <LI><a href="#[1]">SX1276OnDio1Irq</a> from sx1276.o(.text) referenced 2 times from sx1276.o(.data)
 <LI><a href="#[2]">SX1276OnDio2Irq</a> from sx1276.o(.text) referenced 2 times from sx1276.o(.data)
 <LI><a href="#[3]">SX1276OnDio3Irq</a> from sx1276.o(.text) referenced 2 times from sx1276.o(.data)
 <LI><a href="#[4]">SX1276OnDio4Irq</a> from sx1276.o(.text) referenced 2 times from sx1276.o(.data)
 <LI><a href="#[50]">SX1276OnTimeoutIrq</a> from sx1276.o(.text) referenced from sx1276.o(.text)
 <LI><a href="#[56]">SX1276Random</a> from sx1276.o(.text) referenced from sx1276mb1las-board.o(.constdata)
 <LI><a href="#[63]">SX1276Read</a> from sx1276.o(.text) referenced from sx1276mb1las-board.o(.constdata)
 <LI><a href="#[65]">SX1276ReadBuffer</a> from sx1276.o(.text) referenced from sx1276mb1las-board.o(.constdata)
 <LI><a href="#[61]">SX1276ReadRssi</a> from sx1276.o(.text) referenced from sx1276mb1las-board.o(.constdata)
 <LI><a href="#[5b]">SX1276Send</a> from sx1276.o(.text) referenced from sx1276mb1las-board.o(.constdata)
 <LI><a href="#[54]">SX1276SetChannel</a> from sx1276.o(.text) referenced from sx1276mb1las-board.o(.constdata)
 <LI><a href="#[66]">SX1276SetMaxPayloadLength</a> from sx1276.o(.text) referenced from sx1276mb1las-board.o(.constdata)
 <LI><a href="#[53]">SX1276SetModem</a> from sx1276.o(.text) referenced from sx1276mb1las-board.o(.constdata)
 <LI><a href="#[67]">SX1276SetPublicNetwork</a> from sx1276.o(.text) referenced from sx1276mb1las-board.o(.constdata)
 <LI><a href="#[5e]">SX1276SetRx</a> from sx1276.o(.text) referenced from sx1276mb1las-board.o(.constdata)
 <LI><a href="#[57]">SX1276SetRxConfig</a> from sx1276.o(.text) referenced from sx1276mb1las-board.o(.constdata)
 <LI><a href="#[5c]">SX1276SetSleep</a> from sx1276.o(.text) referenced from sx1276mb1las-board.o(.constdata)
 <LI><a href="#[5d]">SX1276SetStby</a> from sx1276.o(.text) referenced from sx1276mb1las-board.o(.constdata)
 <LI><a href="#[58]">SX1276SetTxConfig</a> from sx1276.o(.text) referenced from sx1276mb1las-board.o(.constdata)
 <LI><a href="#[60]">SX1276SetTxContinuousWave</a> from sx1276.o(.text) referenced from sx1276mb1las-board.o(.constdata)
 <LI><a href="#[5f]">SX1276StartCad</a> from sx1276.o(.text) referenced from sx1276mb1las-board.o(.constdata)
 <LI><a href="#[62]">SX1276Write</a> from sx1276.o(.text) referenced from sx1276mb1las-board.o(.constdata)
 <LI><a href="#[64]">SX1276WriteBuffer</a> from sx1276.o(.text) referenced from sx1276mb1las-board.o(.constdata)
 <LI><a href="#[a]">SysTick_Handler</a> from board.o(.text) referenced from startup_stm32l073xx.o(RESET)
 <LI><a href="#[32]">SystemInit</a> from system_stm32l0xx.o(.text) referenced from startup_stm32l073xx.o(.text)
 <LI><a href="#[1e]">TIM21_IRQHandler</a> from startup_stm32l073xx.o(.text) referenced from startup_stm32l073xx.o(RESET)
 <LI><a href="#[20]">TIM22_IRQHandler</a> from startup_stm32l073xx.o(.text) referenced from startup_stm32l073xx.o(RESET)
 <LI><a href="#[1a]">TIM2_IRQHandler</a> from startup_stm32l073xx.o(.text) referenced from startup_stm32l073xx.o(RESET)
 <LI><a href="#[1b]">TIM3_IRQHandler</a> from startup_stm32l073xx.o(.text) referenced from startup_stm32l073xx.o(RESET)
 <LI><a href="#[1c]">TIM6_DAC_IRQHandler</a> from startup_stm32l073xx.o(.text) referenced from startup_stm32l073xx.o(RESET)
 <LI><a href="#[1d]">TIM7_IRQHandler</a> from startup_stm32l073xx.o(.text) referenced from startup_stm32l073xx.o(RESET)
 <LI><a href="#[13]">TSC_IRQHandler</a> from startup_stm32l073xx.o(.text) referenced from startup_stm32l073xx.o(RESET)
 <LI><a href="#[43]">UART_DMAError</a> from stm32l0xx_hal_uart.o(.text) referenced from stm32l0xx_hal_uart.o(.text)
 <LI><a href="#[44]">UART_DMAReceiveCplt</a> from stm32l0xx_hal_uart.o(.text) referenced from stm32l0xx_hal_uart.o(.text)
 <LI><a href="#[45]">UART_DMARxHalfCplt</a> from stm32l0xx_hal_uart.o(.text) referenced from stm32l0xx_hal_uart.o(.text)
 <LI><a href="#[41]">UART_DMATransmitCplt</a> from stm32l0xx_hal_uart.o(.text) referenced from stm32l0xx_hal_uart.o(.text)
 <LI><a href="#[42]">UART_DMATxHalfCplt</a> from stm32l0xx_hal_uart.o(.text) referenced from stm32l0xx_hal_uart.o(.text)
 <LI><a href="#[25]">USART1_IRQHandler</a> from uart-board.o(.text) referenced from startup_stm32l073xx.o(RESET)
 <LI><a href="#[26]">USART2_IRQHandler</a> from uart-board.o(.text) referenced from startup_stm32l073xx.o(RESET)
 <LI><a href="#[19]">USART4_5_IRQHandler</a> from startup_stm32l073xx.o(.text) referenced from startup_stm32l073xx.o(RESET)
 <LI><a href="#[29]">USB_IRQHandler</a> from startup_stm32l073xx.o(.text) referenced from startup_stm32l073xx.o(RESET)
 <LI><a href="#[b]">WWDG_IRQHandler</a> from startup_stm32l073xx.o(.text) referenced from startup_stm32l073xx.o(RESET)
 <LI><a href="#[33]">__main</a> from entry.o(.ARM.Collect$$$$00000000) referenced from startup_stm32l073xx.o(.text)
 <LI><a href="#[2a]">main</a> from main.o(.text) referenced from entry9a.o(.ARM.Collect$$$$0000000B)
</UL>
<P>
<H3>
Global Symbols
</H3>
<P><STRONG><a name="[33]"></a>__main</STRONG> (Thumb, 0 bytes, Stack size unknown bytes, entry.o(.ARM.Collect$$$$00000000))
<BR>[Address Reference Count : 1]<UL><LI> startup_stm32l073xx.o(.text)
</UL>
<P><STRONG><a name="[231]"></a>_main_stk</STRONG> (Thumb, 0 bytes, Stack size unknown bytes, entry2.o(.ARM.Collect$$$$00000001))

<P><STRONG><a name="[69]"></a>_main_scatterload</STRONG> (Thumb, 0 bytes, Stack size unknown bytes, entry5.o(.ARM.Collect$$$$00000004))
<BR><BR>[Calls]<UL><LI><a href="#[6a]">&gt;&gt;</a>&nbsp;&nbsp;&nbsp;__scatterload
</UL>

<P><STRONG><a name="[22f]"></a>__main_after_scatterload</STRONG> (Thumb, 0 bytes, Stack size unknown bytes, entry5.o(.ARM.Collect$$$$00000004))
<BR><BR>[Called By]<UL><LI><a href="#[6a]">&gt;&gt;</a>&nbsp;&nbsp;&nbsp;__scatterload
</UL>

<P><STRONG><a name="[232]"></a>_main_clock</STRONG> (Thumb, 0 bytes, Stack size unknown bytes, entry7b.o(.ARM.Collect$$$$00000008))

<P><STRONG><a name="[233]"></a>_main_cpp_init</STRONG> (Thumb, 0 bytes, Stack size unknown bytes, entry8b.o(.ARM.Collect$$$$0000000A))

<P><STRONG><a name="[234]"></a>_main_init</STRONG> (Thumb, 0 bytes, Stack size unknown bytes, entry9a.o(.ARM.Collect$$$$0000000B))

<P><STRONG><a name="[235]"></a>__rt_final_cpp</STRONG> (Thumb, 0 bytes, Stack size unknown bytes, entry10a.o(.ARM.Collect$$$$0000000D))

<P><STRONG><a name="[236]"></a>__rt_final_exit</STRONG> (Thumb, 0 bytes, Stack size unknown bytes, entry11a.o(.ARM.Collect$$$$0000000F))

<P><STRONG><a name="[2a]"></a>main</STRONG> (Thumb, 342 bytes, Stack size 32 bytes, main.o(.text))
<BR><BR>[Stack]<UL><LI>Max Depth = 608<LI>Call Chain = main &rArr; SendFrame &rArr; LoRaMacMcpsRequest &rArr; Send &rArr; ScheduleTx &rArr; RegionNextChannel &rArr; RegionCN470NextChannel &rArr; RegionCommonUpdateBandTimeOff &rArr; TimerGetElapsedTime &rArr; RtcComputeElapsedTime &rArr; RtcConvertTickToMs &rArr; round &rArr; __aeabi_dsub &rArr; __aeabi_dadd &rArr; _double_epilogue &rArr; __aeabi_llsr
</UL>
<BR>[Calls]<UL><LI><a href="#[79]">&gt;&gt;</a>&nbsp;&nbsp;&nbsp;srand1
<LI><a href="#[7a]">&gt;&gt;</a>&nbsp;&nbsp;&nbsp;randr
<LI><a href="#[7c]">&gt;&gt;</a>&nbsp;&nbsp;&nbsp;TimerStart
<LI><a href="#[7b]">&gt;&gt;</a>&nbsp;&nbsp;&nbsp;TimerSetValue
<LI><a href="#[77]">&gt;&gt;</a>&nbsp;&nbsp;&nbsp;TimerInit
<LI><a href="#[73]">&gt;&gt;</a>&nbsp;&nbsp;&nbsp;LoRaMacMibSetRequestConfirm
<LI><a href="#[76]">&gt;&gt;</a>&nbsp;&nbsp;&nbsp;LoRaMacInitialization
<LI><a href="#[75]">&gt;&gt;</a>&nbsp;&nbsp;&nbsp;BoardInitPeriph
<LI><a href="#[74]">&gt;&gt;</a>&nbsp;&nbsp;&nbsp;BoardInitMcu
<LI><a href="#[78]">&gt;&gt;</a>&nbsp;&nbsp;&nbsp;BoardGetRandomSeed
<LI><a href="#[6c]">&gt;&gt;</a>&nbsp;&nbsp;&nbsp;__ARM_common_switch8
<LI><a href="#[6d]">&gt;&gt;</a>&nbsp;&nbsp;&nbsp;SendFrame
<LI><a href="#[6b]">&gt;&gt;</a>&nbsp;&nbsp;&nbsp;PrepareTxFrame
</UL>
<BR>[Address Reference Count : 1]<UL><LI> entry9a.o(.ARM.Collect$$$$0000000B)
</UL>
<P><STRONG><a name="[7d]"></a>AdcMcuInit</STRONG> (Thumb, 58 bytes, Stack size 24 bytes, adc-board.o(.text))
<BR><BR>[Stack]<UL><LI>Max Depth = 136<LI>Call Chain = AdcMcuInit &rArr; GpioInit &rArr; GpioMcuInit &rArr; HAL_GPIO_Init
</UL>
<BR>[Calls]<UL><LI><a href="#[7e]">&gt;&gt;</a>&nbsp;&nbsp;&nbsp;HAL_ADC_DeInit
<LI><a href="#[7f]">&gt;&gt;</a>&nbsp;&nbsp;&nbsp;GpioInit
</UL>
<BR>[Called By]<UL><LI><a href="#[9a]">&gt;&gt;</a>&nbsp;&nbsp;&nbsp;AdcInit
</UL>

<P><STRONG><a name="[80]"></a>AdcMcuConfig</STRONG> (Thumb, 72 bytes, Stack size 8 bytes, adc-board.o(.text))
<BR><BR>[Stack]<UL><LI>Max Depth = 32<LI>Call Chain = AdcMcuConfig &rArr; HAL_ADCEx_Calibration_Start
</UL>
<BR>[Calls]<UL><LI><a href="#[81]">&gt;&gt;</a>&nbsp;&nbsp;&nbsp;HAL_ADC_Init
<LI><a href="#[82]">&gt;&gt;</a>&nbsp;&nbsp;&nbsp;HAL_ADCEx_Calibration_Start
</UL>
<BR>[Called By]<UL><LI><a href="#[9a]">&gt;&gt;</a>&nbsp;&nbsp;&nbsp;AdcInit
</UL>

<P><STRONG><a name="[83]"></a>Clean_CHSEL_Flags</STRONG> (Thumb, 22 bytes, Stack size 16 bytes, adc-board.o(.text))
<BR><BR>[Stack]<UL><LI>Max Depth = 60<LI>Call Chain = Clean_CHSEL_Flags &rArr; HAL_ADC_ConfigChannel &rArr; ADC_DelayMicroSecond &rArr; __aeabi_uidivmod
</UL>
<BR>[Calls]<UL><LI><a href="#[84]">&gt;&gt;</a>&nbsp;&nbsp;&nbsp;HAL_ADC_ConfigChannel
</UL>
<BR>[Called By]<UL><LI><a href="#[85]">&gt;&gt;</a>&nbsp;&nbsp;&nbsp;AdcMcuReadChannel
</UL>

<P><STRONG><a name="[85]"></a>AdcMcuReadChannel</STRONG> (Thumb, 158 bytes, Stack size 24 bytes, adc-board.o(.text))
<BR><BR>[Stack]<UL><LI>Max Depth = 84<LI>Call Chain = AdcMcuReadChannel &rArr; HAL_ADC_Start &rArr; ADC_Enable &rArr; ADC_DelayMicroSecond &rArr; __aeabi_uidivmod
</UL>
<BR>[Calls]<UL><LI><a href="#[86]">&gt;&gt;</a>&nbsp;&nbsp;&nbsp;HAL_ADC_Start
<LI><a href="#[87]">&gt;&gt;</a>&nbsp;&nbsp;&nbsp;HAL_ADC_PollForConversion
<LI><a href="#[88]">&gt;&gt;</a>&nbsp;&nbsp;&nbsp;HAL_ADC_GetValue
<LI><a href="#[7e]">&gt;&gt;</a>&nbsp;&nbsp;&nbsp;HAL_ADC_DeInit
<LI><a href="#[84]">&gt;&gt;</a>&nbsp;&nbsp;&nbsp;HAL_ADC_ConfigChannel
<LI><a href="#[82]">&gt;&gt;</a>&nbsp;&nbsp;&nbsp;HAL_ADCEx_Calibration_Start
<LI><a href="#[83]">&gt;&gt;</a>&nbsp;&nbsp;&nbsp;Clean_CHSEL_Flags
</UL>
<BR>[Called By]<UL><LI><a href="#[a4]">&gt;&gt;</a>&nbsp;&nbsp;&nbsp;AdcReadChannel
</UL>

<P><STRONG><a name="[9e]"></a>BoardDisableIrq</STRONG> (Thumb, 14 bytes, Stack size 0 bytes, board.o(.text))
<BR><BR>[Called By]<UL><LI><a href="#[f0]">&gt;&gt;</a>&nbsp;&nbsp;&nbsp;UartMcuGetChar
<LI><a href="#[ed]">&gt;&gt;</a>&nbsp;&nbsp;&nbsp;UartMcuPutChar
<LI><a href="#[e7]">&gt;&gt;</a>&nbsp;&nbsp;&nbsp;SpiInOut
<LI><a href="#[9b]">&gt;&gt;</a>&nbsp;&nbsp;&nbsp;SpiInit
<LI><a href="#[9d]">&gt;&gt;</a>&nbsp;&nbsp;&nbsp;BoardResetMcu
<LI><a href="#[70]">&gt;&gt;</a>&nbsp;&nbsp;&nbsp;TimerStop
<LI><a href="#[7c]">&gt;&gt;</a>&nbsp;&nbsp;&nbsp;TimerStart
</UL>

<P><STRONG><a name="[e5]"></a>BoardEnableIrq</STRONG> (Thumb, 22 bytes, Stack size 0 bytes, board.o(.text))
<BR><BR>[Called By]<UL><LI><a href="#[f0]">&gt;&gt;</a>&nbsp;&nbsp;&nbsp;UartMcuGetChar
<LI><a href="#[ed]">&gt;&gt;</a>&nbsp;&nbsp;&nbsp;UartMcuPutChar
<LI><a href="#[e7]">&gt;&gt;</a>&nbsp;&nbsp;&nbsp;SpiInOut
<LI><a href="#[9b]">&gt;&gt;</a>&nbsp;&nbsp;&nbsp;SpiInit
<LI><a href="#[70]">&gt;&gt;</a>&nbsp;&nbsp;&nbsp;TimerStop
<LI><a href="#[7c]">&gt;&gt;</a>&nbsp;&nbsp;&nbsp;TimerStart
</UL>

<P><STRONG><a name="[75]"></a>BoardInitPeriph</STRONG> (Thumb, 268 bytes, Stack size 24 bytes, board.o(.text))
<BR><BR>[Stack]<UL><LI>Max Depth = 136<LI>Call Chain = BoardInitPeriph &rArr; GpioInit &rArr; GpioMcuInit &rArr; HAL_GPIO_Init
</UL>
<BR>[Calls]<UL><LI><a href="#[7f]">&gt;&gt;</a>&nbsp;&nbsp;&nbsp;GpioInit
</UL>
<BR>[Called By]<UL><LI><a href="#[2a]">&gt;&gt;</a>&nbsp;&nbsp;&nbsp;main
</UL>

<P><STRONG><a name="[8a]"></a>GetBoardPowerSource</STRONG> (Thumb, 4 bytes, Stack size 0 bytes, board.o(.text))
<BR><BR>[Called By]<UL><LI><a href="#[ab]">&gt;&gt;</a>&nbsp;&nbsp;&nbsp;TimerLowPowerHandler
<LI><a href="#[89]">&gt;&gt;</a>&nbsp;&nbsp;&nbsp;BoardUnusedIoInit
<LI><a href="#[74]">&gt;&gt;</a>&nbsp;&nbsp;&nbsp;BoardInitMcu
<LI><a href="#[2f]">&gt;&gt;</a>&nbsp;&nbsp;&nbsp;BoardGetBatteryLevel
</UL>

<P><STRONG><a name="[74]"></a>BoardInitMcu</STRONG> (Thumb, 86 bytes, Stack size 16 bytes, board.o(.text))
<BR><BR>[Stack]<UL><LI>Max Depth = 208<LI>Call Chain = BoardInitMcu &rArr; SystemClockConfig &rArr; HAL_RCC_OscConfig &rArr; HAL_InitTick &rArr; HAL_SYSTICK_Config &rArr; NVIC_SetPriority
</UL>
<BR>[Calls]<UL><LI><a href="#[9b]">&gt;&gt;</a>&nbsp;&nbsp;&nbsp;SpiInit
<LI><a href="#[9c]">&gt;&gt;</a>&nbsp;&nbsp;&nbsp;SX1276IoInit
<LI><a href="#[98]">&gt;&gt;</a>&nbsp;&nbsp;&nbsp;RtcInit
<LI><a href="#[97]">&gt;&gt;</a>&nbsp;&nbsp;&nbsp;HAL_Init
<LI><a href="#[9a]">&gt;&gt;</a>&nbsp;&nbsp;&nbsp;AdcInit
<LI><a href="#[8a]">&gt;&gt;</a>&nbsp;&nbsp;&nbsp;GetBoardPowerSource
<LI><a href="#[8e]">&gt;&gt;</a>&nbsp;&nbsp;&nbsp;SystemClockConfig
<LI><a href="#[89]">&gt;&gt;</a>&nbsp;&nbsp;&nbsp;BoardUnusedIoInit
<LI><a href="#[99]">&gt;&gt;</a>&nbsp;&nbsp;&nbsp;SystemClockReConfig
</UL>
<BR>[Called By]<UL><LI><a href="#[bb]">&gt;&gt;</a>&nbsp;&nbsp;&nbsp;RtcRecoverMcuStatus
<LI><a href="#[2a]">&gt;&gt;</a>&nbsp;&nbsp;&nbsp;main
</UL>

<P><STRONG><a name="[9d]"></a>BoardResetMcu</STRONG> (Thumb, 52 bytes, Stack size 0 bytes, board.o(.text), UNUSED)
<BR><BR>[Calls]<UL><LI><a href="#[9e]">&gt;&gt;</a>&nbsp;&nbsp;&nbsp;BoardDisableIrq
</UL>

<P><STRONG><a name="[9f]"></a>BoardDeInitMcu</STRONG> (Thumb, 134 bytes, Stack size 24 bytes, board.o(.text), UNUSED)
<BR><BR>[Calls]<UL><LI><a href="#[a1]">&gt;&gt;</a>&nbsp;&nbsp;&nbsp;SpiDeInit
<LI><a href="#[a2]">&gt;&gt;</a>&nbsp;&nbsp;&nbsp;SX1276IoDeInit
<LI><a href="#[a0]">&gt;&gt;</a>&nbsp;&nbsp;&nbsp;AdcDeInit
<LI><a href="#[7f]">&gt;&gt;</a>&nbsp;&nbsp;&nbsp;GpioInit
</UL>
<BR>[Called By]<UL><LI><a href="#[d7]">&gt;&gt;</a>&nbsp;&nbsp;&nbsp;RtcEnterLowPowerStopMode
</UL>

<P><STRONG><a name="[78]"></a>BoardGetRandomSeed</STRONG> (Thumb, 18 bytes, Stack size 0 bytes, board.o(.text))
<BR><BR>[Called By]<UL><LI><a href="#[2a]">&gt;&gt;</a>&nbsp;&nbsp;&nbsp;main
</UL>

<P><STRONG><a name="[237]"></a>BoardGetUniqueId</STRONG> (Thumb, 94 bytes, Stack size 0 bytes, board.o(.text), UNUSED)

<P><STRONG><a name="[a3]"></a>BoardBatteryMeasureVolage</STRONG> (Thumb, 120 bytes, Stack size 40 bytes, board.o(.text))
<BR><BR>[Stack]<UL><LI>Max Depth = 140<LI>Call Chain = BoardBatteryMeasureVolage &rArr; AdcReadChannel &rArr; AdcMcuReadChannel &rArr; HAL_ADC_Start &rArr; ADC_Enable &rArr; ADC_DelayMicroSecond &rArr; __aeabi_uidivmod
</UL>
<BR>[Calls]<UL><LI><a href="#[a5]">&gt;&gt;</a>&nbsp;&nbsp;&nbsp;__aeabi_ui2f
<LI><a href="#[a6]">&gt;&gt;</a>&nbsp;&nbsp;&nbsp;__aeabi_fmul
<LI><a href="#[a7]">&gt;&gt;</a>&nbsp;&nbsp;&nbsp;__aeabi_fdiv
<LI><a href="#[a8]">&gt;&gt;</a>&nbsp;&nbsp;&nbsp;__aeabi_f2uiz
<LI><a href="#[a4]">&gt;&gt;</a>&nbsp;&nbsp;&nbsp;AdcReadChannel
</UL>
<BR>[Called By]<UL><LI><a href="#[2f]">&gt;&gt;</a>&nbsp;&nbsp;&nbsp;BoardGetBatteryLevel
</UL>

<P><STRONG><a name="[238]"></a>BoardGetBatteryVoltage</STRONG> (Thumb, 6 bytes, Stack size 0 bytes, board.o(.text), UNUSED)

<P><STRONG><a name="[2f]"></a>BoardGetBatteryLevel</STRONG> (Thumb, 118 bytes, Stack size 8 bytes, board.o(.text))
<BR><BR>[Stack]<UL><LI>Max Depth = 148<LI>Call Chain = BoardGetBatteryLevel &rArr; BoardBatteryMeasureVolage &rArr; AdcReadChannel &rArr; AdcMcuReadChannel &rArr; HAL_ADC_Start &rArr; ADC_Enable &rArr; ADC_DelayMicroSecond &rArr; __aeabi_uidivmod
</UL>
<BR>[Calls]<UL><LI><a href="#[a3]">&gt;&gt;</a>&nbsp;&nbsp;&nbsp;BoardBatteryMeasureVolage
<LI><a href="#[8a]">&gt;&gt;</a>&nbsp;&nbsp;&nbsp;GetBoardPowerSource
<LI><a href="#[a9]">&gt;&gt;</a>&nbsp;&nbsp;&nbsp;__aeabi_idivmod
</UL>
<BR>[Address Reference Count : 1]<UL><LI> main.o(.text)
</UL>
<P><STRONG><a name="[a]"></a>SysTick_Handler</STRONG> (Thumb, 12 bytes, Stack size 8 bytes, board.o(.text))
<BR><BR>[Stack]<UL><LI>Max Depth = 16<LI>Call Chain = SysTick_Handler &rArr; HAL_SYSTICK_IRQHandler
</UL>
<BR>[Calls]<UL><LI><a href="#[ad]">&gt;&gt;</a>&nbsp;&nbsp;&nbsp;HAL_SYSTICK_IRQHandler
<LI><a href="#[ac]">&gt;&gt;</a>&nbsp;&nbsp;&nbsp;HAL_IncTick
</UL>
<BR>[Address Reference Count : 1]<UL><LI> startup_stm32l073xx.o(RESET)
</UL>
<P><STRONG><a name="[239]"></a>fputc</STRONG> (Thumb, 2 bytes, Stack size 0 bytes, board.o(.text), UNUSED)

<P><STRONG><a name="[ae]"></a>DelayMsMcu</STRONG> (Thumb, 12 bytes, Stack size 8 bytes, delay-board.o(.text))
<BR><BR>[Stack]<UL><LI>Max Depth = 24<LI>Call Chain = DelayMsMcu &rArr; HAL_Delay
</UL>
<BR>[Calls]<UL><LI><a href="#[af]">&gt;&gt;</a>&nbsp;&nbsp;&nbsp;HAL_Delay
</UL>
<BR>[Called By]<UL><LI><a href="#[100]">&gt;&gt;</a>&nbsp;&nbsp;&nbsp;DelayMs
</UL>

<P><STRONG><a name="[b0]"></a>GpioMcuWrite</STRONG> (Thumb, 52 bytes, Stack size 16 bytes, gpio-board.o(.text))
<BR><BR>[Stack]<UL><LI>Max Depth = 16<LI>Call Chain = GpioMcuWrite
</UL>
<BR>[Calls]<UL><LI><a href="#[b1]">&gt;&gt;</a>&nbsp;&nbsp;&nbsp;HAL_GPIO_WritePin
</UL>
<BR>[Called By]<UL><LI><a href="#[107]">&gt;&gt;</a>&nbsp;&nbsp;&nbsp;GpioWrite
<LI><a href="#[b2]">&gt;&gt;</a>&nbsp;&nbsp;&nbsp;GpioMcuInit
</UL>

<P><STRONG><a name="[b2]"></a>GpioMcuInit</STRONG> (Thumb, 320 bytes, Stack size 48 bytes, gpio-board.o(.text))
<BR><BR>[Stack]<UL><LI>Max Depth = 64<LI>Call Chain = GpioMcuInit &rArr; HAL_GPIO_Init
</UL>
<BR>[Calls]<UL><LI><a href="#[b3]">&gt;&gt;</a>&nbsp;&nbsp;&nbsp;HAL_GPIO_Init
<LI><a href="#[b0]">&gt;&gt;</a>&nbsp;&nbsp;&nbsp;GpioMcuWrite
</UL>
<BR>[Called By]<UL><LI><a href="#[7f]">&gt;&gt;</a>&nbsp;&nbsp;&nbsp;GpioInit
</UL>

<P><STRONG><a name="[b4]"></a>GpioMcuSetInterrupt</STRONG> (Thumb, 322 bytes, Stack size 48 bytes, gpio-board.o(.text))
<BR><BR>[Stack]<UL><LI>Max Depth = 72<LI>Call Chain = GpioMcuSetInterrupt &rArr; HAL_NVIC_SetPriority &rArr; NVIC_SetPriority
</UL>
<BR>[Calls]<UL><LI><a href="#[b5]">&gt;&gt;</a>&nbsp;&nbsp;&nbsp;HAL_NVIC_EnableIRQ
<LI><a href="#[b3]">&gt;&gt;</a>&nbsp;&nbsp;&nbsp;HAL_GPIO_Init
<LI><a href="#[96]">&gt;&gt;</a>&nbsp;&nbsp;&nbsp;HAL_NVIC_SetPriority
<LI><a href="#[6c]">&gt;&gt;</a>&nbsp;&nbsp;&nbsp;__ARM_common_switch8
</UL>
<BR>[Called By]<UL><LI><a href="#[fd]">&gt;&gt;</a>&nbsp;&nbsp;&nbsp;GpioSetInterrupt
</UL>

<P><STRONG><a name="[b6]"></a>GpioMcuRemoveInterrupt</STRONG> (Thumb, 48 bytes, Stack size 32 bytes, gpio-board.o(.text), UNUSED)
<BR><BR>[Calls]<UL><LI><a href="#[b3]">&gt;&gt;</a>&nbsp;&nbsp;&nbsp;HAL_GPIO_Init
</UL>
<BR>[Called By]<UL><LI><a href="#[207]">&gt;&gt;</a>&nbsp;&nbsp;&nbsp;GpioRemoveInterrupt
</UL>

<P><STRONG><a name="[b7]"></a>GpioMcuToggle</STRONG> (Thumb, 48 bytes, Stack size 8 bytes, gpio-board.o(.text), UNUSED)
<BR><BR>[Calls]<UL><LI><a href="#[b8]">&gt;&gt;</a>&nbsp;&nbsp;&nbsp;HAL_GPIO_TogglePin
</UL>
<BR>[Called By]<UL><LI><a href="#[208]">&gt;&gt;</a>&nbsp;&nbsp;&nbsp;GpioToggle
</UL>

<P><STRONG><a name="[b9]"></a>GpioMcuRead</STRONG> (Thumb, 44 bytes, Stack size 8 bytes, gpio-board.o(.text), UNUSED)
<BR><BR>[Calls]<UL><LI><a href="#[ba]">&gt;&gt;</a>&nbsp;&nbsp;&nbsp;HAL_GPIO_ReadPin
</UL>
<BR>[Called By]<UL><LI><a href="#[209]">&gt;&gt;</a>&nbsp;&nbsp;&nbsp;GpioRead
</UL>

<P><STRONG><a name="[10]"></a>EXTI0_1_IRQHandler</STRONG> (Thumb, 20 bytes, Stack size 8 bytes, gpio-board.o(.text))
<BR><BR>[Stack]<UL><LI>Max Depth = 224<LI>Call Chain = EXTI0_1_IRQHandler &rArr; RtcRecoverMcuStatus &rArr; BoardInitMcu &rArr; SystemClockConfig &rArr; HAL_RCC_OscConfig &rArr; HAL_InitTick &rArr; HAL_SYSTICK_Config &rArr; NVIC_SetPriority
</UL>
<BR>[Calls]<UL><LI><a href="#[bb]">&gt;&gt;</a>&nbsp;&nbsp;&nbsp;RtcRecoverMcuStatus
<LI><a href="#[bc]">&gt;&gt;</a>&nbsp;&nbsp;&nbsp;HAL_GPIO_EXTI_IRQHandler
</UL>
<BR>[Address Reference Count : 1]<UL><LI> startup_stm32l073xx.o(RESET)
</UL>
<P><STRONG><a name="[11]"></a>EXTI2_3_IRQHandler</STRONG> (Thumb, 20 bytes, Stack size 8 bytes, gpio-board.o(.text))
<BR><BR>[Stack]<UL><LI>Max Depth = 224<LI>Call Chain = EXTI2_3_IRQHandler &rArr; RtcRecoverMcuStatus &rArr; BoardInitMcu &rArr; SystemClockConfig &rArr; HAL_RCC_OscConfig &rArr; HAL_InitTick &rArr; HAL_SYSTICK_Config &rArr; NVIC_SetPriority
</UL>
<BR>[Calls]<UL><LI><a href="#[bb]">&gt;&gt;</a>&nbsp;&nbsp;&nbsp;RtcRecoverMcuStatus
<LI><a href="#[bc]">&gt;&gt;</a>&nbsp;&nbsp;&nbsp;HAL_GPIO_EXTI_IRQHandler
</UL>
<BR>[Address Reference Count : 1]<UL><LI> startup_stm32l073xx.o(RESET)
</UL>
<P><STRONG><a name="[12]"></a>EXTI4_15_IRQHandler</STRONG> (Thumb, 96 bytes, Stack size 8 bytes, gpio-board.o(.text))
<BR><BR>[Stack]<UL><LI>Max Depth = 224<LI>Call Chain = EXTI4_15_IRQHandler &rArr; RtcRecoverMcuStatus &rArr; BoardInitMcu &rArr; SystemClockConfig &rArr; HAL_RCC_OscConfig &rArr; HAL_InitTick &rArr; HAL_SYSTICK_Config &rArr; NVIC_SetPriority
</UL>
<BR>[Calls]<UL><LI><a href="#[bb]">&gt;&gt;</a>&nbsp;&nbsp;&nbsp;RtcRecoverMcuStatus
<LI><a href="#[bc]">&gt;&gt;</a>&nbsp;&nbsp;&nbsp;HAL_GPIO_EXTI_IRQHandler
</UL>
<BR>[Address Reference Count : 1]<UL><LI> startup_stm32l073xx.o(RESET)
</UL>
<P><STRONG><a name="[12b]"></a>HAL_GPIO_EXTI_Callback</STRONG> (Thumb, 42 bytes, Stack size 16 bytes, gpio-board.o(.text))
<BR><BR>[Stack]<UL><LI>Max Depth = 16<LI>Call Chain = HAL_GPIO_EXTI_Callback
</UL>
<BR>[Called By]<UL><LI><a href="#[bc]">&gt;&gt;</a>&nbsp;&nbsp;&nbsp;HAL_GPIO_EXTI_IRQHandler
</UL>

<P><STRONG><a name="[98]"></a>RtcInit</STRONG> (Thumb, 146 bytes, Stack size 32 bytes, rtc-board.o(.text))
<BR><BR>[Stack]<UL><LI>Max Depth = 72<LI>Call Chain = RtcInit &rArr; HAL_RTC_SetTime &rArr; HAL_RTC_WaitForSynchro
</UL>
<BR>[Calls]<UL><LI><a href="#[bf]">&gt;&gt;</a>&nbsp;&nbsp;&nbsp;HAL_RTC_SetTime
<LI><a href="#[be]">&gt;&gt;</a>&nbsp;&nbsp;&nbsp;HAL_RTC_SetDate
<LI><a href="#[bd]">&gt;&gt;</a>&nbsp;&nbsp;&nbsp;HAL_RTC_Init
<LI><a href="#[c0]">&gt;&gt;</a>&nbsp;&nbsp;&nbsp;HAL_RTCEx_EnableBypassShadow
<LI><a href="#[b5]">&gt;&gt;</a>&nbsp;&nbsp;&nbsp;HAL_NVIC_EnableIRQ
<LI><a href="#[96]">&gt;&gt;</a>&nbsp;&nbsp;&nbsp;HAL_NVIC_SetPriority
</UL>
<BR>[Called By]<UL><LI><a href="#[74]">&gt;&gt;</a>&nbsp;&nbsp;&nbsp;BoardInitMcu
</UL>

<P><STRONG><a name="[cf]"></a>RtcSetTimeout</STRONG> (Thumb, 18 bytes, Stack size 16 bytes, rtc-board.o(.text))
<BR><BR>[Stack]<UL><LI>Max Depth = 252<LI>Call Chain = RtcSetTimeout &rArr; RtcStartWakeUpAlarm &rArr; RtcComputeTimerTimeToAlarmTick &rArr; __aeabi_idivmod &rArr; __aeabi_uidivmod
</UL>
<BR>[Calls]<UL><LI><a href="#[cc]">&gt;&gt;</a>&nbsp;&nbsp;&nbsp;RtcStartWakeUpAlarm
<LI><a href="#[c1]">&gt;&gt;</a>&nbsp;&nbsp;&nbsp;RtcConvertMsToTick
</UL>
<BR>[Called By]<UL><LI><a href="#[20a]">&gt;&gt;</a>&nbsp;&nbsp;&nbsp;TimerSetTimeout
</UL>

<P><STRONG><a name="[20b]"></a>RtcGetAdjustedTimeoutValue</STRONG> (Thumb, 62 bytes, Stack size 0 bytes, rtc-board.o(.text))
<BR><BR>[Called By]<UL><LI><a href="#[20a]">&gt;&gt;</a>&nbsp;&nbsp;&nbsp;TimerSetTimeout
</UL>

<P><STRONG><a name="[d2]"></a>RtcGetTimerValue</STRONG> (Thumb, 26 bytes, Stack size 8 bytes, rtc-board.o(.text))
<BR><BR>[Stack]<UL><LI>Max Depth = 192<LI>Call Chain = RtcGetTimerValue &rArr; RtcConvertTickToMs &rArr; round &rArr; __aeabi_dsub &rArr; __aeabi_dadd &rArr; _double_epilogue &rArr; __aeabi_llsr
</UL>
<BR>[Calls]<UL><LI><a href="#[d1]">&gt;&gt;</a>&nbsp;&nbsp;&nbsp;RtcConvertCalendarTickToTimerTime
<LI><a href="#[d0]">&gt;&gt;</a>&nbsp;&nbsp;&nbsp;RtcConvertTickToMs
</UL>
<BR>[Called By]<UL><LI><a href="#[d4]">&gt;&gt;</a>&nbsp;&nbsp;&nbsp;RtcComputeFutureEventTime
<LI><a href="#[191]">&gt;&gt;</a>&nbsp;&nbsp;&nbsp;TimerGetCurrentTime
</UL>

<P><STRONG><a name="[d3]"></a>RtcGetElapsedAlarmTime</STRONG> (Thumb, 46 bytes, Stack size 16 bytes, rtc-board.o(.text))
<BR><BR>[Stack]<UL><LI>Max Depth = 200<LI>Call Chain = RtcGetElapsedAlarmTime &rArr; RtcConvertTickToMs &rArr; round &rArr; __aeabi_dsub &rArr; __aeabi_dadd &rArr; _double_epilogue &rArr; __aeabi_llsr
</UL>
<BR>[Calls]<UL><LI><a href="#[d1]">&gt;&gt;</a>&nbsp;&nbsp;&nbsp;RtcConvertCalendarTickToTimerTime
<LI><a href="#[d0]">&gt;&gt;</a>&nbsp;&nbsp;&nbsp;RtcConvertTickToMs
</UL>
<BR>[Called By]<UL><LI><a href="#[20d]">&gt;&gt;</a>&nbsp;&nbsp;&nbsp;TimerGetValue
</UL>

<P><STRONG><a name="[d4]"></a>RtcComputeFutureEventTime</STRONG> (Thumb, 12 bytes, Stack size 8 bytes, rtc-board.o(.text), UNUSED)
<BR><BR>[Calls]<UL><LI><a href="#[d2]">&gt;&gt;</a>&nbsp;&nbsp;&nbsp;RtcGetTimerValue
</UL>
<BR>[Called By]<UL><LI><a href="#[211]">&gt;&gt;</a>&nbsp;&nbsp;&nbsp;TimerGetFutureTime
</UL>

<P><STRONG><a name="[d5]"></a>RtcComputeElapsedTime</STRONG> (Thumb, 46 bytes, Stack size 16 bytes, rtc-board.o(.text))
<BR><BR>[Stack]<UL><LI>Max Depth = 200<LI>Call Chain = RtcComputeElapsedTime &rArr; RtcConvertTickToMs &rArr; round &rArr; __aeabi_dsub &rArr; __aeabi_dadd &rArr; _double_epilogue &rArr; __aeabi_llsr
</UL>
<BR>[Calls]<UL><LI><a href="#[d1]">&gt;&gt;</a>&nbsp;&nbsp;&nbsp;RtcConvertCalendarTickToTimerTime
<LI><a href="#[d0]">&gt;&gt;</a>&nbsp;&nbsp;&nbsp;RtcConvertTickToMs
</UL>
<BR>[Called By]<UL><LI><a href="#[1a5]">&gt;&gt;</a>&nbsp;&nbsp;&nbsp;TimerGetElapsedTime
</UL>

<P><STRONG><a name="[bb]"></a>RtcRecoverMcuStatus</STRONG> (Thumb, 68 bytes, Stack size 8 bytes, rtc-board.o(.text))
<BR><BR>[Stack]<UL><LI>Max Depth = 216<LI>Call Chain = RtcRecoverMcuStatus &rArr; BoardInitMcu &rArr; SystemClockConfig &rArr; HAL_RCC_OscConfig &rArr; HAL_InitTick &rArr; HAL_SYSTICK_Config &rArr; NVIC_SetPriority
</UL>
<BR>[Calls]<UL><LI><a href="#[74]">&gt;&gt;</a>&nbsp;&nbsp;&nbsp;BoardInitMcu
</UL>
<BR>[Called By]<UL><LI><a href="#[d]">&gt;&gt;</a>&nbsp;&nbsp;&nbsp;RTC_IRQHandler
<LI><a href="#[d6]">&gt;&gt;</a>&nbsp;&nbsp;&nbsp;BlockLowPowerDuringTask
<LI><a href="#[12]">&gt;&gt;</a>&nbsp;&nbsp;&nbsp;EXTI4_15_IRQHandler
<LI><a href="#[11]">&gt;&gt;</a>&nbsp;&nbsp;&nbsp;EXTI2_3_IRQHandler
<LI><a href="#[10]">&gt;&gt;</a>&nbsp;&nbsp;&nbsp;EXTI0_1_IRQHandler
</UL>

<P><STRONG><a name="[d6]"></a>BlockLowPowerDuringTask</STRONG> (Thumb, 18 bytes, Stack size 8 bytes, rtc-board.o(.text))
<BR><BR>[Stack]<UL><LI>Max Depth = 224<LI>Call Chain = BlockLowPowerDuringTask &rArr; RtcRecoverMcuStatus &rArr; BoardInitMcu &rArr; SystemClockConfig &rArr; HAL_RCC_OscConfig &rArr; HAL_InitTick &rArr; HAL_SYSTICK_Config &rArr; NVIC_SetPriority
</UL>
<BR>[Calls]<UL><LI><a href="#[bb]">&gt;&gt;</a>&nbsp;&nbsp;&nbsp;RtcRecoverMcuStatus
</UL>
<BR>[Called By]<UL><LI><a href="#[d]">&gt;&gt;</a>&nbsp;&nbsp;&nbsp;RTC_IRQHandler
</UL>

<P><STRONG><a name="[d7]"></a>RtcEnterLowPowerStopMode</STRONG> (Thumb, 56 bytes, Stack size 8 bytes, rtc-board.o(.text), UNUSED)
<BR><BR>[Calls]<UL><LI><a href="#[db]">&gt;&gt;</a>&nbsp;&nbsp;&nbsp;HAL_PWR_EnterSTOPMode
<LI><a href="#[d8]">&gt;&gt;</a>&nbsp;&nbsp;&nbsp;HAL_PWR_DisablePVD
<LI><a href="#[d9]">&gt;&gt;</a>&nbsp;&nbsp;&nbsp;HAL_PWREx_EnableUltraLowPower
<LI><a href="#[da]">&gt;&gt;</a>&nbsp;&nbsp;&nbsp;HAL_PWREx_EnableFastWakeUp
<LI><a href="#[9f]">&gt;&gt;</a>&nbsp;&nbsp;&nbsp;BoardDeInitMcu
</UL>
<BR>[Called By]<UL><LI><a href="#[ab]">&gt;&gt;</a>&nbsp;&nbsp;&nbsp;TimerLowPowerHandler
</UL>

<P><STRONG><a name="[de]"></a>RtcConvertTimerTimeToCalendarTick</STRONG> (Thumb, 276 bytes, Stack size 72 bytes, rtc-board.o(.text), UNUSED)
<BR><BR>[Calls]<UL><LI><a href="#[df]">&gt;&gt;</a>&nbsp;&nbsp;&nbsp;__aeabi_memclr4
<LI><a href="#[c8]">&gt;&gt;</a>&nbsp;&nbsp;&nbsp;__aeabi_memcpy4
</UL>

<P><STRONG><a name="[d]"></a>RTC_IRQHandler</STRONG> (Thumb, 38 bytes, Stack size 8 bytes, rtc-board.o(.text))
<BR><BR>[Stack]<UL><LI>Max Depth = 296<LI>Call Chain = RTC_IRQHandler &rArr; RtcComputeWakeUpTime &rArr; RtcConvertTickToMs &rArr; round &rArr; __aeabi_dsub &rArr; __aeabi_dadd &rArr; _double_epilogue &rArr; __aeabi_llsr
</UL>
<BR>[Calls]<UL><LI><a href="#[e1]">&gt;&gt;</a>&nbsp;&nbsp;&nbsp;TimerIrqHandler
<LI><a href="#[cd]">&gt;&gt;</a>&nbsp;&nbsp;&nbsp;HAL_RTC_DeactivateAlarm
<LI><a href="#[e0]">&gt;&gt;</a>&nbsp;&nbsp;&nbsp;HAL_RTC_AlarmIRQHandler
<LI><a href="#[d6]">&gt;&gt;</a>&nbsp;&nbsp;&nbsp;BlockLowPowerDuringTask
<LI><a href="#[dc]">&gt;&gt;</a>&nbsp;&nbsp;&nbsp;RtcComputeWakeUpTime
<LI><a href="#[bb]">&gt;&gt;</a>&nbsp;&nbsp;&nbsp;RtcRecoverMcuStatus
</UL>
<BR>[Address Reference Count : 1]<UL><LI> startup_stm32l073xx.o(RESET)
</UL>
<P><STRONG><a name="[213]"></a>RtcProcess</STRONG> (Thumb, 2 bytes, Stack size 0 bytes, rtc-board.o(.text), UNUSED)
<BR><BR>[Called By]<UL><LI><a href="#[212]">&gt;&gt;</a>&nbsp;&nbsp;&nbsp;TimerProcess
</UL>

<P><STRONG><a name="[e3]"></a>SpiFrequency</STRONG> (Thumb, 84 bytes, Stack size 16 bytes, spi-board.o(.text))
<BR><BR>[Stack]<UL><LI>Max Depth = 16<LI>Call Chain = SpiFrequency
</UL>
<BR>[Called By]<UL><LI><a href="#[9b]">&gt;&gt;</a>&nbsp;&nbsp;&nbsp;SpiInit
</UL>

<P><STRONG><a name="[e2]"></a>SpiFormat</STRONG> (Thumb, 166 bytes, Stack size 20 bytes, spi-board.o(.text))
<BR><BR>[Stack]<UL><LI>Max Depth = 20<LI>Call Chain = SpiFormat
</UL>
<BR>[Called By]<UL><LI><a href="#[9b]">&gt;&gt;</a>&nbsp;&nbsp;&nbsp;SpiInit
</UL>

<P><STRONG><a name="[9b]"></a>SpiInit</STRONG> (Thumb, 376 bytes, Stack size 32 bytes, spi-board.o(.text))
<BR><BR>[Stack]<UL><LI>Max Depth = 144<LI>Call Chain = SpiInit &rArr; GpioInit &rArr; GpioMcuInit &rArr; HAL_GPIO_Init
</UL>
<BR>[Calls]<UL><LI><a href="#[e4]">&gt;&gt;</a>&nbsp;&nbsp;&nbsp;HAL_SPI_Init
<LI><a href="#[e2]">&gt;&gt;</a>&nbsp;&nbsp;&nbsp;SpiFormat
<LI><a href="#[e3]">&gt;&gt;</a>&nbsp;&nbsp;&nbsp;SpiFrequency
<LI><a href="#[e5]">&gt;&gt;</a>&nbsp;&nbsp;&nbsp;BoardEnableIrq
<LI><a href="#[9e]">&gt;&gt;</a>&nbsp;&nbsp;&nbsp;BoardDisableIrq
<LI><a href="#[7f]">&gt;&gt;</a>&nbsp;&nbsp;&nbsp;GpioInit
</UL>
<BR>[Called By]<UL><LI><a href="#[74]">&gt;&gt;</a>&nbsp;&nbsp;&nbsp;BoardInitMcu
</UL>

<P><STRONG><a name="[a1]"></a>SpiDeInit</STRONG> (Thumb, 106 bytes, Stack size 16 bytes, spi-board.o(.text), UNUSED)
<BR><BR>[Calls]<UL><LI><a href="#[e6]">&gt;&gt;</a>&nbsp;&nbsp;&nbsp;HAL_SPI_DeInit
<LI><a href="#[7f]">&gt;&gt;</a>&nbsp;&nbsp;&nbsp;GpioInit
</UL>
<BR>[Called By]<UL><LI><a href="#[9f]">&gt;&gt;</a>&nbsp;&nbsp;&nbsp;BoardDeInitMcu
</UL>

<P><STRONG><a name="[e7]"></a>SpiInOut</STRONG> (Thumb, 148 bytes, Stack size 16 bytes, spi-board.o(.text))
<BR><BR>[Stack]<UL><LI>Max Depth = 16<LI>Call Chain = SpiInOut
</UL>
<BR>[Calls]<UL><LI><a href="#[e5]">&gt;&gt;</a>&nbsp;&nbsp;&nbsp;BoardEnableIrq
<LI><a href="#[9e]">&gt;&gt;</a>&nbsp;&nbsp;&nbsp;BoardDisableIrq
</UL>
<BR>[Called By]<UL><LI><a href="#[64]">&gt;&gt;</a>&nbsp;&nbsp;&nbsp;SX1276WriteBuffer
<LI><a href="#[65]">&gt;&gt;</a>&nbsp;&nbsp;&nbsp;SX1276ReadBuffer
</UL>

<P><STRONG><a name="[e8]"></a>UartMcuInit</STRONG> (Thumb, 102 bytes, Stack size 32 bytes, uart-board.o(.text), UNUSED)
<BR><BR>[Calls]<UL><LI><a href="#[7f]">&gt;&gt;</a>&nbsp;&nbsp;&nbsp;GpioInit
</UL>
<BR>[Called By]<UL><LI><a href="#[214]">&gt;&gt;</a>&nbsp;&nbsp;&nbsp;UartInit
</UL>

<P><STRONG><a name="[e9]"></a>UartMcuConfig</STRONG> (Thumb, 298 bytes, Stack size 40 bytes, uart-board.o(.text), UNUSED)
<BR><BR>[Calls]<UL><LI><a href="#[eb]">&gt;&gt;</a>&nbsp;&nbsp;&nbsp;HAL_UART_Receive_IT
<LI><a href="#[ea]">&gt;&gt;</a>&nbsp;&nbsp;&nbsp;HAL_UART_Init
<LI><a href="#[b5]">&gt;&gt;</a>&nbsp;&nbsp;&nbsp;HAL_NVIC_EnableIRQ
<LI><a href="#[96]">&gt;&gt;</a>&nbsp;&nbsp;&nbsp;HAL_NVIC_SetPriority
</UL>
<BR>[Called By]<UL><LI><a href="#[215]">&gt;&gt;</a>&nbsp;&nbsp;&nbsp;UartConfig
</UL>

<P><STRONG><a name="[ec]"></a>UartMcuDeInit</STRONG> (Thumb, 96 bytes, Stack size 16 bytes, uart-board.o(.text), UNUSED)
<BR><BR>[Calls]<UL><LI><a href="#[7f]">&gt;&gt;</a>&nbsp;&nbsp;&nbsp;GpioInit
</UL>
<BR>[Called By]<UL><LI><a href="#[216]">&gt;&gt;</a>&nbsp;&nbsp;&nbsp;UartDeInit
</UL>

<P><STRONG><a name="[ed]"></a>UartMcuPutChar</STRONG> (Thumb, 78 bytes, Stack size 16 bytes, uart-board.o(.text), UNUSED)
<BR><BR>[Calls]<UL><LI><a href="#[ee]">&gt;&gt;</a>&nbsp;&nbsp;&nbsp;IsFifoFull
<LI><a href="#[ef]">&gt;&gt;</a>&nbsp;&nbsp;&nbsp;FifoPush
<LI><a href="#[e5]">&gt;&gt;</a>&nbsp;&nbsp;&nbsp;BoardEnableIrq
<LI><a href="#[9e]">&gt;&gt;</a>&nbsp;&nbsp;&nbsp;BoardDisableIrq
</UL>
<BR>[Called By]<UL><LI><a href="#[f4]">&gt;&gt;</a>&nbsp;&nbsp;&nbsp;UartPutChar
</UL>

<P><STRONG><a name="[f0]"></a>UartMcuGetChar</STRONG> (Thumb, 56 bytes, Stack size 16 bytes, uart-board.o(.text), UNUSED)
<BR><BR>[Calls]<UL><LI><a href="#[f1]">&gt;&gt;</a>&nbsp;&nbsp;&nbsp;IsFifoEmpty
<LI><a href="#[f2]">&gt;&gt;</a>&nbsp;&nbsp;&nbsp;FifoPop
<LI><a href="#[e5]">&gt;&gt;</a>&nbsp;&nbsp;&nbsp;BoardEnableIrq
<LI><a href="#[9e]">&gt;&gt;</a>&nbsp;&nbsp;&nbsp;BoardDisableIrq
</UL>
<BR>[Called By]<UL><LI><a href="#[f6]">&gt;&gt;</a>&nbsp;&nbsp;&nbsp;UartGetChar
</UL>

<P><STRONG><a name="[f3]"></a>UartMcuPutBuffer</STRONG> (Thumb, 60 bytes, Stack size 32 bytes, uart-board.o(.text), UNUSED)
<BR><BR>[Calls]<UL><LI><a href="#[f4]">&gt;&gt;</a>&nbsp;&nbsp;&nbsp;UartPutChar
</UL>
<BR>[Called By]<UL><LI><a href="#[217]">&gt;&gt;</a>&nbsp;&nbsp;&nbsp;UartPutBuffer
</UL>

<P><STRONG><a name="[f5]"></a>UartMcuGetBuffer</STRONG> (Thumb, 56 bytes, Stack size 40 bytes, uart-board.o(.text), UNUSED)
<BR><BR>[Calls]<UL><LI><a href="#[f6]">&gt;&gt;</a>&nbsp;&nbsp;&nbsp;UartGetChar
</UL>
<BR>[Called By]<UL><LI><a href="#[218]">&gt;&gt;</a>&nbsp;&nbsp;&nbsp;UartGetBuffer
</UL>

<P><STRONG><a name="[f7]"></a>HAL_UART_TxCpltCallback</STRONG> (Thumb, 54 bytes, Stack size 8 bytes, uart-board.o(.text))
<BR><BR>[Stack]<UL><LI>Max Depth = 68<LI>Call Chain = HAL_UART_TxCpltCallback &rArr; FifoPop &rArr; FifoNext &rArr; __aeabi_idivmod &rArr; __aeabi_uidivmod
</UL>
<BR>[Calls]<UL><LI><a href="#[f1]">&gt;&gt;</a>&nbsp;&nbsp;&nbsp;IsFifoEmpty
<LI><a href="#[f8]">&gt;&gt;</a>&nbsp;&nbsp;&nbsp;HAL_UART_Transmit_IT
<LI><a href="#[f2]">&gt;&gt;</a>&nbsp;&nbsp;&nbsp;FifoPop
</UL>
<BR>[Called By]<UL><LI><a href="#[183]">&gt;&gt;</a>&nbsp;&nbsp;&nbsp;UART_EndTransmit_IT
<LI><a href="#[41]">&gt;&gt;</a>&nbsp;&nbsp;&nbsp;UART_DMATransmitCplt
</UL>

<P><STRONG><a name="[f9]"></a>HAL_UART_RxCpltCallback</STRONG> (Thumb, 60 bytes, Stack size 8 bytes, uart-board.o(.text))
<BR><BR>[Stack]<UL><LI>Max Depth = 68<LI>Call Chain = HAL_UART_RxCpltCallback &rArr; FifoPush &rArr; FifoNext &rArr; __aeabi_idivmod &rArr; __aeabi_uidivmod
</UL>
<BR>[Calls]<UL><LI><a href="#[ee]">&gt;&gt;</a>&nbsp;&nbsp;&nbsp;IsFifoFull
<LI><a href="#[eb]">&gt;&gt;</a>&nbsp;&nbsp;&nbsp;HAL_UART_Receive_IT
<LI><a href="#[ef]">&gt;&gt;</a>&nbsp;&nbsp;&nbsp;FifoPush
</UL>
<BR>[Called By]<UL><LI><a href="#[184]">&gt;&gt;</a>&nbsp;&nbsp;&nbsp;UART_Receive_IT
<LI><a href="#[44]">&gt;&gt;</a>&nbsp;&nbsp;&nbsp;UART_DMAReceiveCplt
</UL>

<P><STRONG><a name="[fa]"></a>HAL_UART_ErrorCallback</STRONG> (Thumb, 16 bytes, Stack size 8 bytes, uart-board.o(.text))
<BR><BR>[Stack]<UL><LI>Max Depth = 16<LI>Call Chain = HAL_UART_ErrorCallback &rArr; HAL_UART_Receive_IT
</UL>
<BR>[Calls]<UL><LI><a href="#[eb]">&gt;&gt;</a>&nbsp;&nbsp;&nbsp;HAL_UART_Receive_IT
</UL>
<BR>[Called By]<UL><LI><a href="#[fb]">&gt;&gt;</a>&nbsp;&nbsp;&nbsp;HAL_UART_IRQHandler
<LI><a href="#[43]">&gt;&gt;</a>&nbsp;&nbsp;&nbsp;UART_DMAError
</UL>

<P><STRONG><a name="[26]"></a>USART2_IRQHandler</STRONG> (Thumb, 10 bytes, Stack size 8 bytes, uart-board.o(.text))
<BR><BR>[Stack]<UL><LI>Max Depth = 100<LI>Call Chain = USART2_IRQHandler &rArr; HAL_UART_IRQHandler &rArr; UART_Receive_IT &rArr; HAL_UART_RxCpltCallback &rArr; FifoPush &rArr; FifoNext &rArr; __aeabi_idivmod &rArr; __aeabi_uidivmod
</UL>
<BR>[Calls]<UL><LI><a href="#[fb]">&gt;&gt;</a>&nbsp;&nbsp;&nbsp;HAL_UART_IRQHandler
</UL>
<BR>[Address Reference Count : 1]<UL><LI> startup_stm32l073xx.o(RESET)
</UL>
<P><STRONG><a name="[25]"></a>USART1_IRQHandler</STRONG> (Thumb, 10 bytes, Stack size 8 bytes, uart-board.o(.text))
<BR><BR>[Stack]<UL><LI>Max Depth = 100<LI>Call Chain = USART1_IRQHandler &rArr; HAL_UART_IRQHandler &rArr; UART_Receive_IT &rArr; HAL_UART_RxCpltCallback &rArr; FifoPush &rArr; FifoNext &rArr; __aeabi_idivmod &rArr; __aeabi_uidivmod
</UL>
<BR>[Calls]<UL><LI><a href="#[fb]">&gt;&gt;</a>&nbsp;&nbsp;&nbsp;HAL_UART_IRQHandler
</UL>
<BR>[Address Reference Count : 1]<UL><LI> startup_stm32l073xx.o(RESET)
</UL>
<P><STRONG><a name="[9c]"></a>SX1276IoInit</STRONG> (Thumb, 154 bytes, Stack size 16 bytes, sx1276mb1las-board.o(.text))
<BR><BR>[Stack]<UL><LI>Max Depth = 128<LI>Call Chain = SX1276IoInit &rArr; GpioInit &rArr; GpioMcuInit &rArr; HAL_GPIO_Init
</UL>
<BR>[Calls]<UL><LI><a href="#[7f]">&gt;&gt;</a>&nbsp;&nbsp;&nbsp;GpioInit
</UL>
<BR>[Called By]<UL><LI><a href="#[74]">&gt;&gt;</a>&nbsp;&nbsp;&nbsp;BoardInitMcu
</UL>

<P><STRONG><a name="[fc]"></a>SX1276IoIrqInit</STRONG> (Thumb, 90 bytes, Stack size 8 bytes, sx1276mb1las-board.o(.text))
<BR><BR>[Stack]<UL><LI>Max Depth = 104<LI>Call Chain = SX1276IoIrqInit &rArr; GpioSetInterrupt &rArr; GpioMcuSetInterrupt &rArr; HAL_NVIC_SetPriority &rArr; NVIC_SetPriority
</UL>
<BR>[Calls]<UL><LI><a href="#[fd]">&gt;&gt;</a>&nbsp;&nbsp;&nbsp;GpioSetInterrupt
</UL>
<BR>[Called By]<UL><LI><a href="#[51]">&gt;&gt;</a>&nbsp;&nbsp;&nbsp;SX1276Init
</UL>

<P><STRONG><a name="[a2]"></a>SX1276IoDeInit</STRONG> (Thumb, 144 bytes, Stack size 16 bytes, sx1276mb1las-board.o(.text), UNUSED)
<BR><BR>[Calls]<UL><LI><a href="#[7f]">&gt;&gt;</a>&nbsp;&nbsp;&nbsp;GpioInit
</UL>
<BR>[Called By]<UL><LI><a href="#[9f]">&gt;&gt;</a>&nbsp;&nbsp;&nbsp;BoardDeInitMcu
</UL>

<P><STRONG><a name="[204]"></a>SX1276GetBoardTcxoWakeupTime</STRONG> (Thumb, 4 bytes, Stack size 0 bytes, sx1276mb1las-board.o(.text))
<BR><BR>[Called By]<UL><LI><a href="#[68]">&gt;&gt;</a>&nbsp;&nbsp;&nbsp;SX1276GetWakeupTime
</UL>

<P><STRONG><a name="[fe]"></a>SX1276Reset</STRONG> (Thumb, 64 bytes, Stack size 16 bytes, sx1276mb1las-board.o(.text))
<BR><BR>[Stack]<UL><LI>Max Depth = 128<LI>Call Chain = SX1276Reset &rArr; GpioInit &rArr; GpioMcuInit &rArr; HAL_GPIO_Init
</UL>
<BR>[Calls]<UL><LI><a href="#[100]">&gt;&gt;</a>&nbsp;&nbsp;&nbsp;DelayMs
<LI><a href="#[ff]">&gt;&gt;</a>&nbsp;&nbsp;&nbsp;SX1276SetBoardTcxo
<LI><a href="#[7f]">&gt;&gt;</a>&nbsp;&nbsp;&nbsp;GpioInit
</UL>
<BR>[Called By]<UL><LI><a href="#[51]">&gt;&gt;</a>&nbsp;&nbsp;&nbsp;SX1276Init
<LI><a href="#[50]">&gt;&gt;</a>&nbsp;&nbsp;&nbsp;SX1276OnTimeoutIrq
</UL>

<P><STRONG><a name="[102]"></a>SX1276GetPaSelect</STRONG> (Thumb, 6 bytes, Stack size 0 bytes, sx1276mb1las-board.o(.text))
<BR><BR>[Called By]<UL><LI><a href="#[101]">&gt;&gt;</a>&nbsp;&nbsp;&nbsp;SX1276SetRfTxPower
</UL>

<P><STRONG><a name="[101]"></a>SX1276SetRfTxPower</STRONG> (Thumb, 200 bytes, Stack size 16 bytes, sx1276mb1las-board.o(.text))
<BR><BR>[Stack]<UL><LI>Max Depth = 88<LI>Call Chain = SX1276SetRfTxPower &rArr; SX1276Write &rArr; SX1276WriteBuffer &rArr; GpioWrite &rArr; GpioMcuWrite
</UL>
<BR>[Calls]<UL><LI><a href="#[62]">&gt;&gt;</a>&nbsp;&nbsp;&nbsp;SX1276Write
<LI><a href="#[63]">&gt;&gt;</a>&nbsp;&nbsp;&nbsp;SX1276Read
<LI><a href="#[102]">&gt;&gt;</a>&nbsp;&nbsp;&nbsp;SX1276GetPaSelect
</UL>
<BR>[Called By]<UL><LI><a href="#[58]">&gt;&gt;</a>&nbsp;&nbsp;&nbsp;SX1276SetTxConfig
</UL>

<P><STRONG><a name="[103]"></a>SX1276AntSwDeInit</STRONG> (Thumb, 40 bytes, Stack size 16 bytes, sx1276mb1las-board.o(.text))
<BR><BR>[Stack]<UL><LI>Max Depth = 128<LI>Call Chain = SX1276AntSwDeInit &rArr; GpioInit &rArr; GpioMcuInit &rArr; HAL_GPIO_Init
</UL>
<BR>[Calls]<UL><LI><a href="#[7f]">&gt;&gt;</a>&nbsp;&nbsp;&nbsp;GpioInit
</UL>
<BR>[Called By]<UL><LI><a href="#[105]">&gt;&gt;</a>&nbsp;&nbsp;&nbsp;SX1276SetAntSwLowPower
</UL>

<P><STRONG><a name="[104]"></a>SX1276AntSwInit</STRONG> (Thumb, 42 bytes, Stack size 16 bytes, sx1276mb1las-board.o(.text))
<BR><BR>[Stack]<UL><LI>Max Depth = 128<LI>Call Chain = SX1276AntSwInit &rArr; GpioInit &rArr; GpioMcuInit &rArr; HAL_GPIO_Init
</UL>
<BR>[Calls]<UL><LI><a href="#[7f]">&gt;&gt;</a>&nbsp;&nbsp;&nbsp;GpioInit
</UL>
<BR>[Called By]<UL><LI><a href="#[105]">&gt;&gt;</a>&nbsp;&nbsp;&nbsp;SX1276SetAntSwLowPower
</UL>

<P><STRONG><a name="[105]"></a>SX1276SetAntSwLowPower</STRONG> (Thumb, 44 bytes, Stack size 8 bytes, sx1276mb1las-board.o(.text))
<BR><BR>[Stack]<UL><LI>Max Depth = 136<LI>Call Chain = SX1276SetAntSwLowPower &rArr; SX1276AntSwInit &rArr; GpioInit &rArr; GpioMcuInit &rArr; HAL_GPIO_Init
</UL>
<BR>[Calls]<UL><LI><a href="#[104]">&gt;&gt;</a>&nbsp;&nbsp;&nbsp;SX1276AntSwInit
<LI><a href="#[103]">&gt;&gt;</a>&nbsp;&nbsp;&nbsp;SX1276AntSwDeInit
<LI><a href="#[ff]">&gt;&gt;</a>&nbsp;&nbsp;&nbsp;SX1276SetBoardTcxo
</UL>
<BR>[Called By]<UL><LI><a href="#[109]">&gt;&gt;</a>&nbsp;&nbsp;&nbsp;SX1276SetOpMode
</UL>

<P><STRONG><a name="[106]"></a>SX1276SetAntSw</STRONG> (Thumb, 68 bytes, Stack size 8 bytes, sx1276mb1las-board.o(.text))
<BR><BR>[Stack]<UL><LI>Max Depth = 40<LI>Call Chain = SX1276SetAntSw &rArr; GpioWrite &rArr; GpioMcuWrite
</UL>
<BR>[Calls]<UL><LI><a href="#[107]">&gt;&gt;</a>&nbsp;&nbsp;&nbsp;GpioWrite
</UL>
<BR>[Called By]<UL><LI><a href="#[109]">&gt;&gt;</a>&nbsp;&nbsp;&nbsp;SX1276SetOpMode
</UL>

<P><STRONG><a name="[59]"></a>SX1276CheckRfFrequency</STRONG> (Thumb, 6 bytes, Stack size 0 bytes, sx1276mb1las-board.o(.text))
<BR>[Address Reference Count : 1]<UL><LI> sx1276mb1las-board.o(.constdata)
</UL>
<P><STRONG><a name="[108]"></a>SX1276ReadRssiFsk</STRONG> (Thumb, 68 bytes, Stack size 16 bytes, sx1276mb1las-board.o(.text), UNUSED)
<BR><BR>[Calls]<UL><LI><a href="#[62]">&gt;&gt;</a>&nbsp;&nbsp;&nbsp;SX1276Write
<LI><a href="#[5c]">&gt;&gt;</a>&nbsp;&nbsp;&nbsp;SX1276SetSleep
<LI><a href="#[109]">&gt;&gt;</a>&nbsp;&nbsp;&nbsp;SX1276SetOpMode
<LI><a href="#[53]">&gt;&gt;</a>&nbsp;&nbsp;&nbsp;SX1276SetModem
<LI><a href="#[54]">&gt;&gt;</a>&nbsp;&nbsp;&nbsp;SX1276SetChannel
<LI><a href="#[61]">&gt;&gt;</a>&nbsp;&nbsp;&nbsp;SX1276ReadRssi
<LI><a href="#[100]">&gt;&gt;</a>&nbsp;&nbsp;&nbsp;DelayMs
</UL>
<BR>[Called By]<UL><LI><a href="#[10a]">&gt;&gt;</a>&nbsp;&nbsp;&nbsp;SX1276IsChannelFreeFsk
</UL>

<P><STRONG><a name="[10a]"></a>SX1276IsChannelFreeFsk</STRONG> (Thumb, 24 bytes, Stack size 16 bytes, sx1276mb1las-board.o(.text), UNUSED)
<BR><BR>[Calls]<UL><LI><a href="#[108]">&gt;&gt;</a>&nbsp;&nbsp;&nbsp;SX1276ReadRssiFsk
</UL>

<P><STRONG><a name="[5]"></a>Reset_Handler</STRONG> (Thumb, 8 bytes, Stack size 0 bytes, startup_stm32l073xx.o(.text))
<BR>[Address Reference Count : 1]<UL><LI> startup_stm32l073xx.o(RESET)
</UL>
<P><STRONG><a name="[7]"></a>HardFault_Handler</STRONG> (Thumb, 2 bytes, Stack size 0 bytes, startup_stm32l073xx.o(.text))
<BR><BR>[Calls]<UL><LI><a href="#[7]">&gt;&gt;</a>&nbsp;&nbsp;&nbsp;HardFault_Handler
</UL>
<BR>[Called By]<UL><LI><a href="#[7]">&gt;&gt;</a>&nbsp;&nbsp;&nbsp;HardFault_Handler
</UL>
<BR>[Address Reference Count : 1]<UL><LI> startup_stm32l073xx.o(RESET)
</UL>
<P><STRONG><a name="[8]"></a>SVC_Handler</STRONG> (Thumb, 2 bytes, Stack size 0 bytes, startup_stm32l073xx.o(.text))
<BR><BR>[Calls]<UL><LI><a href="#[8]">&gt;&gt;</a>&nbsp;&nbsp;&nbsp;SVC_Handler
</UL>
<BR>[Called By]<UL><LI><a href="#[8]">&gt;&gt;</a>&nbsp;&nbsp;&nbsp;SVC_Handler
</UL>
<BR>[Address Reference Count : 1]<UL><LI> startup_stm32l073xx.o(RESET)
</UL>
<P><STRONG><a name="[9]"></a>PendSV_Handler</STRONG> (Thumb, 2 bytes, Stack size 0 bytes, startup_stm32l073xx.o(.text))
<BR><BR>[Calls]<UL><LI><a href="#[9]">&gt;&gt;</a>&nbsp;&nbsp;&nbsp;PendSV_Handler
</UL>
<BR>[Called By]<UL><LI><a href="#[9]">&gt;&gt;</a>&nbsp;&nbsp;&nbsp;PendSV_Handler
</UL>
<BR>[Address Reference Count : 1]<UL><LI> startup_stm32l073xx.o(RESET)
</UL>
<P><STRONG><a name="[17]"></a>ADC1_COMP_IRQHandler</STRONG> (Thumb, 0 bytes, Stack size 0 bytes, startup_stm32l073xx.o(.text))
<BR><BR>[Calls]<UL><LI><a href="#[17]">&gt;&gt;</a>&nbsp;&nbsp;&nbsp;ADC1_COMP_IRQHandler
</UL>
<BR>[Called By]<UL><LI><a href="#[17]">&gt;&gt;</a>&nbsp;&nbsp;&nbsp;ADC1_COMP_IRQHandler
</UL>
<BR>[Address Reference Count : 1]<UL><LI> startup_stm32l073xx.o(RESET)
</UL>
<P><STRONG><a name="[14]"></a>DMA1_Channel1_IRQHandler</STRONG> (Thumb, 0 bytes, Stack size 0 bytes, startup_stm32l073xx.o(.text))
<BR>[Address Reference Count : 1]<UL><LI> startup_stm32l073xx.o(RESET)
</UL>
<P><STRONG><a name="[15]"></a>DMA1_Channel2_3_IRQHandler</STRONG> (Thumb, 0 bytes, Stack size 0 bytes, startup_stm32l073xx.o(.text))
<BR>[Address Reference Count : 1]<UL><LI> startup_stm32l073xx.o(RESET)
</UL>
<P><STRONG><a name="[16]"></a>DMA1_Channel4_5_6_7_IRQHandler</STRONG> (Thumb, 0 bytes, Stack size 0 bytes, startup_stm32l073xx.o(.text))
<BR>[Address Reference Count : 1]<UL><LI> startup_stm32l073xx.o(RESET)
</UL>
<P><STRONG><a name="[e]"></a>FLASH_IRQHandler</STRONG> (Thumb, 0 bytes, Stack size 0 bytes, startup_stm32l073xx.o(.text))
<BR>[Address Reference Count : 1]<UL><LI> startup_stm32l073xx.o(RESET)
</UL>
<P><STRONG><a name="[21]"></a>I2C1_IRQHandler</STRONG> (Thumb, 0 bytes, Stack size 0 bytes, startup_stm32l073xx.o(.text))
<BR>[Address Reference Count : 1]<UL><LI> startup_stm32l073xx.o(RESET)
</UL>
<P><STRONG><a name="[22]"></a>I2C2_IRQHandler</STRONG> (Thumb, 0 bytes, Stack size 0 bytes, startup_stm32l073xx.o(.text))
<BR>[Address Reference Count : 1]<UL><LI> startup_stm32l073xx.o(RESET)
</UL>
<P><STRONG><a name="[1f]"></a>I2C3_IRQHandler</STRONG> (Thumb, 0 bytes, Stack size 0 bytes, startup_stm32l073xx.o(.text))
<BR>[Address Reference Count : 1]<UL><LI> startup_stm32l073xx.o(RESET)
</UL>
<P><STRONG><a name="[28]"></a>LCD_IRQHandler</STRONG> (Thumb, 0 bytes, Stack size 0 bytes, startup_stm32l073xx.o(.text))
<BR>[Address Reference Count : 1]<UL><LI> startup_stm32l073xx.o(RESET)
</UL>
<P><STRONG><a name="[18]"></a>LPTIM1_IRQHandler</STRONG> (Thumb, 0 bytes, Stack size 0 bytes, startup_stm32l073xx.o(.text))
<BR>[Address Reference Count : 1]<UL><LI> startup_stm32l073xx.o(RESET)
</UL>
<P><STRONG><a name="[c]"></a>PVD_IRQHandler</STRONG> (Thumb, 0 bytes, Stack size 0 bytes, startup_stm32l073xx.o(.text))
<BR>[Address Reference Count : 1]<UL><LI> startup_stm32l073xx.o(RESET)
</UL>
<P><STRONG><a name="[f]"></a>RCC_CRS_IRQHandler</STRONG> (Thumb, 0 bytes, Stack size 0 bytes, startup_stm32l073xx.o(.text))
<BR>[Address Reference Count : 1]<UL><LI> startup_stm32l073xx.o(RESET)
</UL>
<P><STRONG><a name="[27]"></a>RNG_LPUART1_IRQHandler</STRONG> (Thumb, 0 bytes, Stack size 0 bytes, startup_stm32l073xx.o(.text))
<BR>[Address Reference Count : 1]<UL><LI> startup_stm32l073xx.o(RESET)
</UL>
<P><STRONG><a name="[23]"></a>SPI1_IRQHandler</STRONG> (Thumb, 0 bytes, Stack size 0 bytes, startup_stm32l073xx.o(.text))
<BR>[Address Reference Count : 1]<UL><LI> startup_stm32l073xx.o(RESET)
</UL>
<P><STRONG><a name="[24]"></a>SPI2_IRQHandler</STRONG> (Thumb, 0 bytes, Stack size 0 bytes, startup_stm32l073xx.o(.text))
<BR>[Address Reference Count : 1]<UL><LI> startup_stm32l073xx.o(RESET)
</UL>
<P><STRONG><a name="[1e]"></a>TIM21_IRQHandler</STRONG> (Thumb, 0 bytes, Stack size 0 bytes, startup_stm32l073xx.o(.text))
<BR>[Address Reference Count : 1]<UL><LI> startup_stm32l073xx.o(RESET)
</UL>
<P><STRONG><a name="[20]"></a>TIM22_IRQHandler</STRONG> (Thumb, 0 bytes, Stack size 0 bytes, startup_stm32l073xx.o(.text))
<BR>[Address Reference Count : 1]<UL><LI> startup_stm32l073xx.o(RESET)
</UL>
<P><STRONG><a name="[1a]"></a>TIM2_IRQHandler</STRONG> (Thumb, 0 bytes, Stack size 0 bytes, startup_stm32l073xx.o(.text))
<BR>[Address Reference Count : 1]<UL><LI> startup_stm32l073xx.o(RESET)
</UL>
<P><STRONG><a name="[1b]"></a>TIM3_IRQHandler</STRONG> (Thumb, 0 bytes, Stack size 0 bytes, startup_stm32l073xx.o(.text))
<BR>[Address Reference Count : 1]<UL><LI> startup_stm32l073xx.o(RESET)
</UL>
<P><STRONG><a name="[1c]"></a>TIM6_DAC_IRQHandler</STRONG> (Thumb, 0 bytes, Stack size 0 bytes, startup_stm32l073xx.o(.text))
<BR>[Address Reference Count : 1]<UL><LI> startup_stm32l073xx.o(RESET)
</UL>
<P><STRONG><a name="[1d]"></a>TIM7_IRQHandler</STRONG> (Thumb, 0 bytes, Stack size 0 bytes, startup_stm32l073xx.o(.text))
<BR>[Address Reference Count : 1]<UL><LI> startup_stm32l073xx.o(RESET)
</UL>
<P><STRONG><a name="[13]"></a>TSC_IRQHandler</STRONG> (Thumb, 0 bytes, Stack size 0 bytes, startup_stm32l073xx.o(.text))
<BR>[Address Reference Count : 1]<UL><LI> startup_stm32l073xx.o(RESET)
</UL>
<P><STRONG><a name="[19]"></a>USART4_5_IRQHandler</STRONG> (Thumb, 0 bytes, Stack size 0 bytes, startup_stm32l073xx.o(.text))
<BR>[Address Reference Count : 1]<UL><LI> startup_stm32l073xx.o(RESET)
</UL>
<P><STRONG><a name="[29]"></a>USB_IRQHandler</STRONG> (Thumb, 0 bytes, Stack size 0 bytes, startup_stm32l073xx.o(.text))
<BR>[Address Reference Count : 1]<UL><LI> startup_stm32l073xx.o(RESET)
</UL>
<P><STRONG><a name="[b]"></a>WWDG_IRQHandler</STRONG> (Thumb, 0 bytes, Stack size 0 bytes, startup_stm32l073xx.o(.text))
<BR>[Address Reference Count : 1]<UL><LI> startup_stm32l073xx.o(RESET)
</UL>
<P><STRONG><a name="[32]"></a>SystemInit</STRONG> (Thumb, 88 bytes, Stack size 0 bytes, system_stm32l0xx.o(.text))
<BR>[Address Reference Count : 1]<UL><LI> startup_stm32l073xx.o(.text)
</UL>
<P><STRONG><a name="[10b]"></a>SystemCoreClockUpdate</STRONG> (Thumb, 226 bytes, Stack size 24 bytes, system_stm32l0xx.o(.text), UNUSED)
<BR><BR>[Calls]<UL><LI><a href="#[93]">&gt;&gt;</a>&nbsp;&nbsp;&nbsp;__aeabi_uidivmod
</UL>

<P><STRONG><a name="[10d]"></a>HAL_MspInit</STRONG> (Thumb, 2 bytes, Stack size 0 bytes, stm32l0xx_hal.o(.text))
<BR><BR>[Called By]<UL><LI><a href="#[97]">&gt;&gt;</a>&nbsp;&nbsp;&nbsp;HAL_Init
</UL>

<P><STRONG><a name="[10c]"></a>HAL_InitTick</STRONG> (Thumb, 36 bytes, Stack size 16 bytes, stm32l0xx_hal.o(.text))
<BR><BR>[Stack]<UL><LI>Max Depth = 40<LI>Call Chain = HAL_InitTick &rArr; HAL_SYSTICK_Config &rArr; NVIC_SetPriority
</UL>
<BR>[Calls]<UL><LI><a href="#[94]">&gt;&gt;</a>&nbsp;&nbsp;&nbsp;HAL_SYSTICK_Config
<LI><a href="#[96]">&gt;&gt;</a>&nbsp;&nbsp;&nbsp;HAL_NVIC_SetPriority
<LI><a href="#[93]">&gt;&gt;</a>&nbsp;&nbsp;&nbsp;__aeabi_uidivmod
</UL>
<BR>[Called By]<UL><LI><a href="#[8f]">&gt;&gt;</a>&nbsp;&nbsp;&nbsp;HAL_RCC_OscConfig
<LI><a href="#[90]">&gt;&gt;</a>&nbsp;&nbsp;&nbsp;HAL_RCC_ClockConfig
<LI><a href="#[97]">&gt;&gt;</a>&nbsp;&nbsp;&nbsp;HAL_Init
</UL>

<P><STRONG><a name="[97]"></a>HAL_Init</STRONG> (Thumb, 28 bytes, Stack size 8 bytes, stm32l0xx_hal.o(.text))
<BR><BR>[Stack]<UL><LI>Max Depth = 48<LI>Call Chain = HAL_Init &rArr; HAL_InitTick &rArr; HAL_SYSTICK_Config &rArr; NVIC_SetPriority
</UL>
<BR>[Calls]<UL><LI><a href="#[10c]">&gt;&gt;</a>&nbsp;&nbsp;&nbsp;HAL_InitTick
<LI><a href="#[10d]">&gt;&gt;</a>&nbsp;&nbsp;&nbsp;HAL_MspInit
</UL>
<BR>[Called By]<UL><LI><a href="#[74]">&gt;&gt;</a>&nbsp;&nbsp;&nbsp;BoardInitMcu
</UL>

<P><STRONG><a name="[10f]"></a>HAL_MspDeInit</STRONG> (Thumb, 2 bytes, Stack size 0 bytes, stm32l0xx_hal.o(.text), UNUSED)
<BR><BR>[Called By]<UL><LI><a href="#[10e]">&gt;&gt;</a>&nbsp;&nbsp;&nbsp;HAL_DeInit
</UL>

<P><STRONG><a name="[10e]"></a>HAL_DeInit</STRONG> (Thumb, 46 bytes, Stack size 8 bytes, stm32l0xx_hal.o(.text), UNUSED)
<BR><BR>[Calls]<UL><LI><a href="#[10f]">&gt;&gt;</a>&nbsp;&nbsp;&nbsp;HAL_MspDeInit
</UL>

<P><STRONG><a name="[ac]"></a>HAL_IncTick</STRONG> (Thumb, 12 bytes, Stack size 0 bytes, stm32l0xx_hal.o(.text))
<BR><BR>[Called By]<UL><LI><a href="#[a]">&gt;&gt;</a>&nbsp;&nbsp;&nbsp;SysTick_Handler
</UL>

<P><STRONG><a name="[110]"></a>HAL_GetTick</STRONG> (Thumb, 6 bytes, Stack size 0 bytes, stm32l0xx_hal.o(.text))
<BR><BR>[Called By]<UL><LI><a href="#[ce]">&gt;&gt;</a>&nbsp;&nbsp;&nbsp;HAL_RTC_SetAlarm_IT
<LI><a href="#[cd]">&gt;&gt;</a>&nbsp;&nbsp;&nbsp;HAL_RTC_DeactivateAlarm
<LI><a href="#[af]">&gt;&gt;</a>&nbsp;&nbsp;&nbsp;HAL_Delay
<LI><a href="#[8f]">&gt;&gt;</a>&nbsp;&nbsp;&nbsp;HAL_RCC_OscConfig
<LI><a href="#[90]">&gt;&gt;</a>&nbsp;&nbsp;&nbsp;HAL_RCC_ClockConfig
<LI><a href="#[91]">&gt;&gt;</a>&nbsp;&nbsp;&nbsp;HAL_RCCEx_PeriphCLKConfig
<LI><a href="#[87]">&gt;&gt;</a>&nbsp;&nbsp;&nbsp;HAL_ADC_PollForConversion
<LI><a href="#[82]">&gt;&gt;</a>&nbsp;&nbsp;&nbsp;HAL_ADCEx_Calibration_Start
<LI><a href="#[16f]">&gt;&gt;</a>&nbsp;&nbsp;&nbsp;UART_WaitOnFlagUntilTimeout
<LI><a href="#[15b]">&gt;&gt;</a>&nbsp;&nbsp;&nbsp;SPI_WaitOnFlagUntilTimeout
<LI><a href="#[158]">&gt;&gt;</a>&nbsp;&nbsp;&nbsp;HAL_RTCEx_PollForAlarmBEvent
<LI><a href="#[155]">&gt;&gt;</a>&nbsp;&nbsp;&nbsp;HAL_RTCEx_SetSynchroShift
<LI><a href="#[154]">&gt;&gt;</a>&nbsp;&nbsp;&nbsp;HAL_RTCEx_SetSmoothCalib
<LI><a href="#[153]">&gt;&gt;</a>&nbsp;&nbsp;&nbsp;HAL_RTCEx_PollForWakeUpTimerEvent
<LI><a href="#[150]">&gt;&gt;</a>&nbsp;&nbsp;&nbsp;HAL_RTCEx_DeactivateWakeUpTimer
<LI><a href="#[14f]">&gt;&gt;</a>&nbsp;&nbsp;&nbsp;HAL_RTCEx_SetWakeUpTimer_IT
<LI><a href="#[14e]">&gt;&gt;</a>&nbsp;&nbsp;&nbsp;HAL_RTCEx_SetWakeUpTimer
<LI><a href="#[14d]">&gt;&gt;</a>&nbsp;&nbsp;&nbsp;HAL_RTCEx_PollForTamper3Event
<LI><a href="#[14c]">&gt;&gt;</a>&nbsp;&nbsp;&nbsp;HAL_RTCEx_PollForTamper2Event
<LI><a href="#[14b]">&gt;&gt;</a>&nbsp;&nbsp;&nbsp;HAL_RTCEx_PollForTamper1Event
<LI><a href="#[14a]">&gt;&gt;</a>&nbsp;&nbsp;&nbsp;HAL_RTCEx_PollForTimeStampEvent
<LI><a href="#[143]">&gt;&gt;</a>&nbsp;&nbsp;&nbsp;HAL_RTC_PollForAlarmAEvent
<LI><a href="#[140]">&gt;&gt;</a>&nbsp;&nbsp;&nbsp;HAL_RTC_SetAlarm
<LI><a href="#[13c]">&gt;&gt;</a>&nbsp;&nbsp;&nbsp;HAL_RTC_DeInit
<LI><a href="#[13b]">&gt;&gt;</a>&nbsp;&nbsp;&nbsp;HAL_RTC_WaitForSynchro
<LI><a href="#[139]">&gt;&gt;</a>&nbsp;&nbsp;&nbsp;RTC_EnterInitMode
<LI><a href="#[138]">&gt;&gt;</a>&nbsp;&nbsp;&nbsp;HAL_RCCEx_CRSWaitSynchronization
<LI><a href="#[12a]">&gt;&gt;</a>&nbsp;&nbsp;&nbsp;HAL_DMA_PollForTransfer
<LI><a href="#[125]">&gt;&gt;</a>&nbsp;&nbsp;&nbsp;HAL_ADCEx_EnableVREFINTTempSensor
<LI><a href="#[124]">&gt;&gt;</a>&nbsp;&nbsp;&nbsp;HAL_ADCEx_EnableVREFINT
<LI><a href="#[121]">&gt;&gt;</a>&nbsp;&nbsp;&nbsp;HAL_DMA_Abort
<LI><a href="#[118]">&gt;&gt;</a>&nbsp;&nbsp;&nbsp;HAL_ADC_PollForEvent
<LI><a href="#[116]">&gt;&gt;</a>&nbsp;&nbsp;&nbsp;ADC_Enable
<LI><a href="#[113]">&gt;&gt;</a>&nbsp;&nbsp;&nbsp;ADC_ConversionStop
<LI><a href="#[112]">&gt;&gt;</a>&nbsp;&nbsp;&nbsp;ADC_Disable
</UL>

<P><STRONG><a name="[af]"></a>HAL_Delay</STRONG> (Thumb, 26 bytes, Stack size 16 bytes, stm32l0xx_hal.o(.text))
<BR><BR>[Stack]<UL><LI>Max Depth = 16<LI>Call Chain = HAL_Delay
</UL>
<BR>[Calls]<UL><LI><a href="#[110]">&gt;&gt;</a>&nbsp;&nbsp;&nbsp;HAL_GetTick
</UL>
<BR>[Called By]<UL><LI><a href="#[ae]">&gt;&gt;</a>&nbsp;&nbsp;&nbsp;DelayMsMcu
</UL>

<P><STRONG><a name="[23a]"></a>HAL_SuspendTick</STRONG> (Thumb, 14 bytes, Stack size 0 bytes, stm32l0xx_hal.o(.text), UNUSED)

<P><STRONG><a name="[23b]"></a>HAL_ResumeTick</STRONG> (Thumb, 14 bytes, Stack size 0 bytes, stm32l0xx_hal.o(.text), UNUSED)

<P><STRONG><a name="[23c]"></a>HAL_GetHalVersion</STRONG> (Thumb, 4 bytes, Stack size 0 bytes, stm32l0xx_hal.o(.text), UNUSED)

<P><STRONG><a name="[23d]"></a>HAL_GetREVID</STRONG> (Thumb, 8 bytes, Stack size 0 bytes, stm32l0xx_hal.o(.text), UNUSED)

<P><STRONG><a name="[23e]"></a>HAL_GetDEVID</STRONG> (Thumb, 10 bytes, Stack size 0 bytes, stm32l0xx_hal.o(.text), UNUSED)

<P><STRONG><a name="[8c]"></a>HAL_DBGMCU_EnableDBGSleepMode</STRONG> (Thumb, 14 bytes, Stack size 0 bytes, stm32l0xx_hal.o(.text))
<BR><BR>[Called By]<UL><LI><a href="#[89]">&gt;&gt;</a>&nbsp;&nbsp;&nbsp;BoardUnusedIoInit
</UL>

<P><STRONG><a name="[23f]"></a>HAL_DBGMCU_DisableDBGSleepMode</STRONG> (Thumb, 14 bytes, Stack size 0 bytes, stm32l0xx_hal.o(.text), UNUSED)

<P><STRONG><a name="[8b]"></a>HAL_DBGMCU_EnableDBGStopMode</STRONG> (Thumb, 14 bytes, Stack size 0 bytes, stm32l0xx_hal.o(.text))
<BR><BR>[Called By]<UL><LI><a href="#[89]">&gt;&gt;</a>&nbsp;&nbsp;&nbsp;BoardUnusedIoInit
</UL>

<P><STRONG><a name="[240]"></a>HAL_DBGMCU_DisableDBGStopMode</STRONG> (Thumb, 14 bytes, Stack size 0 bytes, stm32l0xx_hal.o(.text), UNUSED)

<P><STRONG><a name="[8d]"></a>HAL_DBGMCU_EnableDBGStandbyMode</STRONG> (Thumb, 14 bytes, Stack size 0 bytes, stm32l0xx_hal.o(.text))
<BR><BR>[Called By]<UL><LI><a href="#[89]">&gt;&gt;</a>&nbsp;&nbsp;&nbsp;BoardUnusedIoInit
</UL>

<P><STRONG><a name="[241]"></a>HAL_DBGMCU_DisableDBGStandbyMode</STRONG> (Thumb, 14 bytes, Stack size 0 bytes, stm32l0xx_hal.o(.text), UNUSED)

<P><STRONG><a name="[242]"></a>HAL_DBGMCU_DBG_EnableLowPowerConfig</STRONG> (Thumb, 12 bytes, Stack size 0 bytes, stm32l0xx_hal.o(.text), UNUSED)

<P><STRONG><a name="[243]"></a>HAL_DBGMCU_DBG_DisableLowPowerConfig</STRONG> (Thumb, 12 bytes, Stack size 0 bytes, stm32l0xx_hal.o(.text), UNUSED)

<P><STRONG><a name="[244]"></a>HAL_SYSCFG_GetBootMode</STRONG> (Thumb, 12 bytes, Stack size 0 bytes, stm32l0xx_hal.o(.text), UNUSED)

<P><STRONG><a name="[245]"></a>HAL_SYSCFG_VREFINT_OutputSelect</STRONG> (Thumb, 22 bytes, Stack size 0 bytes, stm32l0xx_hal.o(.text), UNUSED)

<P><STRONG><a name="[246]"></a>HAL_SYSCFG_Enable_Lock_VREFINT</STRONG> (Thumb, 16 bytes, Stack size 0 bytes, stm32l0xx_hal.o(.text), UNUSED)

<P><STRONG><a name="[247]"></a>HAL_SYSCFG_Disable_Lock_VREFINT</STRONG> (Thumb, 14 bytes, Stack size 0 bytes, stm32l0xx_hal.o(.text), UNUSED)

<P><STRONG><a name="[111]"></a>HAL_ADC_MspInit</STRONG> (Thumb, 2 bytes, Stack size 0 bytes, stm32l0xx_hal_adc.o(.text))
<BR><BR>[Called By]<UL><LI><a href="#[81]">&gt;&gt;</a>&nbsp;&nbsp;&nbsp;HAL_ADC_Init
</UL>

<P><STRONG><a name="[81]"></a>HAL_ADC_Init</STRONG> (Thumb, 554 bytes, Stack size 8 bytes, stm32l0xx_hal_adc.o(.text))
<BR><BR>[Stack]<UL><LI>Max Depth = 8<LI>Call Chain = HAL_ADC_Init
</UL>
<BR>[Calls]<UL><LI><a href="#[111]">&gt;&gt;</a>&nbsp;&nbsp;&nbsp;HAL_ADC_MspInit
</UL>
<BR>[Called By]<UL><LI><a href="#[80]">&gt;&gt;</a>&nbsp;&nbsp;&nbsp;AdcMcuConfig
</UL>

<P><STRONG><a name="[114]"></a>HAL_ADC_MspDeInit</STRONG> (Thumb, 2 bytes, Stack size 0 bytes, stm32l0xx_hal_adc.o(.text))
<BR><BR>[Called By]<UL><LI><a href="#[7e]">&gt;&gt;</a>&nbsp;&nbsp;&nbsp;HAL_ADC_DeInit
</UL>

<P><STRONG><a name="[7e]"></a>HAL_ADC_DeInit</STRONG> (Thumb, 194 bytes, Stack size 16 bytes, stm32l0xx_hal_adc.o(.text))
<BR><BR>[Stack]<UL><LI>Max Depth = 32<LI>Call Chain = HAL_ADC_DeInit &rArr; ADC_ConversionStop
</UL>
<BR>[Calls]<UL><LI><a href="#[114]">&gt;&gt;</a>&nbsp;&nbsp;&nbsp;HAL_ADC_MspDeInit
<LI><a href="#[113]">&gt;&gt;</a>&nbsp;&nbsp;&nbsp;ADC_ConversionStop
<LI><a href="#[112]">&gt;&gt;</a>&nbsp;&nbsp;&nbsp;ADC_Disable
</UL>
<BR>[Called By]<UL><LI><a href="#[85]">&gt;&gt;</a>&nbsp;&nbsp;&nbsp;AdcMcuReadChannel
<LI><a href="#[7d]">&gt;&gt;</a>&nbsp;&nbsp;&nbsp;AdcMcuInit
</UL>

<P><STRONG><a name="[86]"></a>HAL_ADC_Start</STRONG> (Thumb, 114 bytes, Stack size 16 bytes, stm32l0xx_hal_adc.o(.text))
<BR><BR>[Stack]<UL><LI>Max Depth = 60<LI>Call Chain = HAL_ADC_Start &rArr; ADC_Enable &rArr; ADC_DelayMicroSecond &rArr; __aeabi_uidivmod
</UL>
<BR>[Calls]<UL><LI><a href="#[116]">&gt;&gt;</a>&nbsp;&nbsp;&nbsp;ADC_Enable
</UL>
<BR>[Called By]<UL><LI><a href="#[85]">&gt;&gt;</a>&nbsp;&nbsp;&nbsp;AdcMcuReadChannel
</UL>

<P><STRONG><a name="[117]"></a>HAL_ADC_Stop</STRONG> (Thumb, 80 bytes, Stack size 16 bytes, stm32l0xx_hal_adc.o(.text), UNUSED)
<BR><BR>[Calls]<UL><LI><a href="#[113]">&gt;&gt;</a>&nbsp;&nbsp;&nbsp;ADC_ConversionStop
<LI><a href="#[112]">&gt;&gt;</a>&nbsp;&nbsp;&nbsp;ADC_Disable
</UL>

<P><STRONG><a name="[87]"></a>HAL_ADC_PollForConversion</STRONG> (Thumb, 228 bytes, Stack size 24 bytes, stm32l0xx_hal_adc.o(.text))
<BR><BR>[Stack]<UL><LI>Max Depth = 24<LI>Call Chain = HAL_ADC_PollForConversion
</UL>
<BR>[Calls]<UL><LI><a href="#[110]">&gt;&gt;</a>&nbsp;&nbsp;&nbsp;HAL_GetTick
</UL>
<BR>[Called By]<UL><LI><a href="#[85]">&gt;&gt;</a>&nbsp;&nbsp;&nbsp;AdcMcuReadChannel
</UL>

<P><STRONG><a name="[118]"></a>HAL_ADC_PollForEvent</STRONG> (Thumb, 138 bytes, Stack size 24 bytes, stm32l0xx_hal_adc.o(.text), UNUSED)
<BR><BR>[Calls]<UL><LI><a href="#[110]">&gt;&gt;</a>&nbsp;&nbsp;&nbsp;HAL_GetTick
</UL>

<P><STRONG><a name="[119]"></a>HAL_ADC_Start_IT</STRONG> (Thumb, 162 bytes, Stack size 16 bytes, stm32l0xx_hal_adc.o(.text), UNUSED)
<BR><BR>[Calls]<UL><LI><a href="#[116]">&gt;&gt;</a>&nbsp;&nbsp;&nbsp;ADC_Enable
</UL>

<P><STRONG><a name="[11a]"></a>HAL_ADC_Stop_IT</STRONG> (Thumb, 92 bytes, Stack size 16 bytes, stm32l0xx_hal_adc.o(.text), UNUSED)
<BR><BR>[Calls]<UL><LI><a href="#[113]">&gt;&gt;</a>&nbsp;&nbsp;&nbsp;ADC_ConversionStop
<LI><a href="#[112]">&gt;&gt;</a>&nbsp;&nbsp;&nbsp;ADC_Disable
</UL>

<P><STRONG><a name="[11b]"></a>HAL_ADC_ErrorCallback</STRONG> (Thumb, 2 bytes, Stack size 0 bytes, stm32l0xx_hal_adc.o(.text))
<BR><BR>[Called By]<UL><LI><a href="#[122]">&gt;&gt;</a>&nbsp;&nbsp;&nbsp;HAL_ADC_IRQHandler
<LI><a href="#[36]">&gt;&gt;</a>&nbsp;&nbsp;&nbsp;ADC_DMAError
</UL>

<P><STRONG><a name="[11c]"></a>HAL_ADC_ConvHalfCpltCallback</STRONG> (Thumb, 2 bytes, Stack size 0 bytes, stm32l0xx_hal_adc.o(.text))
<BR><BR>[Called By]<UL><LI><a href="#[35]">&gt;&gt;</a>&nbsp;&nbsp;&nbsp;ADC_DMAHalfConvCplt
</UL>

<P><STRONG><a name="[11d]"></a>HAL_ADC_ConvCpltCallback</STRONG> (Thumb, 2 bytes, Stack size 0 bytes, stm32l0xx_hal_adc.o(.text))
<BR><BR>[Called By]<UL><LI><a href="#[122]">&gt;&gt;</a>&nbsp;&nbsp;&nbsp;HAL_ADC_IRQHandler
<LI><a href="#[34]">&gt;&gt;</a>&nbsp;&nbsp;&nbsp;ADC_DMAConvCplt
</UL>

<P><STRONG><a name="[11e]"></a>HAL_ADC_Start_DMA</STRONG> (Thumb, 182 bytes, Stack size 24 bytes, stm32l0xx_hal_adc.o(.text), UNUSED)
<BR><BR>[Calls]<UL><LI><a href="#[11f]">&gt;&gt;</a>&nbsp;&nbsp;&nbsp;HAL_DMA_Start_IT
<LI><a href="#[116]">&gt;&gt;</a>&nbsp;&nbsp;&nbsp;ADC_Enable
</UL>

<P><STRONG><a name="[120]"></a>HAL_ADC_Stop_DMA</STRONG> (Thumb, 136 bytes, Stack size 16 bytes, stm32l0xx_hal_adc.o(.text), UNUSED)
<BR><BR>[Calls]<UL><LI><a href="#[121]">&gt;&gt;</a>&nbsp;&nbsp;&nbsp;HAL_DMA_Abort
<LI><a href="#[113]">&gt;&gt;</a>&nbsp;&nbsp;&nbsp;ADC_ConversionStop
<LI><a href="#[112]">&gt;&gt;</a>&nbsp;&nbsp;&nbsp;ADC_Disable
</UL>

<P><STRONG><a name="[88]"></a>HAL_ADC_GetValue</STRONG> (Thumb, 8 bytes, Stack size 0 bytes, stm32l0xx_hal_adc.o(.text))
<BR><BR>[Called By]<UL><LI><a href="#[85]">&gt;&gt;</a>&nbsp;&nbsp;&nbsp;AdcMcuReadChannel
</UL>

<P><STRONG><a name="[123]"></a>HAL_ADC_LevelOutOfWindowCallback</STRONG> (Thumb, 2 bytes, Stack size 0 bytes, stm32l0xx_hal_adc.o(.text), UNUSED)
<BR><BR>[Called By]<UL><LI><a href="#[122]">&gt;&gt;</a>&nbsp;&nbsp;&nbsp;HAL_ADC_IRQHandler
</UL>

<P><STRONG><a name="[122]"></a>HAL_ADC_IRQHandler</STRONG> (Thumb, 278 bytes, Stack size 8 bytes, stm32l0xx_hal_adc.o(.text), UNUSED)
<BR><BR>[Calls]<UL><LI><a href="#[123]">&gt;&gt;</a>&nbsp;&nbsp;&nbsp;HAL_ADC_LevelOutOfWindowCallback
<LI><a href="#[11d]">&gt;&gt;</a>&nbsp;&nbsp;&nbsp;HAL_ADC_ConvCpltCallback
<LI><a href="#[11b]">&gt;&gt;</a>&nbsp;&nbsp;&nbsp;HAL_ADC_ErrorCallback
</UL>

<P><STRONG><a name="[84]"></a>HAL_ADC_ConfigChannel</STRONG> (Thumb, 306 bytes, Stack size 16 bytes, stm32l0xx_hal_adc.o(.text))
<BR><BR>[Stack]<UL><LI>Max Depth = 44<LI>Call Chain = HAL_ADC_ConfigChannel &rArr; ADC_DelayMicroSecond &rArr; __aeabi_uidivmod
</UL>
<BR>[Calls]<UL><LI><a href="#[115]">&gt;&gt;</a>&nbsp;&nbsp;&nbsp;ADC_DelayMicroSecond
</UL>
<BR>[Called By]<UL><LI><a href="#[85]">&gt;&gt;</a>&nbsp;&nbsp;&nbsp;AdcMcuReadChannel
<LI><a href="#[83]">&gt;&gt;</a>&nbsp;&nbsp;&nbsp;Clean_CHSEL_Flags
</UL>

<P><STRONG><a name="[248]"></a>HAL_ADC_AnalogWDGConfig</STRONG> (Thumb, 244 bytes, Stack size 20 bytes, stm32l0xx_hal_adc.o(.text), UNUSED)

<P><STRONG><a name="[249]"></a>HAL_ADC_GetState</STRONG> (Thumb, 6 bytes, Stack size 0 bytes, stm32l0xx_hal_adc.o(.text), UNUSED)

<P><STRONG><a name="[24a]"></a>HAL_ADC_GetError</STRONG> (Thumb, 6 bytes, Stack size 0 bytes, stm32l0xx_hal_adc.o(.text), UNUSED)

<P><STRONG><a name="[82]"></a>HAL_ADCEx_Calibration_Start</STRONG> (Thumb, 184 bytes, Stack size 24 bytes, stm32l0xx_hal_adc_ex.o(.text))
<BR><BR>[Stack]<UL><LI>Max Depth = 24<LI>Call Chain = HAL_ADCEx_Calibration_Start
</UL>
<BR>[Calls]<UL><LI><a href="#[110]">&gt;&gt;</a>&nbsp;&nbsp;&nbsp;HAL_GetTick
</UL>
<BR>[Called By]<UL><LI><a href="#[85]">&gt;&gt;</a>&nbsp;&nbsp;&nbsp;AdcMcuReadChannel
<LI><a href="#[80]">&gt;&gt;</a>&nbsp;&nbsp;&nbsp;AdcMcuConfig
</UL>

<P><STRONG><a name="[24b]"></a>HAL_ADCEx_Calibration_GetValue</STRONG> (Thumb, 14 bytes, Stack size 0 bytes, stm32l0xx_hal_adc_ex.o(.text), UNUSED)

<P><STRONG><a name="[24c]"></a>HAL_ADCEx_Calibration_SetValue</STRONG> (Thumb, 140 bytes, Stack size 12 bytes, stm32l0xx_hal_adc_ex.o(.text), UNUSED)

<P><STRONG><a name="[124]"></a>HAL_ADCEx_EnableVREFINT</STRONG> (Thumb, 58 bytes, Stack size 8 bytes, stm32l0xx_hal_adc_ex.o(.text), UNUSED)
<BR><BR>[Calls]<UL><LI><a href="#[110]">&gt;&gt;</a>&nbsp;&nbsp;&nbsp;HAL_GetTick
</UL>

<P><STRONG><a name="[24d]"></a>HAL_ADCEx_DisableVREFINT</STRONG> (Thumb, 16 bytes, Stack size 0 bytes, stm32l0xx_hal_adc_ex.o(.text), UNUSED)

<P><STRONG><a name="[125]"></a>HAL_ADCEx_EnableVREFINTTempSensor</STRONG> (Thumb, 58 bytes, Stack size 8 bytes, stm32l0xx_hal_adc_ex.o(.text), UNUSED)
<BR><BR>[Calls]<UL><LI><a href="#[110]">&gt;&gt;</a>&nbsp;&nbsp;&nbsp;HAL_GetTick
</UL>

<P><STRONG><a name="[24e]"></a>HAL_ADCEx_DisableVREFINTTempSensor</STRONG> (Thumb, 16 bytes, Stack size 0 bytes, stm32l0xx_hal_adc_ex.o(.text), UNUSED)

<P><STRONG><a name="[96]"></a>HAL_NVIC_SetPriority</STRONG> (Thumb, 18 bytes, Stack size 16 bytes, stm32l0xx_hal_cortex.o(.text))
<BR><BR>[Stack]<UL><LI>Max Depth = 24<LI>Call Chain = HAL_NVIC_SetPriority &rArr; NVIC_SetPriority
</UL>
<BR>[Calls]<UL><LI><a href="#[126]">&gt;&gt;</a>&nbsp;&nbsp;&nbsp;NVIC_SetPriority
</UL>
<BR>[Called By]<UL><LI><a href="#[e9]">&gt;&gt;</a>&nbsp;&nbsp;&nbsp;UartMcuConfig
<LI><a href="#[b4]">&gt;&gt;</a>&nbsp;&nbsp;&nbsp;GpioMcuSetInterrupt
<LI><a href="#[98]">&gt;&gt;</a>&nbsp;&nbsp;&nbsp;RtcInit
<LI><a href="#[8e]">&gt;&gt;</a>&nbsp;&nbsp;&nbsp;SystemClockConfig
<LI><a href="#[10c]">&gt;&gt;</a>&nbsp;&nbsp;&nbsp;HAL_InitTick
</UL>

<P><STRONG><a name="[b5]"></a>HAL_NVIC_EnableIRQ</STRONG> (Thumb, 18 bytes, Stack size 0 bytes, stm32l0xx_hal_cortex.o(.text))
<BR><BR>[Called By]<UL><LI><a href="#[e9]">&gt;&gt;</a>&nbsp;&nbsp;&nbsp;UartMcuConfig
<LI><a href="#[b4]">&gt;&gt;</a>&nbsp;&nbsp;&nbsp;GpioMcuSetInterrupt
<LI><a href="#[98]">&gt;&gt;</a>&nbsp;&nbsp;&nbsp;RtcInit
</UL>

<P><STRONG><a name="[24f]"></a>HAL_NVIC_DisableIRQ</STRONG> (Thumb, 20 bytes, Stack size 0 bytes, stm32l0xx_hal_cortex.o(.text), UNUSED)

<P><STRONG><a name="[250]"></a>HAL_NVIC_SystemReset</STRONG> (Thumb, 50 bytes, Stack size 0 bytes, stm32l0xx_hal_cortex.o(.text), UNUSED)

<P><STRONG><a name="[94]"></a>HAL_SYSTICK_Config</STRONG> (Thumb, 46 bytes, Stack size 16 bytes, stm32l0xx_hal_cortex.o(.text))
<BR><BR>[Stack]<UL><LI>Max Depth = 24<LI>Call Chain = HAL_SYSTICK_Config &rArr; NVIC_SetPriority
</UL>
<BR>[Calls]<UL><LI><a href="#[126]">&gt;&gt;</a>&nbsp;&nbsp;&nbsp;NVIC_SetPriority
</UL>
<BR>[Called By]<UL><LI><a href="#[8e]">&gt;&gt;</a>&nbsp;&nbsp;&nbsp;SystemClockConfig
<LI><a href="#[10c]">&gt;&gt;</a>&nbsp;&nbsp;&nbsp;HAL_InitTick
</UL>

<P><STRONG><a name="[251]"></a>HAL_NVIC_GetPriority</STRONG> (Thumb, 62 bytes, Stack size 0 bytes, stm32l0xx_hal_cortex.o(.text), UNUSED)

<P><STRONG><a name="[252]"></a>HAL_NVIC_SetPendingIRQ</STRONG> (Thumb, 18 bytes, Stack size 0 bytes, stm32l0xx_hal_cortex.o(.text), UNUSED)

<P><STRONG><a name="[253]"></a>HAL_NVIC_GetPendingIRQ</STRONG> (Thumb, 34 bytes, Stack size 8 bytes, stm32l0xx_hal_cortex.o(.text), UNUSED)

<P><STRONG><a name="[254]"></a>HAL_NVIC_ClearPendingIRQ</STRONG> (Thumb, 20 bytes, Stack size 0 bytes, stm32l0xx_hal_cortex.o(.text), UNUSED)

<P><STRONG><a name="[95]"></a>HAL_SYSTICK_CLKSourceConfig</STRONG> (Thumb, 32 bytes, Stack size 0 bytes, stm32l0xx_hal_cortex.o(.text))
<BR><BR>[Called By]<UL><LI><a href="#[8e]">&gt;&gt;</a>&nbsp;&nbsp;&nbsp;SystemClockConfig
</UL>

<P><STRONG><a name="[127]"></a>HAL_SYSTICK_Callback</STRONG> (Thumb, 2 bytes, Stack size 0 bytes, stm32l0xx_hal_cortex.o(.text))
<BR><BR>[Called By]<UL><LI><a href="#[ad]">&gt;&gt;</a>&nbsp;&nbsp;&nbsp;HAL_SYSTICK_IRQHandler
</UL>

<P><STRONG><a name="[ad]"></a>HAL_SYSTICK_IRQHandler</STRONG> (Thumb, 8 bytes, Stack size 8 bytes, stm32l0xx_hal_cortex.o(.text))
<BR><BR>[Stack]<UL><LI>Max Depth = 8<LI>Call Chain = HAL_SYSTICK_IRQHandler
</UL>
<BR>[Calls]<UL><LI><a href="#[127]">&gt;&gt;</a>&nbsp;&nbsp;&nbsp;HAL_SYSTICK_Callback
</UL>
<BR>[Called By]<UL><LI><a href="#[a]">&gt;&gt;</a>&nbsp;&nbsp;&nbsp;SysTick_Handler
</UL>

<P><STRONG><a name="[255]"></a>HAL_MPU_ConfigRegion</STRONG> (Thumb, 86 bytes, Stack size 0 bytes, stm32l0xx_hal_cortex.o(.text), UNUSED)

<P><STRONG><a name="[256]"></a>HAL_DMA_Init</STRONG> (Thumb, 390 bytes, Stack size 0 bytes, stm32l0xx_hal_dma.o(.text), UNUSED)

<P><STRONG><a name="[257]"></a>HAL_DMA_DeInit</STRONG> (Thumb, 670 bytes, Stack size 0 bytes, stm32l0xx_hal_dma.o(.text), UNUSED)

<P><STRONG><a name="[128]"></a>HAL_DMA_Start</STRONG> (Thumb, 78 bytes, Stack size 24 bytes, stm32l0xx_hal_dma.o(.text), UNUSED)
<BR><BR>[Calls]<UL><LI><a href="#[129]">&gt;&gt;</a>&nbsp;&nbsp;&nbsp;DMA_SetConfig
</UL>

<P><STRONG><a name="[11f]"></a>HAL_DMA_Start_IT</STRONG> (Thumb, 114 bytes, Stack size 24 bytes, stm32l0xx_hal_dma.o(.text), UNUSED)
<BR><BR>[Calls]<UL><LI><a href="#[129]">&gt;&gt;</a>&nbsp;&nbsp;&nbsp;DMA_SetConfig
</UL>
<BR>[Called By]<UL><LI><a href="#[181]">&gt;&gt;</a>&nbsp;&nbsp;&nbsp;HAL_UART_Receive_DMA
<LI><a href="#[17f]">&gt;&gt;</a>&nbsp;&nbsp;&nbsp;HAL_UART_Transmit_DMA
<LI><a href="#[16c]">&gt;&gt;</a>&nbsp;&nbsp;&nbsp;HAL_SPI_Receive_DMA
<LI><a href="#[16b]">&gt;&gt;</a>&nbsp;&nbsp;&nbsp;HAL_SPI_TransmitReceive_DMA
<LI><a href="#[168]">&gt;&gt;</a>&nbsp;&nbsp;&nbsp;HAL_SPI_Transmit_DMA
<LI><a href="#[11e]">&gt;&gt;</a>&nbsp;&nbsp;&nbsp;HAL_ADC_Start_DMA
</UL>

<P><STRONG><a name="[121]"></a>HAL_DMA_Abort</STRONG> (Thumb, 100 bytes, Stack size 16 bytes, stm32l0xx_hal_dma.o(.text), UNUSED)
<BR><BR>[Calls]<UL><LI><a href="#[110]">&gt;&gt;</a>&nbsp;&nbsp;&nbsp;HAL_GetTick
</UL>
<BR>[Called By]<UL><LI><a href="#[182]">&gt;&gt;</a>&nbsp;&nbsp;&nbsp;HAL_UART_DMAStop
<LI><a href="#[16d]">&gt;&gt;</a>&nbsp;&nbsp;&nbsp;HAL_SPI_DMAStop
<LI><a href="#[120]">&gt;&gt;</a>&nbsp;&nbsp;&nbsp;HAL_ADC_Stop_DMA
</UL>

<P><STRONG><a name="[12a]"></a>HAL_DMA_PollForTransfer</STRONG> (Thumb, 744 bytes, Stack size 24 bytes, stm32l0xx_hal_dma.o(.text), UNUSED)
<BR><BR>[Calls]<UL><LI><a href="#[110]">&gt;&gt;</a>&nbsp;&nbsp;&nbsp;HAL_GetTick
</UL>

<P><STRONG><a name="[258]"></a>HAL_DMA_IRQHandler</STRONG> (Thumb, 796 bytes, Stack size 8 bytes, stm32l0xx_hal_dma.o(.text), UNUSED)

<P><STRONG><a name="[259]"></a>HAL_DMA_GetState</STRONG> (Thumb, 8 bytes, Stack size 0 bytes, stm32l0xx_hal_dma.o(.text), UNUSED)

<P><STRONG><a name="[25a]"></a>HAL_DMA_GetError</STRONG> (Thumb, 6 bytes, Stack size 0 bytes, stm32l0xx_hal_dma.o(.text), UNUSED)

<P><STRONG><a name="[b3]"></a>HAL_GPIO_Init</STRONG> (Thumb, 472 bytes, Stack size 16 bytes, stm32l0xx_hal_gpio.o(.text))
<BR><BR>[Stack]<UL><LI>Max Depth = 16<LI>Call Chain = HAL_GPIO_Init
</UL>
<BR>[Called By]<UL><LI><a href="#[b6]">&gt;&gt;</a>&nbsp;&nbsp;&nbsp;GpioMcuRemoveInterrupt
<LI><a href="#[b4]">&gt;&gt;</a>&nbsp;&nbsp;&nbsp;GpioMcuSetInterrupt
[...]
</UL>
<BR>[Calls]<UL><LI><a href="#[70]">&gt;&gt;</a>&nbsp;&nbsp;&nbsp;TimerStop
</UL>
<BR>[Called By]<UL><LI><a href="#[4c]">&gt;&gt;</a>&nbsp;&nbsp;&nbsp;OnRadioRxDone
</UL>

<P><STRONG><a name="[197]"></a>SetMlmeScheduleUplinkIndication</STRONG> (Thumb, 22 bytes, Stack size 0 bytes, loramac.o(.text))
<BR><BR>[Called By]<UL><LI><a href="#[46]">&gt;&gt;</a>&nbsp;&nbsp;&nbsp;OnMacStateCheckTimerEvent
<LI><a href="#[196]">&gt;&gt;</a>&nbsp;&nbsp;&nbsp;AddMacCommand
</UL>

<P><STRONG><a name="[196]"></a>AddMacCommand</STRONG> (Thumb, 566 bytes, Stack size 24 bytes, loramac.o(.text))
<BR><BR>[Stack]<UL><LI>Max Depth = 32<LI>Call Chain = AddMacCommand &rArr; __ARM_common_switch8
</UL>
<BR>[Calls]<UL><LI><a href="#[6c]">&gt;&gt;</a>&nbsp;&nbsp;&nbsp;__ARM_common_switch8
<LI><a href="#[197]">&gt;&gt;</a>&nbsp;&nbsp;&nbsp;SetMlmeScheduleUplinkIndication
</UL>
<BR>[Called By]<UL><LI><a href="#[72]">&gt;&gt;</a>&nbsp;&nbsp;&nbsp;LoRaMacMlmeRequest
<LI><a href="#[198]">&gt;&gt;</a>&nbsp;&nbsp;&nbsp;ProcessMacCommands
</UL>

<P><STRONG><a name="[198]"></a>ProcessMacCommands</STRONG> (Thumb, 874 bytes, Stack size 80 bytes, loramac.o(.text))
<BR><BR>[Stack]<UL><LI>Max Depth = 296<LI>Call Chain = ProcessMacCommands &rArr; RegionLinkAdrReq &rArr; RegionCN470LinkAdrReq &rArr; RegionCommonLinkAdrReqVerifyParams &rArr; RegionCommonChanVerifyDr
</UL>
<BR>[Calls]<UL><LI><a href="#[a5]">&gt;&gt;</a>&nbsp;&nbsp;&nbsp;__aeabi_ui2f
<LI><a href="#[6c]">&gt;&gt;</a>&nbsp;&nbsp;&nbsp;__ARM_common_switch8
<LI><a href="#[19c]">&gt;&gt;</a>&nbsp;&nbsp;&nbsp;RegionTxParamSetupReq
<LI><a href="#[19a]">&gt;&gt;</a>&nbsp;&nbsp;&nbsp;RegionRxParamSetupReq
<LI><a href="#[19b]">&gt;&gt;</a>&nbsp;&nbsp;&nbsp;RegionNewChannelReq
<LI><a href="#[199]">&gt;&gt;</a>&nbsp;&nbsp;&nbsp;RegionLinkAdrReq
<LI><a href="#[19d]">&gt;&gt;</a>&nbsp;&nbsp;&nbsp;RegionDlChannelReq
<LI><a href="#[196]">&gt;&gt;</a>&nbsp;&nbsp;&nbsp;AddMacCommand
<LI><a href="#[a9]">&gt;&gt;</a>&nbsp;&nbsp;&nbsp;__aeabi_idivmod
</UL>
<BR>[Called By]<UL><LI><a href="#[4c]">&gt;&gt;</a>&nbsp;&nbsp;&nbsp;OnRadioRxDone
</UL>

<P><STRONG><a name="[4c]"></a>OnRadioRxDone</STRONG> (Thumb, 1786 bytes, Stack size 136 bytes, loramac.o(.text))
<BR><BR>[Stack]<UL><LI>Max Depth = 444<LI>Call Chain = OnRadioRxDone &rArr; CheckToDisableAckTimeout &rArr; TimerStop &rArr; TimerSetTimeout &rArr; RtcSetTimeout &rArr; RtcStartWakeUpAlarm &rArr; RtcComputeTimerTimeToAlarmTick &rArr; __aeabi_idivmod &rArr; __aeabi_uidivmod
</UL>
<BR>[Calls]<UL><LI><a href="#[1a4]">&gt;&gt;</a>&nbsp;&nbsp;&nbsp;memcpy1
<LI><a href="#[70]">&gt;&gt;</a>&nbsp;&nbsp;&nbsp;TimerStop
<LI><a href="#[7c]">&gt;&gt;</a>&nbsp;&nbsp;&nbsp;TimerStart
<LI><a href="#[7b]">&gt;&gt;</a>&nbsp;&nbsp;&nbsp;TimerSetValue
<LI><a href="#[192]">&gt;&gt;</a>&nbsp;&nbsp;&nbsp;RegionGetPhyParam
<LI><a href="#[1a1]">&gt;&gt;</a>&nbsp;&nbsp;&nbsp;RegionApplyCFList
<LI><a href="#[1a3]">&gt;&gt;</a>&nbsp;&nbsp;&nbsp;LoRaMacPayloadDecrypt
<LI><a href="#[19e]">&gt;&gt;</a>&nbsp;&nbsp;&nbsp;LoRaMacJoinDecrypt
<LI><a href="#[1a0]">&gt;&gt;</a>&nbsp;&nbsp;&nbsp;LoRaMacJoinComputeSKeys
<LI><a href="#[19f]">&gt;&gt;</a>&nbsp;&nbsp;&nbsp;LoRaMacJoinComputeMic
<LI><a href="#[1a2]">&gt;&gt;</a>&nbsp;&nbsp;&nbsp;LoRaMacComputeMic
<LI><a href="#[198]">&gt;&gt;</a>&nbsp;&nbsp;&nbsp;ProcessMacCommands
<LI><a href="#[195]">&gt;&gt;</a>&nbsp;&nbsp;&nbsp;CheckToDisableAckTimeout
<LI><a href="#[194]">&gt;&gt;</a>&nbsp;&nbsp;&nbsp;PrepareRxDoneAbort
</UL>
<BR>[Address Reference Count : 1]<UL><LI> loramac.o(.text)
</UL>
<P><STRONG><a name="[4e]"></a>OnRadioTxTimeout</STRONG> (Thumb, 48 bytes, Stack size 8 bytes, loramac.o(.text))
<BR><BR>[Stack]<UL><LI>Max Depth = 308<LI>Call Chain = OnRadioTxTimeout &rArr; OpenContinuousRx2Window &rArr; OnRxWindow2TimerEvent &rArr; TimerStop &rArr; TimerSetTimeout &rArr; RtcSetTimeout &rArr; RtcStartWakeUpAlarm &rArr; RtcComputeTimerTimeToAlarmTick &rArr; __aeabi_idivmod &rArr; __aeabi_uidivmod
</UL>
<BR>[Calls]<UL><LI><a href="#[190]">&gt;&gt;</a>&nbsp;&nbsp;&nbsp;OpenContinuousRx2Window
</UL>
<BR>[Address Reference Count : 1]<UL><LI> loramac.o(.text)
</UL>
<P><STRONG><a name="[4d]"></a>OnRadioRxError</STRONG> (Thumb, 146 bytes, Stack size 8 bytes, loramac.o(.text))
<BR><BR>[Stack]<UL><LI>Max Depth = 308<LI>Call Chain = OnRadioRxError &rArr; OpenContinuousRx2Window &rArr; OnRxWindow2TimerEvent &rArr; TimerStop &rArr; TimerSetTimeout &rArr; RtcSetTimeout &rArr; RtcStartWakeUpAlarm &rArr; RtcComputeTimerTimeToAlarmTick &rArr; __aeabi_idivmod &rArr; __aeabi_uidivmod
</UL>
<BR>[Calls]<UL><LI><a href="#[70]">&gt;&gt;</a>&nbsp;&nbsp;&nbsp;TimerStop
<LI><a href="#[1a5]">&gt;&gt;</a>&nbsp;&nbsp;&nbsp;TimerGetElapsedTime
<LI><a href="#[190]">&gt;&gt;</a>&nbsp;&nbsp;&nbsp;OpenContinuousRx2Window
</UL>
<BR>[Address Reference Count : 1]<UL><LI> loramac.o(.text)
</UL>
<P><STRONG><a name="[4f]"></a>OnRadioRxTimeout</STRONG> (Thumb, 146 bytes, Stack size 8 bytes, loramac.o(.text))
<BR><BR>[Stack]<UL><LI>Max Depth = 308<LI>Call Chain = OnRadioRxTimeout &rArr; OpenContinuousRx2Window &rArr; OnRxWindow2TimerEvent &rArr; TimerStop &rArr; TimerSetTimeout &rArr; RtcSetTimeout &rArr; RtcStartWakeUpAlarm &rArr; RtcComputeTimerTimeToAlarmTick &rArr; __aeabi_idivmod &rArr; __aeabi_uidivmod
</UL>
<BR>[Calls]<UL><LI><a href="#[70]">&gt;&gt;</a>&nbsp;&nbsp;&nbsp;TimerStop
<LI><a href="#[1a5]">&gt;&gt;</a>&nbsp;&nbsp;&nbsp;TimerGetElapsedTime
<LI><a href="#[190]">&gt;&gt;</a>&nbsp;&nbsp;&nbsp;OpenContinuousRx2Window
</UL>
<BR>[Address Reference Count : 1]<UL><LI> loramac.o(.text)
</UL>
<P><STRONG><a name="[1b0]"></a>IsStickyMacCommandPending</STRONG> (Thumb, 16 bytes, Stack size 0 bytes, loramac.o(.text))
<BR><BR>[Called By]<UL><LI><a href="#[46]">&gt;&gt;</a>&nbsp;&nbsp;&nbsp;OnMacStateCheckTimerEvent
</UL>

<P><STRONG><a name="[1a8]"></a>ValidatePayloadLength</STRONG> (Thumb, 80 bytes, Stack size 32 bytes, loramac.o(.text))
<BR><BR>[Stack]<UL><LI>Max Depth = 116<LI>Call Chain = ValidatePayloadLength &rArr; RegionGetPhyParam &rArr; RegionCN470GetPhyParam &rArr; randr &rArr; __aeabi_idivmod &rArr; __aeabi_uidivmod
</UL>
<BR>[Calls]<UL><LI><a href="#[192]">&gt;&gt;</a>&nbsp;&nbsp;&nbsp;RegionGetPhyParam
</UL>
<BR>[Called By]<UL><LI><a href="#[6e]">&gt;&gt;</a>&nbsp;&nbsp;&nbsp;LoRaMacQueryTxPossible
<LI><a href="#[1ab]">&gt;&gt;</a>&nbsp;&nbsp;&nbsp;ScheduleTx
</UL>

<P><STRONG><a name="[1a9]"></a>CalculateBackOff</STRONG> (Thumb, 78 bytes, Stack size 24 bytes, loramac.o(.text))
<BR><BR>[Stack]<UL><LI>Max Depth = 232<LI>Call Chain = CalculateBackOff &rArr; TimerGetElapsedTime &rArr; RtcComputeElapsedTime &rArr; RtcConvertTickToMs &rArr; round &rArr; __aeabi_dsub &rArr; __aeabi_dadd &rArr; _double_epilogue &rArr; __aeabi_llsr
</UL>
<BR>[Calls]<UL><LI><a href="#[1a5]">&gt;&gt;</a>&nbsp;&nbsp;&nbsp;TimerGetElapsedTime
<LI><a href="#[1aa]">&gt;&gt;</a>&nbsp;&nbsp;&nbsp;RegionCalcBackOff
</UL>
<BR>[Called By]<UL><LI><a href="#[1ab]">&gt;&gt;</a>&nbsp;&nbsp;&nbsp;ScheduleTx
</UL>

<P><STRONG><a name="[1ab]"></a>ScheduleTx</STRONG> (Thumb, 344 bytes, Stack size 40 bytes, loramac.o(.text))
<BR><BR>[Stack]<UL><LI>Max Depth = 456<LI>Call Chain = ScheduleTx &rArr; RegionNextChannel &rArr; RegionCN470NextChannel &rArr; RegionCommonUpdateBandTimeOff &rArr; TimerGetElapsedTime &rArr; RtcComputeElapsedTime &rArr; RtcConvertTickToMs &rArr; round &rArr; __aeabi_dsub &rArr; __aeabi_dadd &rArr; _double_epilogue &rArr; __aeabi_llsr
</UL>
<BR>[Calls]<UL><LI><a href="#[7c]">&gt;&gt;</a>&nbsp;&nbsp;&nbsp;TimerStart
<LI><a href="#[7b]">&gt;&gt;</a>&nbsp;&nbsp;&nbsp;TimerSetValue
<LI><a href="#[1ac]">&gt;&gt;</a>&nbsp;&nbsp;&nbsp;RegionNextChannel
<LI><a href="#[1ae]">&gt;&gt;</a>&nbsp;&nbsp;&nbsp;RegionComputeRxWindowParameters
<LI><a href="#[1ad]">&gt;&gt;</a>&nbsp;&nbsp;&nbsp;RegionApplyDrOffset
<LI><a href="#[1a6]">&gt;&gt;</a>&nbsp;&nbsp;&nbsp;SendFrameOnChannel
<LI><a href="#[1a9]">&gt;&gt;</a>&nbsp;&nbsp;&nbsp;CalculateBackOff
<LI><a href="#[1a8]">&gt;&gt;</a>&nbsp;&nbsp;&nbsp;ValidatePayloadLength
</UL>
<BR>[Called By]<UL><LI><a href="#[1b6]">&gt;&gt;</a>&nbsp;&nbsp;&nbsp;Send
<LI><a href="#[46]">&gt;&gt;</a>&nbsp;&nbsp;&nbsp;OnMacStateCheckTimerEvent
<LI><a href="#[47]">&gt;&gt;</a>&nbsp;&nbsp;&nbsp;OnTxDelayedTimerEvent
</UL>

<P><STRONG><a name="[47]"></a>OnTxDelayedTimerEvent</STRONG> (Thumb, 28 bytes, Stack size 8 bytes, loramac.o(.text))
<BR><BR>[Stack]<UL><LI>Max Depth = 464<LI>Call Chain = OnTxDelayedTimerEvent &rArr; ScheduleTx &rArr; RegionNextChannel &rArr; RegionCN470NextChannel &rArr; RegionCommonUpdateBandTimeOff &rArr; TimerGetElapsedTime &rArr; RtcComputeElapsedTime &rArr; RtcConvertTickToMs &rArr; round &rArr; __aeabi_dsub &rArr; __aeabi_dadd &rArr; _double_epilogue &rArr; __aeabi_llsr
</UL>
<BR>[Calls]<UL><LI><a href="#[70]">&gt;&gt;</a>&nbsp;&nbsp;&nbsp;TimerStop
<LI><a href="#[1ab]">&gt;&gt;</a>&nbsp;&nbsp;&nbsp;ScheduleTx
</UL>
<BR>[Called By]<UL><LI><a href="#[46]">&gt;&gt;</a>&nbsp;&nbsp;&nbsp;OnMacStateCheckTimerEvent
</UL>
<BR>[Address Reference Count : 1]<UL><LI> loramac.o(.text)
</UL>
<P><STRONG><a name="[46]"></a>OnMacStateCheckTimerEvent</STRONG> (Thumb, 1054 bytes, Stack size 16 bytes, loramac.o(.text))
<BR><BR>[Stack]<UL><LI>Max Depth = 480<LI>Call Chain = OnMacStateCheckTimerEvent &rArr; OnTxDelayedTimerEvent &rArr; ScheduleTx &rArr; RegionNextChannel &rArr; RegionCN470NextChannel &rArr; RegionCommonUpdateBandTimeOff &rArr; TimerGetElapsedTime &rArr; RtcComputeElapsedTime &rArr; RtcConvertTickToMs &rArr; round &rArr; __aeabi_dsub &rArr; __aeabi_dadd &rArr; _double_epilogue &rArr; __aeabi_llsr
</UL>
<BR>[Calls]<UL><LI><a href="#[70]">&gt;&gt;</a>&nbsp;&nbsp;&nbsp;TimerStop
<LI><a href="#[7c]">&gt;&gt;</a>&nbsp;&nbsp;&nbsp;TimerStart
<LI><a href="#[7b]">&gt;&gt;</a>&nbsp;&nbsp;&nbsp;TimerSetValue
<LI><a href="#[1af]">&gt;&gt;</a>&nbsp;&nbsp;&nbsp;RegionInitDefaults
<LI><a href="#[192]">&gt;&gt;</a>&nbsp;&nbsp;&nbsp;RegionGetPhyParam
<LI><a href="#[47]">&gt;&gt;</a>&nbsp;&nbsp;&nbsp;OnTxDelayedTimerEvent
<LI><a href="#[1ab]">&gt;&gt;</a>&nbsp;&nbsp;&nbsp;ScheduleTx
<LI><a href="#[1b0]">&gt;&gt;</a>&nbsp;&nbsp;&nbsp;IsStickyMacCommandPending
<LI><a href="#[197]">&gt;&gt;</a>&nbsp;&nbsp;&nbsp;SetMlmeScheduleUplinkIndication
<LI><a href="#[190]">&gt;&gt;</a>&nbsp;&nbsp;&nbsp;OpenContinuousRx2Window
</UL>
<BR>[Address Reference Count : 1]<UL><LI> loramac.o(.text)
</UL>
<P><STRONG><a name="[48]"></a>OnRxWindow1TimerEvent</STRONG> (Thumb, 98 bytes, Stack size 8 bytes, loramac.o(.text))
<BR><BR>[Stack]<UL><LI>Max Depth = 292<LI>Call Chain = OnRxWindow1TimerEvent &rArr; TimerStop &rArr; TimerSetTimeout &rArr; RtcSetTimeout &rArr; RtcStartWakeUpAlarm &rArr; RtcComputeTimerTimeToAlarmTick &rArr; __aeabi_idivmod &rArr; __aeabi_uidivmod
</UL>
<BR>[Calls]<UL><LI><a href="#[70]">&gt;&gt;</a>&nbsp;&nbsp;&nbsp;TimerStop
<LI><a href="#[18e]">&gt;&gt;</a>&nbsp;&nbsp;&nbsp;RegionRxConfig
<LI><a href="#[18f]">&gt;&gt;</a>&nbsp;&nbsp;&nbsp;RxWindowSetup
</UL>
<BR>[Address Reference Count : 1]<UL><LI> loramac.o(.text)
</UL>
<P><STRONG><a name="[1b1]"></a>ParseMacCommandsToRepeat</STRONG> (Thumb, 126 bytes, Stack size 20 bytes, loramac.o(.text))
<BR><BR>[Stack]<UL><LI>Max Depth = 28<LI>Call Chain = ParseMacCommandsToRepeat &rArr; __ARM_common_switch8
</UL>
<BR>[Calls]<UL><LI><a href="#[6c]">&gt;&gt;</a>&nbsp;&nbsp;&nbsp;__ARM_common_switch8
</UL>
<BR>[Called By]<UL><LI><a href="#[1b2]">&gt;&gt;</a>&nbsp;&nbsp;&nbsp;PrepareFrame
</UL>

<P><STRONG><a name="[1b7]"></a>ResetMacParameters</STRONG> (Thumb, 198 bytes, Stack size 8 bytes, loramac.o(.text))
<BR><BR>[Stack]<UL><LI>Max Depth = 48<LI>Call Chain = ResetMacParameters &rArr; RegionInitDefaults &rArr; RegionCN470InitDefaults &rArr; EnableChannelsMaskByCount
</UL>
<BR>[Calls]<UL><LI><a href="#[1af]">&gt;&gt;</a>&nbsp;&nbsp;&nbsp;RegionInitDefaults
</UL>
<BR>[Called By]<UL><LI><a href="#[72]">&gt;&gt;</a>&nbsp;&nbsp;&nbsp;LoRaMacMlmeRequest
<LI><a href="#[76]">&gt;&gt;</a>&nbsp;&nbsp;&nbsp;LoRaMacInitialization
</UL>

<P><STRONG><a name="[1c4]"></a>IsFPortAllowed</STRONG> (Thumb, 14 bytes, Stack size 0 bytes, loramac.o(.text))
<BR><BR>[Called By]<UL><LI><a href="#[6f]">&gt;&gt;</a>&nbsp;&nbsp;&nbsp;LoRaMacMcpsRequest
</UL>

<P><STRONG><a name="[1e5]"></a>CountChannels</STRONG> (Thumb, 40 bytes, Stack size 12 bytes, regioncommon.o(.text))
<BR><BR>[Stack]<UL><LI>Max Depth = 12<LI>Call Chain = CountChannels
</UL>
<BR>[Called By]<UL><LI><a href="#[1e4]">&gt;&gt;</a>&nbsp;&nbsp;&nbsp;RegionCommonCountChannels
</UL>

<P><STRONG><a name="[1f7]"></a>GetNextLowerTxDr</STRONG> (Thumb, 20 bytes, Stack size 0 bytes, regioncn470.o(.text))
<BR><BR>[Called By]<UL><LI><a href="#[1cc]">&gt;&gt;</a>&nbsp;&nbsp;&nbsp;RegionCN470GetPhyParam
</UL>

<P><STRONG><a name="[1fb]"></a>GetBandwidth</STRONG> (Thumb, 44 bytes, Stack size 0 bytes, regioncn470.o(.text))
<BR><BR>[Called By]<UL><LI><a href="#[1d3]">&gt;&gt;</a>&nbsp;&nbsp;&nbsp;RegionCN470ComputeRxWindowParameters
</UL>

<P><STRONG><a name="[1fc]"></a>LimitTxPower</STRONG> (Thumb, 20 bytes, Stack size 12 bytes, regioncn470.o(.text))
<BR><BR>[Stack]<UL><LI>Max Depth = 12<LI>Call Chain = LimitTxPower
</UL>
<BR>[Called By]<UL><LI><a href="#[1d5]">&gt;&gt;</a>&nbsp;&nbsp;&nbsp;RegionCN470TxConfig
<LI><a href="#[1e0]">&gt;&gt;</a>&nbsp;&nbsp;&nbsp;RegionCN470SetContinuousWave
</UL>

<P><STRONG><a name="[1f6]"></a>CountNbOfEnabledChannels</STRONG> (Thumb, 184 bytes, Stack size 48 bytes, regioncn470.o(.text))
<BR><BR>[Stack]<UL><LI>Max Depth = 48<LI>Call Chain = CountNbOfEnabledChannels
</UL>
<BR>[Calls]<UL><LI><a href="#[1e3]">&gt;&gt;</a>&nbsp;&nbsp;&nbsp;RegionCommonValueInRange
</UL>
<BR>[Called By]<UL><LI><a href="#[1dd]">&gt;&gt;</a>&nbsp;&nbsp;&nbsp;RegionCN470NextChannel
</UL>

<P><STRONG><a name="[1f9]"></a>EnableChannelsMaskByCount</STRONG> (Thumb, 50 bytes, Stack size 16 bytes, regioncn470.o(.text))
<BR><BR>[Stack]<UL><LI>Max Depth = 16<LI>Call Chain = EnableChannelsMaskByCount
</UL>
<BR>[Called By]<UL><LI><a href="#[1dd]">&gt;&gt;</a>&nbsp;&nbsp;&nbsp;RegionCN470NextChannel
<LI><a href="#[1d6]">&gt;&gt;</a>&nbsp;&nbsp;&nbsp;RegionCN470LinkAdrReq
<LI><a href="#[1ce]">&gt;&gt;</a>&nbsp;&nbsp;&nbsp;RegionCN470InitDefaults
<LI><a href="#[1d2]">&gt;&gt;</a>&nbsp;&nbsp;&nbsp;RegionCN470AdrNext
</UL>

<P><STRONG><a name="[1fe]"></a>RxChainCalibration</STRONG> (Thumb, 174 bytes, Stack size 40 bytes, sx1276.o(.text))
<BR><BR>[Stack]<UL><LI>Max Depth = 168<LI>Call Chain = RxChainCalibration &rArr; __aeabi_dmul &rArr; _double_epilogue &rArr; __aeabi_llsr
</UL>
<BR>[Calls]<UL><LI><a href="#[62]">&gt;&gt;</a>&nbsp;&nbsp;&nbsp;SX1276Write
<LI><a href="#[54]">&gt;&gt;</a>&nbsp;&nbsp;&nbsp;SX1276SetChannel
<LI><a href="#[63]">&gt;&gt;</a>&nbsp;&nbsp;&nbsp;SX1276Read
<LI><a href="#[c2]">&gt;&gt;</a>&nbsp;&nbsp;&nbsp;__aeabi_ui2d
<LI><a href="#[c3]">&gt;&gt;</a>&nbsp;&nbsp;&nbsp;__aeabi_dmul
<LI><a href="#[c6]">&gt;&gt;</a>&nbsp;&nbsp;&nbsp;__aeabi_d2uiz
</UL>
<BR>[Called By]<UL><LI><a href="#[51]">&gt;&gt;</a>&nbsp;&nbsp;&nbsp;SX1276Init
<LI><a href="#[50]">&gt;&gt;</a>&nbsp;&nbsp;&nbsp;SX1276OnTimeoutIrq
</UL>

<P><STRONG><a name="[1ff]"></a>GetFskBandwidthRegValue</STRONG> (Thumb, 46 bytes, Stack size 0 bytes, sx1276.o(.text))
<BR><BR>[Called By]<UL><LI><a href="#[57]">&gt;&gt;</a>&nbsp;&nbsp;&nbsp;SX1276SetRxConfig
</UL>

<P><STRONG><a name="[206]"></a>FifoNext</STRONG> (Thumb, 18 bytes, Stack size 16 bytes, fifo.o(.text))
<BR><BR>[Stack]<UL><LI>Max Depth = 44<LI>Call Chain = FifoNext &rArr; __aeabi_idivmod &rArr; __aeabi_uidivmod
</UL>
<BR>[Calls]<UL><LI><a href="#[a9]">&gt;&gt;</a>&nbsp;&nbsp;&nbsp;__aeabi_idivmod
</UL>
<BR>[Called By]<UL><LI><a href="#[ee]">&gt;&gt;</a>&nbsp;&nbsp;&nbsp;IsFifoFull
<LI><a href="#[ef]">&gt;&gt;</a>&nbsp;&nbsp;&nbsp;FifoPush
<LI><a href="#[f2]">&gt;&gt;</a>&nbsp;&nbsp;&nbsp;FifoPop
</UL>

<P><STRONG><a name="[20f]"></a>TimerInsertTimer</STRONG> (Thumb, 110 bytes, Stack size 20 bytes, timer.o(.text))
<BR><BR>[Stack]<UL><LI>Max Depth = 20<LI>Call Chain = TimerInsertTimer
</UL>
<BR>[Called By]<UL><LI><a href="#[7c]">&gt;&gt;</a>&nbsp;&nbsp;&nbsp;TimerStart
</UL>

<P><STRONG><a name="[20a]"></a>TimerSetTimeout</STRONG> (Thumb, 26 bytes, Stack size 8 bytes, timer.o(.text))
<BR><BR>[Stack]<UL><LI>Max Depth = 260<LI>Call Chain = TimerSetTimeout &rArr; RtcSetTimeout &rArr; RtcStartWakeUpAlarm &rArr; RtcComputeTimerTimeToAlarmTick &rArr; __aeabi_idivmod &rArr; __aeabi_uidivmod
</UL>
<BR>[Calls]<UL><LI><a href="#[20b]">&gt;&gt;</a>&nbsp;&nbsp;&nbsp;RtcGetAdjustedTimeoutValue
<LI><a href="#[cf]">&gt;&gt;</a>&nbsp;&nbsp;&nbsp;RtcSetTimeout
</UL>
<BR>[Called By]<UL><LI><a href="#[e1]">&gt;&gt;</a>&nbsp;&nbsp;&nbsp;TimerIrqHandler
<LI><a href="#[70]">&gt;&gt;</a>&nbsp;&nbsp;&nbsp;TimerStop
<LI><a href="#[20c]">&gt;&gt;</a>&nbsp;&nbsp;&nbsp;TimerInsertNewHeadTimer
</UL>

<P><STRONG><a name="[20c]"></a>TimerInsertNewHeadTimer</STRONG> (Thumb, 42 bytes, Stack size 16 bytes, timer.o(.text))
<BR><BR>[Stack]<UL><LI>Max Depth = 276<LI>Call Chain = TimerInsertNewHeadTimer &rArr; TimerSetTimeout &rArr; RtcSetTimeout &rArr; RtcStartWakeUpAlarm &rArr; RtcComputeTimerTimeToAlarmTick &rArr; __aeabi_idivmod &rArr; __aeabi_uidivmod
</UL>
<BR>[Calls]<UL><LI><a href="#[20a]">&gt;&gt;</a>&nbsp;&nbsp;&nbsp;TimerSetTimeout
</UL>
<BR>[Called By]<UL><LI><a href="#[7c]">&gt;&gt;</a>&nbsp;&nbsp;&nbsp;TimerStart
</UL>

<P><STRONG><a name="[20e]"></a>TimerExists</STRONG> (Thumb, 26 bytes, Stack size 0 bytes, timer.o(.text))
<BR><BR>[Called By]<UL><LI><a href="#[7c]">&gt;&gt;</a>&nbsp;&nbsp;&nbsp;TimerStart
</UL>

<P><STRONG><a name="[21c]"></a>copy_block</STRONG> (Thumb, 66 bytes, Stack size 0 bytes, aes.o(.text))
<BR><BR>[Called By]<UL><LI><a href="#[220]">&gt;&gt;</a>&nbsp;&nbsp;&nbsp;aes_cbc_encrypt
<LI><a href="#[21b]">&gt;&gt;</a>&nbsp;&nbsp;&nbsp;mix_sub_columns
</UL>

<P><STRONG><a name="[21d]"></a>copy_block_nn</STRONG> (Thumb, 24 bytes, Stack size 8 bytes, aes.o(.text))
<BR><BR>[Stack]<UL><LI>Max Depth = 8<LI>Call Chain = copy_block_nn
</UL>
<BR>[Called By]<UL><LI><a href="#[1ca]">&gt;&gt;</a>&nbsp;&nbsp;&nbsp;aes_set_key
</UL>

<P><STRONG><a name="[21a]"></a>xor_block</STRONG> (Thumb, 130 bytes, Stack size 0 bytes, aes.o(.text))
<BR><BR>[Called By]<UL><LI><a href="#[220]">&gt;&gt;</a>&nbsp;&nbsp;&nbsp;aes_cbc_encrypt
<LI><a href="#[219]">&gt;&gt;</a>&nbsp;&nbsp;&nbsp;add_round_key
</UL>

<P><STRONG><a name="[21e]"></a>copy_and_key</STRONG> (Thumb, 132 bytes, Stack size 8 bytes, aes.o(.text))
<BR><BR>[Stack]<UL><LI>Max Depth = 8<LI>Call Chain = copy_and_key
</UL>
<BR>[Called By]<UL><LI><a href="#[1cb]">&gt;&gt;</a>&nbsp;&nbsp;&nbsp;aes_encrypt
</UL>

<P><STRONG><a name="[219]"></a>add_round_key</STRONG> (Thumb, 16 bytes, Stack size 16 bytes, aes.o(.text))
<BR><BR>[Stack]<UL><LI>Max Depth = 16<LI>Call Chain = add_round_key
</UL>
<BR>[Calls]<UL><LI><a href="#[21a]">&gt;&gt;</a>&nbsp;&nbsp;&nbsp;xor_block
</UL>
<BR>[Called By]<UL><LI><a href="#[1cb]">&gt;&gt;</a>&nbsp;&nbsp;&nbsp;aes_encrypt
</UL>

<P><STRONG><a name="[21f]"></a>shift_sub_rows</STRONG> (Thumb, 108 bytes, Stack size 0 bytes, aes.o(.text))
<BR><BR>[Called By]<UL><LI><a href="#[1cb]">&gt;&gt;</a>&nbsp;&nbsp;&nbsp;aes_encrypt
</UL>

<P><STRONG><a name="[21b]"></a>mix_sub_columns</STRONG> (Thumb, 630 bytes, Stack size 24 bytes, aes.o(.text))
<BR><BR>[Stack]<UL><LI>Max Depth = 24<LI>Call Chain = mix_sub_columns
</UL>
<BR>[Calls]<UL><LI><a href="#[21c]">&gt;&gt;</a>&nbsp;&nbsp;&nbsp;copy_block
</UL>
<BR>[Called By]<UL><LI><a href="#[1cb]">&gt;&gt;</a>&nbsp;&nbsp;&nbsp;aes_encrypt
</UL>
<P>
<H3>
Undefined Global Symbols
</H3><HR></body></html>
