Component: ARM Compiler 5.06 update 5 (build 528) Tool: armlink [4d35e2]

==============================================================================

Section Cross References

    main.o(.text) refers to adc.o(.text) for AdcInit
    main.o(.text) refers to dfltui.o(.text) for __aeabi_ui2d
    main.o(.text) refers to dmul.o(.text) for __aeabi_dmul
    main.o(.text) refers to ddiv.o(.text) for __aeabi_ddiv
    main.o(.text) refers to d2f.o(.text) for __aeabi_d2f
    main.o(.text) refers to fmul.o(.text) for __aeabi_fmul
    main.o(.text) refers to printfa.o(i.__0sprintf) for __2sprintf
    main.o(.text) refers to strlen.o(.text) for strlen
    main.o(.text) refers to uart.o(.text) for UartPutBuffer
    main.o(.text) refers to board.o(.text) for BoardInitMcu
    main.o(.text) refers to fifo.o(.text) for FifoInit
    main.o(.text) refers to gpio.o(.text) for GpioInit
    main.o(.text) refers to f2d.o(.text) for __aeabi_f2d
    main.o(.text) refers to delay.o(.text) for DelayMs
    main.o(.text) refers to board.o(.bss) for Adc
    main.o(.text) refers to main.o(.bss) for sendBuff
    adc-board.o(.text) refers to stm32l0xx_hal_adc.o(.text) for HAL_ADC_DeInit
    adc-board.o(.text) refers to gpio.o(.text) for GpioInit
    adc-board.o(.text) refers to stm32l0xx_hal_adc_ex.o(.text) for HAL_ADCEx_Calibration_Start
    adc-board.o(.text) refers to adc-board.o(.bss) for AdcHandle
    board.o(.text) refers to gpio.o(.text) for GpioInit
    board.o(.text) refers to stm32l0xx_hal.o(.text) for HAL_DBGMCU_EnableDBGStopMode
    board.o(.text) refers to stm32l0xx_hal_rcc.o(.text) for HAL_RCC_OscConfig
    board.o(.text) refers to stm32l0xx_hal_rcc_ex.o(.text) for HAL_RCCEx_PeriphCLKConfig
    board.o(.text) refers to uidiv.o(.text) for __aeabi_uidivmod
    board.o(.text) refers to stm32l0xx_hal_cortex.o(.text) for HAL_SYSTICK_Config
    board.o(.text) refers to rtc-board.o(.text) for RtcInit
    board.o(.text) refers to adc.o(.text) for AdcInit
    board.o(.text) refers to spi-board.o(.text) for SpiInit
    board.o(.text) refers to sx1276mb1las-board.o(.text) for SX1276IoInit
    board.o(.text) refers to board.o(.data) for SystemWakeupTimeCalibrated
    board.o(.text) refers to board.o(.bss) for Adc
    board.o(.text) refers to sx1276.o(.bss) for SX1276
    board.o(.text) refers to ffltui.o(.text) for __aeabi_ui2f
    board.o(.text) refers to fmul.o(.text) for __aeabi_fmul
    board.o(.text) refers to fdiv.o(.text) for __aeabi_fdiv
    board.o(.text) refers to ffixui.o(.text) for __aeabi_f2uiz
    board.o(.text) refers to idiv.o(.text) for __aeabi_idivmod
    board.o(.text) refers to timer.o(.text) for TimerInit
    delay-board.o(.text) refers to stm32l0xx_hal.o(.text) for HAL_Delay
    eeprom-board.o(.text) refers to stm32l0xx_hal_flash_ex.o(.text) for HAL_FLASHEx_DATAEEPROM_Unlock
    eeprom-board.o(.text) refers to utilities.o(.text) for memcpy1
    gpio-board.o(.text) refers to stm32l0xx_hal_gpio.o(.text) for HAL_GPIO_WritePin
    gpio-board.o(.text) refers to gpio-board.o(i.__ARM_common_switch8) for __ARM_common_switch8
    gpio-board.o(.text) refers to stm32l0xx_hal_cortex.o(.text) for HAL_NVIC_SetPriority
    gpio-board.o(.text) refers to rtc-board.o(.text) for RtcRecoverMcuStatus
    gpio-board.o(.text) refers to gpio-board.o(.bss) for GpioIrq
    i2c-board.o(.text) refers to gpio.o(.text) for GpioInit
    i2c-board.o(.text) refers to stm32l0xx_hal_i2c.o(.text) for HAL_I2C_Init
    i2c-board.o(.text) refers to stm32l0xx_hal_i2c_ex.o(.text) for HAL_I2CEx_ConfigAnalogFilter
    i2c-board.o(.text) refers to i2c-board.o(.bss) for I2cHandle
    i2c-board.o(.text) refers to i2c-board.o(.data) for I2cInternalAddrSize
    rtc-board.o(.text) refers to stm32l0xx_hal_rtc.o(.text) for HAL_RTC_Init
    rtc-board.o(.text) refers to stm32l0xx_hal_rtc_ex.o(.text) for HAL_RTCEx_EnableBypassShadow
    rtc-board.o(.text) refers to stm32l0xx_hal_cortex.o(.text) for HAL_NVIC_SetPriority
    rtc-board.o(.text) refers to dfltui.o(.text) for __aeabi_ui2d
    rtc-board.o(.text) refers to dmul.o(.text) for __aeabi_dmul
    rtc-board.o(.text) refers to ddiv.o(.text) for __aeabi_ddiv
    rtc-board.o(.text) refers to round.o(i.round) for round
    rtc-board.o(.text) refers to dfixui.o(.text) for __aeabi_d2uiz
    rtc-board.o(.text) refers to memcpya.o(.text) for __aeabi_memcpy4
    rtc-board.o(.text) refers to idiv.o(.text) for __aeabi_idivmod
    rtc-board.o(.text) refers to rtc-board.o(.data) for RtcInitialized
    rtc-board.o(.text) refers to rtc-board.o(.bss) for RtcHandle
    rtc-board.o(.text) refers to rtc-board.o(.constdata) for DaysInMonthLeapYear
    rtc-board.o(.text) refers to board.o(.text) for BoardInitMcu
    rtc-board.o(.text) refers to stm32l0xx_hal_pwr.o(.text) for HAL_PWR_DisablePVD
    rtc-board.o(.text) refers to stm32l0xx_hal_pwr_ex.o(.text) for HAL_PWREx_EnableUltraLowPower
    rtc-board.o(.text) refers to memseta.o(.text) for __aeabi_memclr4
[...]
    .text                                    0x080069c0   Section        0  stm32l0xx_hal_rtc_ex.o(.text)
    .text                                    0x080079ec   Section        0  stm32l0xx_hal_spi.o(.text)
    SPI_WaitOnFlagUntilTimeout               0x08007ab9   Thumb Code   280  stm32l0xx_hal_spi.o(.text)
    SPI_TxCloseIRQHandler                    0x0800838f   Thumb Code   170  stm32l0xx_hal_spi.o(.text)
    SPI_TxISR                                0x08008439   Thumb Code    80  stm32l0xx_hal_spi.o(.text)
    SPI_RxCloseIRQHandler                    0x0800855b   Thumb Code   264  stm32l0xx_hal_spi.o(.text)
    SPI_2LinesRxISR                          0x08008663   Thumb Code    60  stm32l0xx_hal_spi.o(.text)
    SPI_RxISR                                0x08008769   Thumb Code    88  stm32l0xx_hal_spi.o(.text)
    SPI_DMAError                             0x080088b9   Thumb Code    34  stm32l0xx_hal_spi.o(.text)
    SPI_DMATransmitCplt                      0x080088db   Thumb Code   134  stm32l0xx_hal_spi.o(.text)
    SPI_DMAHalfTransmitCplt                  0x08008963   Thumb Code    14  stm32l0xx_hal_spi.o(.text)
    SPI_DMAReceiveCplt                       0x08008a73   Thumb Code   226  stm32l0xx_hal_spi.o(.text)
    SPI_DMAHalfReceiveCplt                   0x08008b57   Thumb Code    14  stm32l0xx_hal_spi.o(.text)
    SPI_DMATransmitReceiveCplt               0x08008b65   Thumb Code   226  stm32l0xx_hal_spi.o(.text)
    SPI_DMAHalfTransmitReceiveCplt           0x08008c49   Thumb Code    14  stm32l0xx_hal_spi.o(.text)
    .text                                    0x080090dc   Section        0  stm32l0xx_hal_uart.o(.text)
    UART_DMAError                            0x08009db5   Thumb Code    42  stm32l0xx_hal_uart.o(.text)
    UART_DMATxHalfCplt                       0x08009de1   Thumb Code    14  stm32l0xx_hal_uart.o(.text)
    UART_DMATransmitCplt                     0x08009df1   Thumb Code    58  stm32l0xx_hal_uart.o(.text)
    UART_DMARxHalfCplt                       0x08009ebd   Thumb Code    14  stm32l0xx_hal_uart.o(.text)
    UART_DMAReceiveCplt                      0x08009ecd   Thumb Code    50  stm32l0xx_hal_uart.o(.text)
    UART_EndTransmit_IT                      0x0800a083   Thumb Code    32  stm32l0xx_hal_uart.o(.text)
    UART_Transmit_IT                         0x0800a0a3   Thumb Code   114  stm32l0xx_hal_uart.o(.text)
    UART_Receive_IT                          0x0800a115   Thumb Code   168  stm32l0xx_hal_uart.o(.text)
    .text                                    0x0800a490   Section        0  stm32l0xx_hal_uart_ex.o(.text)
    UART_Wakeup_AddressConfig                0x0800a61d   Thumb Code    54  stm32l0xx_hal_uart_ex.o(.text)
    .text                                    0x0800a724   Section        0  sysirqhandlers.o(.text)
    .text                                    0x0800a734   Section        0  utilities.o(.text)
    .text                                    0x0800a7e8   Section        0  sx1276.o(.text)
    RxChainCalibration                       0x0800a9b9   Thumb Code   174  sx1276.o(.text)
    GetFskBandwidthRegValue                  0x0800ad1d   Thumb Code    46  sx1276.o(.text)
    .text                                    0x0800c29c   Section        0  adc.o(.text)
    .text                                    0x0800c2e8   Section        0  delay.o(.text)
    .text                                    0x0800c314   Section        0  fifo.o(.text)
    FifoNext                                 0x0800c315   Thumb Code    18  fifo.o(.text)
    .text                                    0x0800c39c   Section        0  gpio.o(.text)
    .text                                    0x0800c40c   Section        0  timer.o(.text)
    TimerInsertTimer                         0x0800c41b   Thumb Code   110  timer.o(.text)
    TimerSetTimeout                          0x0800c489   Thumb Code    26  timer.o(.text)
    TimerInsertNewHeadTimer                  0x0800c4a3   Thumb Code    42  timer.o(.text)
    TimerExists                              0x0800c4d5   Thumb Code    26  timer.o(.text)
    .text                                    0x0800c788   Section        0  uart.o(.text)
    .text                                    0x0800c82a   Section        0  uidiv.o(.text)
    .text                                    0x0800c856   Section        0  idiv.o(.text)
    .text                                    0x0800c87e   Section        0  uldiv.o(.text)
    .text                                    0x0800c8de   Section        0  memcpya.o(.text)
    .text                                    0x0800c902   Section        0  memseta.o(.text)
    .text                                    0x0800c926   Section        0  strlen.o(.text)
    .text                                    0x0800c934   Section        0  fmul.o(.text)
    .text                                    0x0800c9ae   Section        0  fdiv.o(.text)
    .text                                    0x0800ca2c   Section        0  dadd.o(.text)
    .text                                    0x0800cb90   Section        0  dmul.o(.text)
    .text                                    0x0800cc60   Section        0  ddiv.o(.text)
    .text                                    0x0800cd50   Section        0  ffltui.o(.text)
    .text                                    0x0800cd60   Section        0  dflti.o(.text)
    .text                                    0x0800cd88   Section        0  dfltui.o(.text)
    .text                                    0x0800cda4   Section        0  dfltul.o(.text)
    .text                                    0x0800cdc0   Section        0  ffixui.o(.text)
    .text                                    0x0800cde8   Section        0  dfixi.o(.text)
    .text                                    0x0800ce30   Section        0  dfixui.o(.text)
    .text                                    0x0800ce6c   Section        0  f2d.o(.text)
    .text                                    0x0800ce94   Section       40  cdrcmple.o(.text)
    .text                                    0x0800cebc   Section        0  d2f.o(.text)
    .text                                    0x0800cef4   Section        0  llshl.o(.text)
    .text                                    0x0800cf14   Section        0  llushr.o(.text)
    .text                                    0x0800cf36   Section        0  llsshr.o(.text)
    .text                                    0x0800cf5c   Section        0  fepilogue.o(.text)
    .text                                    0x0800cf5c   Section        0  iusefp.o(.text)
    .text                                    0x0800cfde   Section        0  depilogue.o(.text)
    .text                                    0x0800d09c   Section        0  drnd.o(.text)
    .text                                    0x0800d118   Section        0  dfixul.o(.text)
    .text                                    0x0800d158   Section       40  cdcmple.o(.text)
    .text                                    0x0800d180   Section       36  init.o(.text)
    i.__0sprintf                             0x0800d1a4   Section        0  printfa.o(i.__0sprintf)
    i.__ARM_clz                              0x0800d1cc   Section        0  depilogue.o(i.__ARM_clz)
    i.__ARM_common_switch8                   0x0800d1fa   Section        0  gpio-board.o(i.__ARM_common_switch8)
    i.__scatterload_copy                     0x0800d216   Section       14  handlers.o(i.__scatterload_copy)
    i.__scatterload_null                     0x0800d224   Section        2  handlers.o(i.__scatterload_null)
    i.__scatterload_zeroinit                 0x0800d226   Section       14  handlers.o(i.__scatterload_zeroinit)
    i._fp_digits                             0x0800d234   Section        0  printfa.o(i._fp_digits)
    _fp_digits                               0x0800d235   Thumb Code   344  printfa.o(i._fp_digits)
    i._printf_core                           0x0800d3a8   Section        0  printfa.o(i._printf_core)
    _printf_core                             0x0800d3a9   Thumb Code  1754  printfa.o(i._printf_core)
    i._printf_post_padding                   0x0800da94   Section        0  printfa.o(i._printf_post_padding)
    _printf_post_padding                     0x0800da95   Thumb Code    32  printfa.o(i._printf_post_padding)
    i._printf_pre_padding                    0x0800dab4   Section        0  printfa.o(i._printf_pre_padding)
    _printf_pre_padding                      0x0800dab5   Thumb Code    44  printfa.o(i._printf_pre_padding)
    i._sputc                                 0x0800dae0   Section        0  printfa.o(i._sputc)
    _sputc                                   0x0800dae1   Thumb Code    10  printfa.o(i._sputc)
    i.ceil                                   0x0800daec   Section        0  ceil.o(i.ceil)
    i.floor                                  0x0800dbb4   Section        0  floor.o(i.floor)
    i.round                                  0x0800dc7c   Section        0  round.o(i.round)
    .constdata                               0x0800dd18   Section       24  rtc-board.o(.constdata)
    DaysInMonth                              0x0800dd18   Data          12  rtc-board.o(.constdata)
    DaysInMonthLeapYear                      0x0800dd24   Data          12  rtc-board.o(.constdata)
    .constdata                               0x0800dd30   Section       33  system_stm32l0xx.o(.constdata)
    .constdata                               0x0800dd54   Section      224  sx1276.o(.constdata)
    .data                                    0x20000000   Section        6  board.o(.data)
    McuInitialized                           0x20000000   Data           1  board.o(.data)
    SystemWakeupTimeCalibrated               0x20000001   Data           1  board.o(.data)
    IrqNestLevel                             0x20000002   Data           1  board.o(.data)
    BatteryVoltage                           0x20000004   Data           2  board.o(.data)
    .data                                    0x20000008   Section       12  rtc-board.o(.data)
    RtcTimerEventAllowsLowPower              0x20000009   Data           1  rtc-board.o(.data)
    LowPowerDisableDuringTask                0x2000000a   Data           1  rtc-board.o(.data)
    RtcInitialized                           0x2000000b   Data           1  rtc-board.o(.data)
    WakeUpTimeInitialized                    0x2000000c   Data           1  rtc-board.o(.data)
    .data                                    0x20000014   Section        2  uart-board.o(.data)
    .data                                    0x20000016   Section        1  sx1276mb1las-board.o(.data)
    RadioIsActive                            0x20000016   Data           1  sx1276mb1las-board.o(.data)
    .data                                    0x20000018   Section        4  system_stm32l0xx.o(.data)
    .data                                    0x2000001c   Section        4  stm32l0xx_hal.o(.data)
    .data                                    0x20000020   Section        4  utilities.o(.data)
    next                                     0x20000020   Data           4  utilities.o(.data)
    .data                                    0x20000024   Section       28  sx1276.o(.data)
    RadioEvents                              0x20000024   Data           4  sx1276.o(.data)
    .data                                    0x20000040   Section        1  adc.o(.data)
    AdcInitialized                           0x20000040   Data           1  adc.o(.data)
    .data                                    0x20000044   Section        8  timer.o(.data)
    TimerListHead                            0x20000048   Data           4  timer.o(.data)
    .bss                                     0x2000004c   Section     1104  main.o(.bss)
    .bss                                     0x2000049c   Section       96  adc-board.o(.bss)
    .bss                                     0x200004fc   Section      116  board.o(.bss)
    CalibrateSystemWakeupTimeTimer           0x2000055c   Data          20  board.o(.bss)
    .bss                                     0x20000570   Section       64  gpio-board.o(.bss)
    GpioIrq                                  0x20000570   Data          64  gpio-board.o(.bss)
    .bss                                     0x200005b0   Section       60  rtc-board.o(.bss)
    .bss                                     0x200005ec   Section      176  spi-board.o(.bss)
    SpiHandle                                0x200005ec   Data         176  spi-board.o(.bss)
    .bss                                     0x2000069c   Section      112  uart-board.o(.bss)
    UartHandle                               0x2000069c   Data         112  uart-board.o(.bss)
    .bss                                     0x2000070c   Section       24  sx1276mb1las-board.o(.bss)
    .bss                                     0x20000724   Section      552  sx1276.o(.bss)
    RxTxBuffer                               0x20000724   Data         256  sx1276.o(.bss)
    STACK                                    0x20000950   Section     1024  startup_stm32l073xx.o(STACK)

    Global Symbols

    Symbol Name                              Value     Ov Type        Size  Object(Section)

    BuildAttributes$$THM_ISAv3M$S$PE$A:L22$X:L11$S22$IEEE1$IW$USESV6$~STKCKD$USESV7$~SHL$OTIME$ROPI$IEEEJ$EBA8$MICROLIB$REQ8$PRES8$EABIv2 0x00000000   Number         0  anon$$obj.o ABSOLUTE
    __ARM_use_no_argv                        0x00000000   Number         0  main.o ABSOLUTE
    _printf_a                                0x00000000   Number         0  stubs.o ABSOLUTE
    _printf_c                                0x00000000   Number         0  stubs.o ABSOLUTE
    _printf_charcount                        0x00000000   Number         0  stubs.o ABSOLUTE
    _printf_d                                0x00000000   Number         0  stubs.o ABSOLUTE
    _printf_e                                0x00000000   Number         0  stubs.o ABSOLUTE
    _printf_f                                0x00000000   Number         0  stubs.o ABSOLUTE
    _printf_flags                            0x00000000   Number         0  stubs.o ABSOLUTE
    _printf_fp_dec                           0x00000000   Number         0  stubs.o ABSOLUTE
    _printf_fp_hex                           0x00000000   Number         0  stubs.o ABSOLUTE
    _printf_g                                0x00000000   Number         0  stubs.o ABSOLUTE
    _printf_i                                0x00000000   Number         0  stubs.o ABSOLUTE
    _printf_int_dec                          0x00000000   Number         0  stubs.o ABSOLUTE
    _printf_l                                0x00000000   Number         0  stubs.o ABSOLUTE
    _printf_lc                               0x00000000   Number         0  stubs.o ABSOLUTE
    _printf_ll                               0x00000000   Number         0  stubs.o ABSOLUTE
    _printf_lld                              0x00000000   Number         0  stubs.o ABSOLUTE
    _printf_lli                              0x00000000   Number         0  stubs.o ABSOLUTE
    _printf_llo                              0x00000000   Number         0  stubs.o ABSOLUTE
    _printf_llu                              0x00000000   Number         0  stubs.o ABSOLUTE
    _printf_llx                              0x00000000   Number         0  stubs.o ABSOLUTE
    _printf_longlong_dec                     0x00000000   Number         0  stubs.o ABSOLUTE
    _printf_longlong_hex                     0x00000000   Number         0  stubs.o ABSOLUTE
    _printf_longlong_oct                     0x00000000   Number         0  stubs.o ABSOLUTE
    _printf_ls                               0x00000000   Number         0  stubs.o ABSOLUTE
    _printf_mbtowc                           0x00000000   Number         0  stubs.o ABSOLUTE
    _printf_n                                0x00000000   Number         0  stubs.o ABSOLUTE
    _printf_o                                0x00000000   Number         0  stubs.o ABSOLUTE
    _printf_p                                0x00000000   Number         0  stubs.o ABSOLUTE
    _printf_percent                          0x00000000   Number         0  stubs.o ABSOLUTE
    _printf_pre_padding                      0x00000000   Number         0  stubs.o ABSOLUTE
    _printf_return_value                     0x00000000   Number         0  stubs.o ABSOLUTE
    _printf_s                                0x00000000   Number         0  stubs.o ABSOLUTE
    _printf_sizespec                         0x00000000   Number         0  stubs.o ABSOLUTE
    _printf_str                              0x00000000   Number         0  stubs.o ABSOLUTE
    _printf_truncate_signed                  0x00000000   Number         0  stubs.o ABSOLUTE
    _printf_truncate_unsigned                0x00000000   Number         0  stubs.o ABSOLUTE
    _printf_u                                0x00000000   Number         0  stubs.o ABSOLUTE
    _printf_wc                               0x00000000   Number         0  stubs.o ABSOLUTE
    _printf_wctomb                           0x00000000   Number         0  stubs.o ABSOLUTE
    _printf_widthprec                        0x00000000   Number         0  stubs.o ABSOLUTE
    _printf_x                                0x00000000   Number         0  stubs.o ABSOLUTE
    __cpp_initialize__aeabi_                  - Undefined Weak Reference
    __cxa_finalize                            - Undefined Weak Reference
    __decompress                              - Undefined Weak Reference
    _clock_init                               - Undefined Weak Reference
    _microlib_exit                            - Undefined Weak Reference
    __Vectors_Size                           0x000000c0   Number         0  startup_stm32l073xx.o ABSOLUTE
    __Vectors                                0x08000000   Data           4  startup_stm32l073xx.o(RESET)
    __Vectors_End                            0x080000c0   Data           0  startup_stm32l073xx.o(RESET)
    __main                                   0x080000c1   Thumb Code     0  entry.o(.ARM.Collect$$$$00000000)
    _main_stk                                0x080000c1   Thumb Code     0  entry2.o(.ARM.Collect$$$$00000001)
    _main_scatterload                        0x080000c5   Thumb Code     0  entry5.o(.ARM.Collect$$$$00000004)
    __main_after_scatterload                 0x080000c9   Thumb Code     0  entry5.o(.ARM.Collect$$$$00000004)
    _main_clock                              0x080000c9   Thumb Code     0  entry7b.o(.ARM.Collect$$$$00000008)
    _main_cpp_init                           0x080000c9   Thumb Code     0  entry8b.o(.ARM.Collect$$$$0000000A)
    _main_init                               0x080000c9   Thumb Code     0  entry9a.o(.ARM.Collect$$$$0000000B)
    __rt_final_cpp                           0x080000d1   Thumb Code     0  entry10a.o(.ARM.Collect$$$$0000000D)
    __rt_final_exit                          0x080000d1   Thumb Code     0  entry11a.o(.ARM.Collect$$$$0000000F)
    GetPinVoltage                            0x080000d5   Thumb Code   100  main.o(.text)
    GPIOCallback                             0x08000139   Thumb Code    30  main.o(.text)
    main                                     0x08000157   Thumb Code   154  main.o(.text)
    AdcMcuInit                               0x0800025d   Thumb Code    58  adc-board.o(.text)
    AdcMcuConfig                             0x08000297   Thumb Code    72  adc-board.o(.text)
    Clean_CHSEL_Flags                        0x080002df   Thumb Code    22  adc-board.o(.text)
    AdcMcuReadChannel                        0x080002f5   Thumb Code   158  adc-board.o(.text)
    BoardDisableIrq                          0x080003b9   Thumb Code    14  board.o(.text)
    BoardEnableIrq                           0x080003c7   Thumb Code    22  board.o(.text)
    BoardInitPeriph                          0x080003dd   Thumb Code   268  board.o(.text)
    GetBoardPowerSource                      0x080004e9   Thumb Code     4  board.o(.text)
    BoardInitMcu                             0x080006e9   Thumb Code    86  board.o(.text)
    BoardResetMcu                            0x0800073f   Thumb Code    52  board.o(.text)
    BoardDeInitMcu                           0x08000773   Thumb Code   134  board.o(.text)
    BoardGetRandomSeed                       0x080007f9   Thumb Code    18  board.o(.text)
    BoardGetUniqueId                         0x0800080b   Thumb Code    94  board.o(.text)
    BoardBatteryMeasureVolage                0x08000869   Thumb Code   120  board.o(.text)
    BoardGetBatteryVoltage                   0x080008e1   Thumb Code     6  board.o(.text)
    BoardGetBatteryLevel                     0x080008e7   Thumb Code   118  board.o(.text)
    SysTick_Handler                          0x0800098f   Thumb Code    12  board.o(.text)
    fputc                                    0x0800099b   Thumb Code     2  board.o(.text)
    DelayMsMcu                               0x080009cd   Thumb Code    12  delay-board.o(.text)
    GpioMcuWrite                             0x080009d9   Thumb Code    52  gpio-board.o(.text)
    GpioMcuInit                              0x08000a0d   Thumb Code   320  gpio-board.o(.text)
    GpioMcuSetInterrupt                      0x08000b4d   Thumb Code   322  gpio-board.o(.text)
    GpioMcuRemoveInterrupt                   0x08000c8f   Thumb Code    48  gpio-board.o(.text)
    GpioMcuToggle                            0x08000cbf   Thumb Code    48  gpio-board.o(.text)
    GpioMcuRead                              0x08000cef   Thumb Code    44  gpio-board.o(.text)
    EXTI0_1_IRQHandler                       0x08000d1b   Thumb Code    20  gpio-board.o(.text)
    EXTI2_3_IRQHandler                       0x08000d2f   Thumb Code    20  gpio-board.o(.text)
    EXTI4_15_IRQHandler                      0x08000d43   Thumb Code    96  gpio-board.o(.text)
    HAL_GPIO_EXTI_Callback                   0x08000da3   Thumb Code    42  gpio-board.o(.text)
    RtcInit                                  0x08000ded   Thumb Code   146  rtc-board.o(.text)
    RtcSetTimeout                            0x0800110b   Thumb Code    18  rtc-board.o(.text)
    RtcGetAdjustedTimeoutValue               0x0800111d   Thumb Code    62  rtc-board.o(.text)
    RtcGetTimerValue                         0x080012b1   Thumb Code    26  rtc-board.o(.text)
    RtcGetElapsedAlarmTime                   0x080012cb   Thumb Code    46  rtc-board.o(.text)
    RtcComputeFutureEventTime                0x080012f9   Thumb Code    12  rtc-board.o(.text)
    RtcComputeElapsedTime                    0x08001305   Thumb Code    46  rtc-board.o(.text)
    RtcRecoverMcuStatus                      0x08001333   Thumb Code    68  rtc-board.o(.text)
    BlockLowPowerDuringTask                  0x08001377   Thumb Code    18  rtc-board.o(.text)
    RtcEnterLowPowerStopMode                 0x08001389   Thumb Code    56  rtc-board.o(.text)
    RtcConvertTimerTimeToCalendarTick        0x0800140d   Thumb Code   276  rtc-board.o(.text)
    RTC_IRQHandler                           0x08001521   Thumb Code    38  rtc-board.o(.text)
    RtcProcess                               0x08001547   Thumb Code     2  rtc-board.o(.text)
    SpiFrequency                             0x08001581   Thumb Code    84  spi-board.o(.text)
    SpiFormat                                0x080015d5   Thumb Code   166  spi-board.o(.text)
    SpiInit                                  0x0800167b   Thumb Code   376  spi-board.o(.text)
    SpiDeInit                                0x080017f3   Thumb Code   106  spi-board.o(.text)
    SpiInOut                                 0x0800185d   Thumb Code   148  spi-board.o(.text)
    UartMcuInit                              0x08001909   Thumb Code   102  uart-board.o(.text)
    UartMcuConfig                            0x0800196f   Thumb Code   298  uart-board.o(.text)
    UartMcuDeInit                            0x08001a99   Thumb Code    96  uart-board.o(.text)
    UartMcuPutChar                           0x08001af9   Thumb Code    78  uart-board.o(.text)
    UartMcuGetChar                           0x08001b47   Thumb Code    56  uart-board.o(.text)
    UartMcuPutBuffer                         0x08001b7f   Thumb Code    60  uart-board.o(.text)
    UartMcuGetBuffer                         0x08001bbb   Thumb Code    56  uart-board.o(.text)
    HAL_UART_TxCpltCallback                  0x08001bf3   Thumb Code    54  uart-board.o(.text)
    HAL_UART_RxCpltCallback                  0x08001c29   Thumb Code    60  uart-board.o(.text)
    HAL_UART_ErrorCallback                   0x08001c65   Thumb Code    16  uart-board.o(.text)
    USART2_IRQHandler                        0x08001c75   Thumb Code    10  uart-board.o(.text)
    USART1_IRQHandler                        0x08001c7f   Thumb Code    10  uart-board.o(.text)
    SX1276IoInit                             0x08001ca1   Thumb Code   154  sx1276mb1las-board.o(.text)
    SX1276IoIrqInit                          0x08001d3b   Thumb Code    90  sx1276mb1las-board.o(.text)
    SX1276IoDeInit                           0x08001d95   Thumb Code   144  sx1276mb1las-board.o(.text)
    SX1276GetBoardTcxoWakeupTime             0x08001e27   Thumb Code     4  sx1276mb1las-board.o(.text)
    SX1276Reset                              0x08001e2b   Thumb Code    64  sx1276mb1las-board.o(.text)
    SX1276GetPaSelect                        0x08001e6b   Thumb Code     6  sx1276mb1las-board.o(.text)
    SX1276SetRfTxPower                       0x08001e71   Thumb Code   200  sx1276mb1las-board.o(.text)
    SX1276AntSwDeInit                        0x08001f39   Thumb Code    40  sx1276mb1las-board.o(.text)
    SX1276AntSwInit                          0x08001f61   Thumb Code    42  sx1276mb1las-board.o(.text)
    SX1276SetAntSwLowPower                   0x08001f8b   Thumb Code    44  sx1276mb1las-board.o(.text)
    SX1276SetAntSw                           0x08001fb7   Thumb Code    68  sx1276mb1las-board.o(.text)
    SX1276CheckRfFrequency                   0x08001ffb   Thumb Code     6  sx1276mb1las-board.o(.text)
    SX1276ReadRssiFsk                        0x08002001   Thumb Code    68  sx1276mb1las-board.o(.text)
    SX1276IsChannelFreeFsk                   0x08002045   Thumb Code    24  sx1276mb1las-board.o(.text)
    Reset_Handler                            0x0800206d   Thumb Code     8  startup_stm32l073xx.o(.text)
    HardFault_Handler                        0x08002077   Thumb Code     2  startup_stm32l073xx.o(.text)
    SVC_Handler                              0x08002079   Thumb Code     2  startup_stm32l073xx.o(.text)
    PendSV_Handler                           0x0800207b   Thumb Code     2  startup_stm32l073xx.o(.text)
    ADC1_COMP_IRQHandler                     0x0800207f   Thumb Code     0  startup_stm32l073xx.o(.text)
    DMA1_Channel1_IRQHandler                 0x0800207f   Thumb Code     0  startup_stm32l073xx.o(.text)
    DMA1_Channel2_3_IRQHandler               0x0800207f   Thumb Code     0  startup_stm32l073xx.o(.text)
    DMA1_Channel4_5_6_7_IRQHandler           0x0800207f   Thumb Code     0  startup_stm32l073xx.o(.text)
    FLASH_IRQHandler                         0x0800207f   Thumb Code     0  startup_stm32l073xx.o(.text)
    I2C1_IRQHandler                          0x0800207f   Thumb Code     0  startup_stm32l073xx.o(.text)
    I2C2_IRQHandler                          0x0800207f   Thumb Code     0  startup_stm32l073xx.o(.text)
    I2C3_IRQHandler                          0x0800207f   Thumb Code     0  startup_stm32l073xx.o(.text)
    LCD_IRQHandler                           0x0800207f   Thumb Code     0  startup_stm32l073xx.o(.text)
    LPTIM1_IRQHandler                        0x0800207f   Thumb Code     0  startup_stm32l073xx.o(.text)
    PVD_IRQHandler                           0x0800207f   Thumb Code     0  startup_stm32l073xx.o(.text)
    RCC_CRS_IRQHandler                       0x0800207f   Thumb Code     0  startup_stm32l073xx.o(.text)
    RNG_LPUART1_IRQHandler                   0x0800207f   Thumb Code     0  startup_stm32l073xx.o(.text)
    SPI1_IRQHandler                          0x0800207f   Thumb Code     0  startup_stm32l073xx.o(.text)
    SPI2_IRQHandler                          0x0800207f   Thumb Code     0  startup_stm32l073xx.o(.text)
    TIM21_IRQHandler                         0x0800207f   Thumb Code     0  startup_stm32l073xx.o(.text)
    TIM22_IRQHandler                         0x0800207f   Thumb Code     0  startup_stm32l073xx.o(.text)
    TIM2_IRQHandler                          0x0800207f   Thumb Code     0  startup_stm32l073xx.o(.text)
    TIM3_IRQHandler                          0x0800207f   Thumb Code     0  startup_stm32l073xx.o(.text)
    TIM6_DAC_IRQHandler                      0x0800207f   Thumb Code     0  startup_stm32l073xx.o(.text)
    TIM7_IRQHandler                          0x0800207f   Thumb Code     0  startup_stm32l073xx.o(.text)
    TSC_IRQHandler                           0x0800207f   Thumb Code     0  startup_stm32l073xx.o(.text)
    USART4_5_IRQHandler                      0x0800207f   Thumb Code     0  startup_stm32l073xx.o(.text)
    USB_IRQHandler                           0x0800207f   Thumb Code     0  startup_stm32l073xx.o(.text)
    WWDG_IRQHandler                          0x0800207f   Thumb Code     0  startup_stm32l073xx.o(.text)
    SystemInit                               0x08002089   Thumb Code    88  system_stm32l0xx.o(.text)
    SystemCoreClockUpdate                    0x080020e1   Thumb Code   226  system_stm32l0xx.o(.text)
    HAL_MspInit                              0x080021e9   Thumb Code     2  stm32l0xx_hal.o(.text)
    HAL_InitTick                             0x080021eb   Thumb Code    36  stm32l0xx_hal.o(.text)
    HAL_Init                                 0x0800220f   Thumb Code    28  stm32l0xx_hal.o(.text)
    HAL_MspDeInit                            0x0800222b   Thumb Code     2  stm32l0xx_hal.o(.text)
    HAL_DeInit                               0x0800222d   Thumb Code    46  stm32l0xx_hal.o(.text)
    HAL_IncTick                              0x0800225b   Thumb Code    12  stm32l0xx_hal.o(.text)
    HAL_GetTick                              0x08002267   Thumb Code     6  stm32l0xx_hal.o(.text)
    HAL_Delay                                0x0800226d   Thumb Code    26  stm32l0xx_hal.o(.text)
    HAL_SuspendTick                          0x08002287   Thumb Code    14  stm32l0xx_hal.o(.text)
    HAL_ResumeTick                           0x08002295   Thumb Code    14  stm32l0xx_hal.o(.text)
    HAL_GetHalVersion                        0x080022a3   Thumb Code     4  stm32l0xx_hal.o(.text)
    HAL_GetREVID                             0x080022a7   Thumb Code     8  stm32l0xx_hal.o(.text)
    HAL_GetDEVID                             0x080022af   Thumb Code    10  stm32l0xx_hal.o(.text)
    HAL_DBGMCU_EnableDBGSleepMode            0x080022b9   Thumb Code    14  stm32l0xx_hal.o(.text)
    HAL_DBGMCU_DisableDBGSleepMode           0x080022c7   Thumb Code    14  stm32l0xx_hal.o(.text)
    HAL_DBGMCU_EnableDBGStopMode             0x080022d5   Thumb Code    14  stm32l0xx_hal.o(.text)
    HAL_DBGMCU_DisableDBGStopMode            0x080022e3   Thumb Code    14  stm32l0xx_hal.o(.text)
    HAL_DBGMCU_EnableDBGStandbyMode          0x080022f1   Thumb Code    14  stm32l0xx_hal.o(.text)
    HAL_DBGMCU_DisableDBGStandbyMode         0x080022ff   Thumb Code    14  stm32l0xx_hal.o(.text)
    HAL_DBGMCU_DBG_EnableLowPowerConfig      0x0800230d   Thumb Code    12  stm32l0xx_hal.o(.text)
    HAL_DBGMCU_DBG_DisableLowPowerConfig     0x08002319   Thumb Code    12  stm32l0xx_hal.o(.text)
    HAL_SYSCFG_GetBootMode                   0x08002325   Thumb Code    12  stm32l0xx_hal.o(.text)
    HAL_SYSCFG_VREFINT_OutputSelect          0x08002331   Thumb Code    22  stm32l0xx_hal.o(.text)
    HAL_SYSCFG_Enable_Lock_VREFINT           0x08002347   Thumb Code    16  stm32l0xx_hal.o(.text)
    HAL_SYSCFG_Disable_Lock_VREFINT          0x08002357   Thumb Code    14  stm32l0xx_hal.o(.text)
    HAL_ADC_MspInit                          0x08002385   Thumb Code     2  stm32l0xx_hal_adc.o(.text)
    HAL_ADC_Init                             0x08002387   Thumb Code   554  stm32l0xx_hal_adc.o(.text)
    HAL_ADC_MspDeInit                        0x080025b1   Thumb Code     2  stm32l0xx_hal_adc.o(.text)
    HAL_ADC_DeInit                           0x080026bb   Thumb Code   194  stm32l0xx_hal_adc.o(.text)
    HAL_ADC_Start                            0x08002863   Thumb Code   114  stm32l0xx_hal_adc.o(.text)
    HAL_ADC_Stop                             0x080028d5   Thumb Code    80  stm32l0xx_hal_adc.o(.text)
    HAL_ADC_PollForConversion                0x08002925   Thumb Code   228  stm32l0xx_hal_adc.o(.text)
    HAL_ADC_PollForEvent                     0x08002a09   Thumb Code   138  stm32l0xx_hal_adc.o(.text)
    HAL_ADC_Start_IT                         0x08002a93   Thumb Code   162  stm32l0xx_hal_adc.o(.text)
    HAL_ADC_Stop_IT                          0x08002b35   Thumb Code    92  stm32l0xx_hal_adc.o(.text)
    HAL_ADC_ErrorCallback                    0x08002b91   Thumb Code     2  stm32l0xx_hal_adc.o(.text)
    HAL_ADC_ConvHalfCpltCallback             0x08002bb1   Thumb Code     2  stm32l0xx_hal_adc.o(.text)
    HAL_ADC_ConvCpltCallback                 0x08002bc1   Thumb Code     2  stm32l0xx_hal_adc.o(.text)
    HAL_ADC_Start_DMA                        0x08002c49   Thumb Code   182  stm32l0xx_hal_adc.o(.text)
    HAL_ADC_Stop_DMA                         0x08002cff   Thumb Code   136  stm32l0xx_hal_adc.o(.text)
    HAL_ADC_GetValue                         0x08002d87   Thumb Code     8  stm32l0xx_hal_adc.o(.text)
    HAL_ADC_LevelOutOfWindowCallback         0x08002d8f   Thumb Code     2  stm32l0xx_hal_adc.o(.text)
    HAL_ADC_IRQHandler                       0x08002d91   Thumb Code   278  stm32l0xx_hal_adc.o(.text)
    HAL_ADC_ConfigChannel                    0x08002ea7   Thumb Code   306  stm32l0xx_hal_adc.o(.text)
    HAL_ADC_AnalogWDGConfig                  0x08002fd9   Thumb Code   244  stm32l0xx_hal_adc.o(.text)
    HAL_ADC_GetState                         0x080030cd   Thumb Code     6  stm32l0xx_hal_adc.o(.text)
    HAL_ADC_GetError                         0x080030d3   Thumb Code     6  stm32l0xx_hal_adc.o(.text)
    HAL_ADCEx_Calibration_Start              0x080030d9   Thumb Code   184  stm32l0xx_hal_adc_ex.o(.text)
    HAL_ADCEx_Calibration_GetValue           0x08003191   Thumb Code    14  stm32l0xx_hal_adc_ex.o(.text)
    HAL_ADCEx_Calibration_SetValue           0x0800319f   Thumb Code   140  stm32l0xx_hal_adc_ex.o(.text)
    HAL_ADCEx_EnableVREFINT                  0x0800322b   Thumb Code    58  stm32l0xx_hal_adc_ex.o(.text)
    HAL_ADCEx_DisableVREFINT                 0x08003265   Thumb Code    16  stm32l0xx_hal_adc_ex.o(.text)
    HAL_ADCEx_EnableVREFINTTempSensor        0x08003275   Thumb Code    58  stm32l0xx_hal_adc_ex.o(.text)
    HAL_ADCEx_DisableVREFINTTempSensor       0x080032af   Thumb Code    16  stm32l0xx_hal_adc_ex.o(.text)
    HAL_NVIC_SetPriority                     0x08003333   Thumb Code    18  stm32l0xx_hal_cortex.o(.text)
    HAL_NVIC_EnableIRQ                       0x08003345   Thumb Code    18  stm32l0xx_hal_cortex.o(.text)
    HAL_NVIC_DisableIRQ                      0x08003357   Thumb Code    20  stm32l0xx_hal_cortex.o(.text)
    HAL_NVIC_SystemReset                     0x0800336b   Thumb Code    50  stm32l0xx_hal_cortex.o(.text)
    HAL_SYSTICK_Config                       0x0800339d   Thumb Code    46  stm32l0xx_hal_cortex.o(.text)
    HAL_NVIC_GetPriority                     0x080033cb   Thumb Code    62  stm32l0xx_hal_cortex.o(.text)
    HAL_NVIC_SetPendingIRQ                   0x08003409   Thumb Code    18  stm32l0xx_hal_cortex.o(.text)
    HAL_NVIC_GetPendingIRQ                   0x0800341b   Thumb Code    34  stm32l0xx_hal_cortex.o(.text)
    HAL_NVIC_ClearPendingIRQ                 0x0800343d   Thumb Code    20  stm32l0xx_hal_cortex.o(.text)
    HAL_SYSTICK_CLKSourceConfig              0x08003451   Thumb Code    32  stm32l0xx_hal_cortex.o(.text)
    HAL_SYSTICK_Callback                     0x08003471   Thumb Code     2  stm32l0xx_hal_cortex.o(.text)
    HAL_SYSTICK_IRQHandler                   0x08003473   Thumb Code     8  stm32l0xx_hal_cortex.o(.text)
    HAL_MPU_ConfigRegion                     0x0800347b   Thumb Code    86  stm32l0xx_hal_cortex.o(.text)
    HAL_DMA_Init                             0x080034e9   Thumb Code   390  stm32l0xx_hal_dma.o(.text)
    HAL_DMA_DeInit                           0x0800366f   Thumb Code   670  stm32l0xx_hal_dma.o(.text)
    HAL_DMA_Start                            0x0800392d   Thumb Code    78  stm32l0xx_hal_dma.o(.text)
    HAL_DMA_Start_IT                         0x0800397b   Thumb Code   114  stm32l0xx_hal_dma.o(.text)
    HAL_DMA_Abort                            0x080039ed   Thumb Code   100  stm32l0xx_hal_dma.o(.text)
    HAL_DMA_PollForTransfer                  0x08003a51   Thumb Code   744  stm32l0xx_hal_dma.o(.text)
    HAL_DMA_IRQHandler                       0x08003d39   Thumb Code   796  stm32l0xx_hal_dma.o(.text)
    HAL_DMA_GetState                         0x08004055   Thumb Code     8  stm32l0xx_hal_dma.o(.text)
    HAL_DMA_GetError                         0x0800405d   Thumb Code     6  stm32l0xx_hal_dma.o(.text)
    HAL_GPIO_Init                            0x08004069   Thumb Code   472  stm32l0xx_hal_gpio.o(.text)
    HAL_GPIO_DeInit                          0x08004241   Thumb Code   266  stm32l0xx_hal_gpio.o(.text)
    HAL_GPIO_ReadPin                         0x0800434b   Thumb Code    18  stm32l0xx_hal_gpio.o(.text)
    HAL_GPIO_WritePin                        0x0800435d   Thumb Code    12  stm32l0xx_hal_gpio.o(.text)
    HAL_GPIO_TogglePin                       0x08004369   Thumb Code     8  stm32l0xx_hal_gpio.o(.text)
    HAL_GPIO_LockPin                         0x08004371   Thumb Code    50  stm32l0xx_hal_gpio.o(.text)
    HAL_GPIO_EXTI_IRQHandler                 0x080043a5   Thumb Code    26  stm32l0xx_hal_gpio.o(.text)
    HAL_PWR_DeInit                           0x080043e1   Thumb Code    28  stm32l0xx_hal_pwr.o(.text)
    HAL_PWR_EnableBkUpAccess                 0x080043fd   Thumb Code    16  stm32l0xx_hal_pwr.o(.text)
    HAL_PWR_DisableBkUpAccess                0x0800440d   Thumb Code    16  stm32l0xx_hal_pwr.o(.text)
    HAL_PWR_ConfigPVD                        0x0800441d   Thumb Code   166  stm32l0xx_hal_pwr.o(.text)
    HAL_PWR_EnablePVD                        0x080044c3   Thumb Code    14  stm32l0xx_hal_pwr.o(.text)
    HAL_PWR_DisablePVD                       0x080044d1   Thumb Code    14  stm32l0xx_hal_pwr.o(.text)
    HAL_PWR_EnableWakeUpPin                  0x080044df   Thumb Code    12  stm32l0xx_hal_pwr.o(.text)
    HAL_PWR_DisableWakeUpPin                 0x080044eb   Thumb Code    12  stm32l0xx_hal_pwr.o(.text)
    HAL_PWR_EnterSLEEPMode                   0x080044f7   Thumb Code    52  stm32l0xx_hal_pwr.o(.text)
    HAL_PWR_EnterSTOPMode                    0x0800452b   Thumb Code    64  stm32l0xx_hal_pwr.o(.text)
    HAL_PWR_EnterSTANDBYMode                 0x0800456b   Thumb Code    32  stm32l0xx_hal_pwr.o(.text)
    HAL_PWR_EnableSleepOnExit                0x0800458b   Thumb Code    14  stm32l0xx_hal_pwr.o(.text)
    HAL_PWR_DisableSleepOnExit               0x08004599   Thumb Code    14  stm32l0xx_hal_pwr.o(.text)
    HAL_PWR_EnableSEVOnPend                  0x080045a7   Thumb Code    14  stm32l0xx_hal_pwr.o(.text)
    HAL_PWR_DisableSEVOnPend                 0x080045b5   Thumb Code    14  stm32l0xx_hal_pwr.o(.text)
    HAL_PWR_PVDCallback                      0x080045c3   Thumb Code     2  stm32l0xx_hal_pwr.o(.text)
    HAL_PWR_PVD_IRQHandler                   0x080045c5   Thumb Code    30  stm32l0xx_hal_pwr.o(.text)
    HAL_PWREx_EnableFastWakeUp               0x080045f5   Thumb Code    16  stm32l0xx_hal_pwr_ex.o(.text)
    HAL_PWREx_DisableFastWakeUp              0x08004605   Thumb Code    16  stm32l0xx_hal_pwr_ex.o(.text)
    HAL_PWREx_EnableUltraLowPower            0x08004615   Thumb Code    16  stm32l0xx_hal_pwr_ex.o(.text)
    HAL_PWREx_DisableUltraLowPower           0x08004625   Thumb Code    16  stm32l0xx_hal_pwr_ex.o(.text)
    HAL_PWREx_EnableLowPowerRunMode          0x08004635   Thumb Code    26  stm32l0xx_hal_pwr_ex.o(.text)
    HAL_PWREx_DisableLowPowerRunMode         0x0800464f   Thumb Code    84  stm32l0xx_hal_pwr_ex.o(.text)
    HAL_RCC_DeInit                           0x080046b1   Thumb Code    68  stm32l0xx_hal_rcc.o(.text)
    HAL_RCC_GetSysClockFreq                  0x080046f5   Thumb Code   214  stm32l0xx_hal_rcc.o(.text)
    HAL_RCC_OscConfig                        0x080047cb   Thumb Code  1702  stm32l0xx_hal_rcc.o(.text)
    HAL_RCC_ClockConfig                      0x08004e71   Thumb Code   504  stm32l0xx_hal_rcc.o(.text)
    HAL_RCC_MCOConfig                        0x08005069   Thumb Code   192  stm32l0xx_hal_rcc.o(.text)
    HAL_RCC_EnableCSS                        0x08005129   Thumb Code    16  stm32l0xx_hal_rcc.o(.text)
    HAL_RCC_GetHCLKFreq                      0x08005139   Thumb Code     6  stm32l0xx_hal_rcc.o(.text)
    HAL_RCC_GetPCLK1Freq                     0x0800513f   Thumb Code    26  stm32l0xx_hal_rcc.o(.text)
    HAL_RCC_GetPCLK2Freq                     0x08005159   Thumb Code    26  stm32l0xx_hal_rcc.o(.text)
    HAL_RCC_GetOscConfig                     0x08005173   Thumb Code   296  stm32l0xx_hal_rcc.o(.text)
    HAL_RCC_GetClockConfig                   0x0800529b   Thumb Code    90  stm32l0xx_hal_rcc.o(.text)
    HAL_RCC_CSSCallback                      0x080052f5   Thumb Code     2  stm32l0xx_hal_rcc.o(.text)
    HAL_RCC_NMI_IRQHandler                   0x080052f7   Thumb Code    30  stm32l0xx_hal_rcc.o(.text)
    HAL_RCCEx_PeriphCLKConfig                0x0800531d   Thumb Code   610  stm32l0xx_hal_rcc_ex.o(.text)
    HAL_RCCEx_GetPeriphCLKConfig             0x0800557f   Thumb Code   108  stm32l0xx_hal_rcc_ex.o(.text)
    HAL_RCCEx_GetPeriphCLKFreq               0x080055eb   Thumb Code  1050  stm32l0xx_hal_rcc_ex.o(.text)
    HAL_RCCEx_EnableLSECSS                   0x08005a05   Thumb Code    20  stm32l0xx_hal_rcc_ex.o(.text)
    HAL_RCCEx_DisableLSECSS                  0x08005a19   Thumb Code    32  stm32l0xx_hal_rcc_ex.o(.text)
    HAL_RCCEx_EnableLSECSS_IT                0x08005a39   Thumb Code    60  stm32l0xx_hal_rcc_ex.o(.text)
    HAL_RCCEx_LSECSS_Callback                0x08005a75   Thumb Code     2  stm32l0xx_hal_rcc_ex.o(.text)
    HAL_RCCEx_LSECSS_IRQHandler              0x08005a77   Thumb Code    26  stm32l0xx_hal_rcc_ex.o(.text)
    HAL_RCCEx_CRSConfig                      0x08005a91   Thumb Code   216  stm32l0xx_hal_rcc_ex.o(.text)
    HAL_RCCEx_CRSSoftwareSynchronizationGenerate 0x08005b69   Thumb Code    14  stm32l0xx_hal_rcc_ex.o(.text)
    HAL_RCCEx_CRSGetSynchronizationInfo      0x08005b77   Thumb Code    44  stm32l0xx_hal_rcc_ex.o(.text)
    HAL_RCCEx_CRSWaitSynchronization         0x08005ba3   Thumb Code   196  stm32l0xx_hal_rcc_ex.o(.text)
    HAL_RCCEx_EnableHSI48_VREFINT            0x08005c67   Thumb Code    16  stm32l0xx_hal_rcc_ex.o(.text)
    HAL_RCCEx_DisableHSI48_VREFINT           0x08005c77   Thumb Code    16  stm32l0xx_hal_rcc_ex.o(.text)
    RTC_EnterInitMode                        0x08005c91   Thumb Code    66  stm32l0xx_hal_rtc.o(.text)
    HAL_RTC_MspInit                          0x08005cd3   Thumb Code     2  stm32l0xx_hal_rtc.o(.text)
    HAL_RTC_Init                             0x08005cd5   Thumb Code   196  stm32l0xx_hal_rtc.o(.text)
    HAL_RTC_MspDeInit                        0x08005d99   Thumb Code     2  stm32l0xx_hal_rtc.o(.text)
    HAL_RTC_WaitForSynchro                   0x08005d9b   Thumb Code    60  stm32l0xx_hal_rtc.o(.text)
    HAL_RTC_DeInit                           0x08005dd7   Thumb Code   272  stm32l0xx_hal_rtc.o(.text)
    RTC_Bcd2ToByte                           0x08005ee7   Thumb Code    26  stm32l0xx_hal_rtc.o(.text)
    RTC_ByteToBcd2                           0x08005f01   Thumb Code    26  stm32l0xx_hal_rtc.o(.text)
    HAL_RTC_SetTime                          0x08005f1b   Thumb Code   336  stm32l0xx_hal_rtc.o(.text)
    HAL_RTC_GetTime                          0x0800606b   Thumb Code   104  stm32l0xx_hal_rtc.o(.text)
    HAL_RTC_SetDate                          0x080060d3   Thumb Code   320  stm32l0xx_hal_rtc.o(.text)
    HAL_RTC_GetDate                          0x08006213   Thumb Code    88  stm32l0xx_hal_rtc.o(.text)
    HAL_RTC_SetAlarm                         0x0800626b   Thumb Code   530  stm32l0xx_hal_rtc.o(.text)
    HAL_RTC_SetAlarm_IT                      0x0800647d   Thumb Code   600  stm32l0xx_hal_rtc.o(.text)
    HAL_RTC_DeactivateAlarm                  0x080066d5   Thumb Code   274  stm32l0xx_hal_rtc.o(.text)
    HAL_RTC_GetAlarm                         0x080067e7   Thumb Code   236  stm32l0xx_hal_rtc.o(.text)
    HAL_RTC_AlarmAEventCallback              0x080068d3   Thumb Code     2  stm32l0xx_hal_rtc.o(.text)
    HAL_RTC_AlarmIRQHandler                  0x080068d5   Thumb Code   124  stm32l0xx_hal_rtc.o(.text)
    HAL_RTC_PollForAlarmAEvent               0x08006951   Thumb Code    86  stm32l0xx_hal_rtc.o(.text)
    HAL_RTC_GetState                         0x080069a7   Thumb Code     8  stm32l0xx_hal_rtc.o(.text)
    HAL_RTCEx_SetTimeStamp                   0x080069c1   Thumb Code   116  stm32l0xx_hal_rtc_ex.o(.text)
    HAL_RTCEx_SetTimeStamp_IT                0x08006a35   Thumb Code   158  stm32l0xx_hal_rtc_ex.o(.text)
    HAL_RTCEx_DeactivateTimeStamp            0x08006ad3   Thumb Code   106  stm32l0xx_hal_rtc_ex.o(.text)
    HAL_RTCEx_GetTimeStamp                   0x08006b3d   Thumb Code   192  stm32l0xx_hal_rtc_ex.o(.text)
    HAL_RTCEx_SetTamper                      0x08006bfd   Thumb Code   264  stm32l0xx_hal_rtc_ex.o(.text)
    HAL_RTCEx_SetTamper_IT                   0x08006d05   Thumb Code   318  stm32l0xx_hal_rtc_ex.o(.text)
    HAL_RTCEx_DeactivateTamper               0x08006e43   Thumb Code   120  stm32l0xx_hal_rtc_ex.o(.text)
    HAL_RTCEx_Tamper3EventCallback           0x08006ebb   Thumb Code     2  stm32l0xx_hal_rtc_ex.o(.text)
    HAL_RTCEx_Tamper2EventCallback           0x08006ebd   Thumb Code     2  stm32l0xx_hal_rtc_ex.o(.text)
    HAL_RTCEx_Tamper1EventCallback           0x08006ebf   Thumb Code     2  stm32l0xx_hal_rtc_ex.o(.text)
    HAL_RTCEx_TimeStampEventCallback         0x08006ec1   Thumb Code     2  stm32l0xx_hal_rtc_ex.o(.text)
    HAL_RTCEx_TamperTimeStampIRQHandler      0x08006ec3   Thumb Code   258  stm32l0xx_hal_rtc_ex.o(.text)
    HAL_RTCEx_PollForTimeStampEvent          0x08006fc5   Thumb Code   112  stm32l0xx_hal_rtc_ex.o(.text)
    HAL_RTCEx_PollForTamper1Event            0x08007035   Thumb Code    86  stm32l0xx_hal_rtc_ex.o(.text)
    HAL_RTCEx_PollForTamper2Event            0x0800708b   Thumb Code    86  stm32l0xx_hal_rtc_ex.o(.text)
    HAL_RTCEx_PollForTamper3Event            0x080070e1   Thumb Code    86  stm32l0xx_hal_rtc_ex.o(.text)
    HAL_RTCEx_SetWakeUpTimer                 0x08007137   Thumb Code   326  stm32l0xx_hal_rtc_ex.o(.text)
    HAL_RTCEx_SetWakeUpTimer_IT              0x0800727d   Thumb Code   342  stm32l0xx_hal_rtc_ex.o(.text)
    HAL_RTCEx_DeactivateWakeUpTimer          0x080073d3   Thumb Code   174  stm32l0xx_hal_rtc_ex.o(.text)
    HAL_RTCEx_GetWakeUpTimer                 0x08007481   Thumb Code    10  stm32l0xx_hal_rtc_ex.o(.text)
    HAL_RTCEx_WakeUpTimerEventCallback       0x0800748b   Thumb Code     2  stm32l0xx_hal_rtc_ex.o(.text)
    HAL_RTCEx_WakeUpTimerIRQHandler          0x0800748d   Thumb Code    58  stm32l0xx_hal_rtc_ex.o(.text)
    HAL_RTCEx_PollForWakeUpTimerEvent        0x080074c7   Thumb Code    86  stm32l0xx_hal_rtc_ex.o(.text)
    HAL_RTCEx_BKUPWrite                      0x0800751d   Thumb Code    18  stm32l0xx_hal_rtc_ex.o(.text)
    HAL_RTCEx_BKUPRead                       0x0800752f   Thumb Code    18  stm32l0xx_hal_rtc_ex.o(.text)
    HAL_RTCEx_SetSmoothCalib                 0x08007541   Thumb Code   180  stm32l0xx_hal_rtc_ex.o(.text)
    HAL_RTCEx_SetSynchroShift                0x080075f5   Thumb Code   250  stm32l0xx_hal_rtc_ex.o(.text)
    HAL_RTCEx_SetCalibrationOutPut           0x080076ef   Thumb Code   124  stm32l0xx_hal_rtc_ex.o(.text)
    HAL_RTCEx_DeactivateCalibrationOutPut    0x0800776b   Thumb Code    90  stm32l0xx_hal_rtc_ex.o(.text)
    HAL_RTCEx_SetRefClock                    0x080077c5   Thumb Code   142  stm32l0xx_hal_rtc_ex.o(.text)
    HAL_RTCEx_DeactivateRefClock             0x08007853   Thumb Code   142  stm32l0xx_hal_rtc_ex.o(.text)
    HAL_RTCEx_EnableBypassShadow             0x080078e1   Thumb Code    88  stm32l0xx_hal_rtc_ex.o(.text)
    HAL_RTCEx_DisableBypassShadow            0x08007939   Thumb Code    88  stm32l0xx_hal_rtc_ex.o(.text)
    HAL_RTCEx_AlarmBEventCallback            0x08007991   Thumb Code     2  stm32l0xx_hal_rtc_ex.o(.text)
    HAL_RTCEx_PollForAlarmBEvent             0x08007993   Thumb Code    86  stm32l0xx_hal_rtc_ex.o(.text)
    HAL_SPI_MspInit                          0x080079ed   Thumb Code     2  stm32l0xx_hal_spi.o(.text)
    HAL_SPI_Init                             0x080079ef   Thumb Code   142  stm32l0xx_hal_spi.o(.text)
    HAL_SPI_MspDeInit                        0x08007a7d   Thumb Code     2  stm32l0xx_hal_spi.o(.text)
    HAL_SPI_DeInit                           0x08007a7f   Thumb Code    58  stm32l0xx_hal_spi.o(.text)
    HAL_SPI_Transmit                         0x08007bd1   Thumb Code   474  stm32l0xx_hal_spi.o(.text)
    HAL_SPI_TransmitReceive                  0x08007dab   Thumb Code   894  stm32l0xx_hal_spi.o(.text)
    HAL_SPI_Receive                          0x08008129   Thumb Code   608  stm32l0xx_hal_spi.o(.text)
    HAL_SPI_ErrorCallback                    0x08008389   Thumb Code     2  stm32l0xx_hal_spi.o(.text)
    HAL_SPI_TxCpltCallback                   0x0800838b   Thumb Code     2  stm32l0xx_hal_spi.o(.text)
    HAL_SPI_TxRxCpltCallback                 0x0800838d   Thumb Code     2  stm32l0xx_hal_spi.o(.text)
    HAL_SPI_Transmit_IT                      0x08008489   Thumb Code   208  stm32l0xx_hal_spi.o(.text)
    HAL_SPI_RxCpltCallback                   0x08008559   Thumb Code     2  stm32l0xx_hal_spi.o(.text)
    HAL_SPI_TransmitReceive_IT               0x0800869f   Thumb Code   202  stm32l0xx_hal_spi.o(.text)
    HAL_SPI_Receive_IT                       0x080087c1   Thumb Code   248  stm32l0xx_hal_spi.o(.text)
    HAL_SPI_TxHalfCpltCallback               0x08008961   Thumb Code     2  stm32l0xx_hal_spi.o(.text)
    HAL_SPI_Transmit_DMA                     0x08008971   Thumb Code   258  stm32l0xx_hal_spi.o(.text)
    HAL_SPI_RxHalfCpltCallback               0x08008b55   Thumb Code     2  stm32l0xx_hal_spi.o(.text)
    HAL_SPI_TxRxHalfCpltCallback             0x08008c47   Thumb Code     2  stm32l0xx_hal_spi.o(.text)
    HAL_SPI_TransmitReceive_DMA              0x08008c57   Thumb Code   312  stm32l0xx_hal_spi.o(.text)
    HAL_SPI_Receive_DMA                      0x08008d8f   Thumb Code   330  stm32l0xx_hal_spi.o(.text)
    HAL_SPI_DMAPause                         0x08008ed9   Thumb Code    62  stm32l0xx_hal_spi.o(.text)
    HAL_SPI_DMAResume                        0x08008f17   Thumb Code    62  stm32l0xx_hal_spi.o(.text)
    HAL_SPI_DMAStop                          0x08008f55   Thumb Code    62  stm32l0xx_hal_spi.o(.text)
    HAL_SPI_IRQHandler                       0x08008f93   Thumb Code   302  stm32l0xx_hal_spi.o(.text)
    HAL_SPI_GetState                         0x080090c1   Thumb Code     8  stm32l0xx_hal_spi.o(.text)
    HAL_SPI_GetError                         0x080090c9   Thumb Code     6  stm32l0xx_hal_spi.o(.text)
    UART_WaitOnFlagUntilTimeout              0x080090dd   Thumb Code   264  stm32l0xx_hal_uart.o(.text)
    UART_CheckIdleState                      0x080091e5   Thumb Code    96  stm32l0xx_hal_uart.o(.text)
    UART_AdvFeatureConfig                    0x08009245   Thumb Code   240  stm32l0xx_hal_uart.o(.text)
    UART_SetConfig                           0x08009335   Thumb Code  1208  stm32l0xx_hal_uart.o(.text)
    HAL_UART_MspInit                         0x080097ed   Thumb Code     2  stm32l0xx_hal_uart.o(.text)
    HAL_UART_Init                            0x080097ef   Thumb Code   124  stm32l0xx_hal_uart.o(.text)
    HAL_HalfDuplex_Init                      0x0800986b   Thumb Code   120  stm32l0xx_hal_uart.o(.text)
    HAL_LIN_Init                             0x080098e3   Thumb Code   162  stm32l0xx_hal_uart.o(.text)
    HAL_MultiProcessor_Init                  0x08009985   Thumb Code   152  stm32l0xx_hal_uart.o(.text)
    HAL_UART_MspDeInit                       0x08009a1d   Thumb Code     2  stm32l0xx_hal_uart.o(.text)
    HAL_UART_DeInit                          0x08009a1f   Thumb Code   106  stm32l0xx_hal_uart.o(.text)
    HAL_UART_Transmit                        0x08009a89   Thumb Code   198  stm32l0xx_hal_uart.o(.text)
    HAL_UART_Receive                         0x08009b4f   Thumb Code   288  stm32l0xx_hal_uart.o(.text)
    HAL_UART_Transmit_IT                     0x08009c6f   Thumb Code   110  stm32l0xx_hal_uart.o(.text)
    HAL_UART_Receive_IT                      0x08009cdd   Thumb Code   214  stm32l0xx_hal_uart.o(.text)
    HAL_UART_TxHalfCpltCallback              0x08009ddf   Thumb Code     2  stm32l0xx_hal_uart.o(.text)
    HAL_UART_Transmit_DMA                    0x08009e2b   Thumb Code   144  stm32l0xx_hal_uart.o(.text)
    HAL_UART_RxHalfCpltCallback              0x08009ebb   Thumb Code     2  stm32l0xx_hal_uart.o(.text)
    HAL_UART_Receive_DMA                     0x08009eff   Thumb Code   158  stm32l0xx_hal_uart.o(.text)
    HAL_UART_DMAPause                        0x08009f9d   Thumb Code    78  stm32l0xx_hal_uart.o(.text)
    HAL_UART_DMAResume                       0x08009feb   Thumb Code    86  stm32l0xx_hal_uart.o(.text)
    HAL_UART_DMAStop                         0x0800a041   Thumb Code    66  stm32l0xx_hal_uart.o(.text)
    HAL_UART_IRQHandler                      0x0800a1bd   Thumb Code   354  stm32l0xx_hal_uart.o(.text)
    HAL_MultiProcessor_EnableMuteMode        0x0800a31f   Thumb Code    60  stm32l0xx_hal_uart.o(.text)
    HAL_MultiProcessor_DisableMuteMode       0x0800a35b   Thumb Code    60  stm32l0xx_hal_uart.o(.text)
    HAL_MultiProcessor_EnterMuteMode         0x0800a397   Thumb Code    14  stm32l0xx_hal_uart.o(.text)
    HAL_HalfDuplex_EnableTransmitter         0x0800a3a5   Thumb Code    74  stm32l0xx_hal_uart.o(.text)
    HAL_HalfDuplex_EnableReceiver            0x0800a3ef   Thumb Code    74  stm32l0xx_hal_uart.o(.text)
    HAL_LIN_SendBreak                        0x0800a439   Thumb Code    62  stm32l0xx_hal_uart.o(.text)
    HAL_UART_GetState                        0x0800a477   Thumb Code    20  stm32l0xx_hal_uart.o(.text)
    HAL_UART_GetError                        0x0800a48b   Thumb Code     6  stm32l0xx_hal_uart.o(.text)
    HAL_RS485Ex_Init                         0x0800a491   Thumb Code   144  stm32l0xx_hal_uart_ex.o(.text)
    HAL_UARTEx_EnableStopMode                0x0800a521   Thumb Code    62  stm32l0xx_hal_uart_ex.o(.text)
    HAL_UARTEx_EnableClockStopMode           0x0800a55f   Thumb Code    64  stm32l0xx_hal_uart_ex.o(.text)
    HAL_UARTEx_DisableStopMode               0x0800a59f   Thumb Code    62  stm32l0xx_hal_uart_ex.o(.text)
    HAL_UARTEx_DisableClockStopMode          0x0800a5dd   Thumb Code    64  stm32l0xx_hal_uart_ex.o(.text)
    HAL_UARTEx_StopModeWakeUpSourceConfig    0x0800a653   Thumb Code   138  stm32l0xx_hal_uart_ex.o(.text)
    HAL_MultiProcessorEx_AddressLength_Set   0x0800a6dd   Thumb Code    66  stm32l0xx_hal_uart_ex.o(.text)
    HAL_UARTEx_WakeupCallback                0x0800a71f   Thumb Code     2  stm32l0xx_hal_uart_ex.o(.text)
    NMI_Handler                              0x0800a725   Thumb Code     2  sysirqhandlers.o(.text)
    MemManage_Handler                        0x0800a727   Thumb Code     4  sysirqhandlers.o(.text)
    BusFault_Handler                         0x0800a72b   Thumb Code     4  sysirqhandlers.o(.text)
    UsageFault_Handler                       0x0800a72f   Thumb Code     4  sysirqhandlers.o(.text)
    DebugMon_Handler                         0x0800a733   Thumb Code     2  sysirqhandlers.o(.text)
    rand1                                    0x0800a735   Thumb Code    30  utilities.o(.text)
    srand1                                   0x0800a753   Thumb Code     6  utilities.o(.text)
    randr                                    0x0800a759   Thumb Code    26  utilities.o(.text)
    memcpy1                                  0x0800a773   Thumb Code    24  utilities.o(.text)
    memcpyr                                  0x0800a78b   Thumb Code    28  utilities.o(.text)
    memset1                                  0x0800a7a7   Thumb Code    20  utilities.o(.text)
    Nibble2HexChar                           0x0800a7bb   Thumb Code    30  utilities.o(.text)
    SX1276WriteBuffer                        0x0800a7e9   Thumb Code    62  sx1276.o(.text)
    SX1276Write                              0x0800a827   Thumb Code    16  sx1276.o(.text)
    SX1276ReadBuffer                         0x0800a837   Thumb Code    62  sx1276.o(.text)
    SX1276Read                               0x0800a875   Thumb Code    20  sx1276.o(.text)
    SX1276SetOpMode                          0x0800a889   Thumb Code    52  sx1276.o(.text)
    SX1276SetSleep                           0x0800a8bd   Thumb Code    30  sx1276.o(.text)
    SX1276SetModem                           0x0800a8db   Thumb Code   156  sx1276.o(.text)
    SX1276SetChannel                         0x0800a977   Thumb Code    66  sx1276.o(.text)
    SX1276SetPublicNetwork                   0x0800aa67   Thumb Code    40  sx1276.o(.text)
    SX1276OnTimeoutIrq                       0x0800aa8f   Thumb Code   262  sx1276.o(.text)
    SX1276Init                               0x0800ab95   Thumb Code   154  sx1276.o(.text)
    SX1276GetStatus                          0x0800ac2f   Thumb Code     6  sx1276.o(.text)
    SX1276ReadRssi                           0x0800ac35   Thumb Code    76  sx1276.o(.text)
    SX1276IsChannelFree                      0x0800ac81   Thumb Code    92  sx1276.o(.text)
    SX1276Random                             0x0800acdd   Thumb Code    64  sx1276.o(.text)
    SX1276SetRxConfig                        0x0800ad4b   Thumb Code   810  sx1276.o(.text)
    SX1276SetTxConfig                        0x0800b075   Thumb Code   602  sx1276.o(.text)
    SX1276GetTimeOnAir                       0x0800b2cf   Thumb Code   670  sx1276.o(.text)
    SX1276SetTx                              0x0800b56d   Thumb Code   196  sx1276.o(.text)
    SX1276WriteFifo                          0x0800b631   Thumb Code    18  sx1276.o(.text)
    SX1276SetStby                            0x0800b643   Thumb Code    30  sx1276.o(.text)
    SX1276Send                               0x0800b661   Thumb Code   294  sx1276.o(.text)
    SX1276SetRx                              0x0800b787   Thumb Code   672  sx1276.o(.text)
    SX1276StartCad                           0x0800ba27   Thumb Code    68  sx1276.o(.text)
    SX1276SetTxContinuousWave                0x0800ba6b   Thumb Code   128  sx1276.o(.text)
    SX1276ReadFifo                           0x0800baeb   Thumb Code    18  sx1276.o(.text)
    SX1276SetMaxPayloadLength                0x0800bafd   Thumb Code    54  sx1276.o(.text)
    SX1276GetWakeupTime                      0x0800bb33   Thumb Code    10  sx1276.o(.text)
    SX1276OnDio0Irq                          0x0800bb3d   Thumb Code   922  sx1276.o(.text)
    SX1276OnDio1Irq                          0x0800bed7   Thumb Code   404  sx1276.o(.text)
    SX1276OnDio2Irq                          0x0800c06b   Thumb Code   374  sx1276.o(.text)
    SX1276OnDio3Irq                          0x0800c1e1   Thumb Code   114  sx1276.o(.text)
    SX1276OnDio4Irq                          0x0800c253   Thumb Code    42  sx1276.o(.text)
    SX1276OnDio5Irq                          0x0800c27d   Thumb Code    24  sx1276.o(.text)
    AdcInit                                  0x0800c29d   Thumb Code    34  adc.o(.text)
    AdcDeInit                                0x0800c2bf   Thumb Code     8  adc.o(.text)
    AdcReadChannel                           0x0800c2c7   Thumb Code    28  adc.o(.text)
    DelayMs                                  0x0800c2e9   Thumb Code    12  delay.o(.text)
    Delay                                    0x0800c2f5   Thumb Code    26  delay.o(.text)
    FifoInit                                 0x0800c327   Thumb Code    12  fifo.o(.text)
    FifoPush                                 0x0800c333   Thumb Code    24  fifo.o(.text)
    FifoPop                                  0x0800c34b   Thumb Code    30  fifo.o(.text)
    FifoFlush                                0x0800c369   Thumb Code     8  fifo.o(.text)
    IsFifoEmpty                              0x0800c371   Thumb Code    18  fifo.o(.text)
    IsFifoFull                               0x0800c383   Thumb Code    26  fifo.o(.text)
    GpioInit                                 0x0800c39d   Thumb Code    34  gpio.o(.text)
    GpioSetInterrupt                         0x0800c3bf   Thumb Code    24  gpio.o(.text)
    GpioRemoveInterrupt                      0x0800c3d7   Thumb Code    12  gpio.o(.text)
    GpioWrite                                0x0800c3e3   Thumb Code    16  gpio.o(.text)
    GpioToggle                               0x0800c3f3   Thumb Code    12  gpio.o(.text)
    GpioRead                                 0x0800c3ff   Thumb Code    12  gpio.o(.text)
    TimerInit                                0x0800c40d   Thumb Code    14  timer.o(.text)
    TimerGetValue                            0x0800c4cd   Thumb Code     8  timer.o(.text)
    TimerStart                               0x0800c4ef   Thumb Code   138  timer.o(.text)
    TimerIrqHandler                          0x0800c579   Thumb Code   144  timer.o(.text)
    TimerStop                                0x0800c609   Thumb Code   238  timer.o(.text)
    TimerReset                               0x0800c6f7   Thumb Code    18  timer.o(.text)
    TimerSetValue                            0x0800c709   Thumb Code    18  timer.o(.text)
    TimerGetCurrentTime                      0x0800c71b   Thumb Code     8  timer.o(.text)
    TimerGetElapsedTime                      0x0800c723   Thumb Code    12  timer.o(.text)
    TimerGetFutureTime                       0x0800c72f   Thumb Code    12  timer.o(.text)
    TimerLowPowerHandler                     0x0800c73b   Thumb Code    60  timer.o(.text)
    TimerProcess                             0x0800c777   Thumb Code     8  timer.o(.text)
    UartInit                                 0x0800c789   Thumb Code    34  uart.o(.text)
    UartConfig                               0x0800c7ab   Thumb Code    36  uart.o(.text)
    UartDeInit                               0x0800c7cf   Thumb Code    16  uart.o(.text)
    UartPutChar                              0x0800c7df   Thumb Code    16  uart.o(.text)
    UartGetChar                              0x0800c7ef   Thumb Code    16  uart.o(.text)
    UartPutBuffer                            0x0800c7ff   Thumb Code    20  uart.o(.text)
    UartGetBuffer                            0x0800c813   Thumb Code    24  uart.o(.text)
    __aeabi_uidiv                            0x0800c82b   Thumb Code     0  uidiv.o(.text)
    __aeabi_uidivmod                         0x0800c82b   Thumb Code    44  uidiv.o(.text)
    __aeabi_idiv                             0x0800c857   Thumb Code     0  idiv.o(.text)
    __aeabi_idivmod                          0x0800c857   Thumb Code    40  idiv.o(.text)
    __aeabi_uldivmod                         0x0800c87f   Thumb Code    96  uldiv.o(.text)
    __aeabi_memcpy                           0x0800c8df   Thumb Code    36  memcpya.o(.text)
    __aeabi_memcpy4                          0x0800c8df   Thumb Code     0  memcpya.o(.text)
    __aeabi_memcpy8                          0x0800c8df   Thumb Code     0  memcpya.o(.text)
    __aeabi_memset                           0x0800c903   Thumb Code    14  memseta.o(.text)
    __aeabi_memset4                          0x0800c903   Thumb Code     0  memseta.o(.text)
    __aeabi_memset8                          0x0800c903   Thumb Code     0  memseta.o(.text)
    __aeabi_memclr                           0x0800c911   Thumb Code     4  memseta.o(.text)
    __aeabi_memclr4                          0x0800c911   Thumb Code     0  memseta.o(.text)
    __aeabi_memclr8                          0x0800c911   Thumb Code     0  memseta.o(.text)
    _memset$wrapper                          0x0800c915   Thumb Code    18  memseta.o(.text)
    strlen                                   0x0800c927   Thumb Code    14  strlen.o(.text)
    __aeabi_fmul                             0x0800c935   Thumb Code   122  fmul.o(.text)
    __aeabi_fdiv                             0x0800c9af   Thumb Code   124  fdiv.o(.text)
    __aeabi_dadd                             0x0800ca2d   Thumb Code   328  dadd.o(.text)
    __aeabi_dsub                             0x0800cb75   Thumb Code    12  dadd.o(.text)
    __aeabi_drsub                            0x0800cb81   Thumb Code    12  dadd.o(.text)
    __aeabi_dmul                             0x0800cb91   Thumb Code   202  dmul.o(.text)
    __aeabi_ddiv                             0x0800cc61   Thumb Code   234  ddiv.o(.text)
    __aeabi_ui2f                             0x0800cd51   Thumb Code    14  ffltui.o(.text)
    __aeabi_i2d                              0x0800cd61   Thumb Code    34  dflti.o(.text)
    __aeabi_ui2d                             0x0800cd89   Thumb Code    24  dfltui.o(.text)
    __aeabi_ul2d                             0x0800cda5   Thumb Code    22  dfltul.o(.text)
    __aeabi_f2uiz                            0x0800cdc1   Thumb Code    40  ffixui.o(.text)
    __aeabi_d2iz                             0x0800cde9   Thumb Code    62  dfixi.o(.text)
    __aeabi_d2uiz                            0x0800ce31   Thumb Code    50  dfixui.o(.text)
    __aeabi_f2d                              0x0800ce6d   Thumb Code    40  f2d.o(.text)
    __aeabi_cdrcmple                         0x0800ce95   Thumb Code    38  cdrcmple.o(.text)
    __aeabi_d2f                              0x0800cebd   Thumb Code    56  d2f.o(.text)
    __aeabi_llsl                             0x0800cef5   Thumb Code    32  llshl.o(.text)
    _ll_shift_l                              0x0800cef5   Thumb Code     0  llshl.o(.text)
    __aeabi_llsr                             0x0800cf15   Thumb Code    34  llushr.o(.text)
    _ll_ushift_r                             0x0800cf15   Thumb Code     0  llushr.o(.text)
    __aeabi_lasr                             0x0800cf37   Thumb Code    38  llsshr.o(.text)
    _ll_sshift_r                             0x0800cf37   Thumb Code     0  llsshr.o(.text)
    __I$use$fp                               0x0800cf5d   Thumb Code     0  iusefp.o(.text)
    _float_round                             0x0800cf5d   Thumb Code    16  fepilogue.o(.text)
    _float_epilogue                          0x0800cf6d   Thumb Code   114  fepilogue.o(.text)
    _double_round                            0x0800cfdf   Thumb Code    26  depilogue.o(.text)
    _double_epilogue                         0x0800cff9   Thumb Code   164  depilogue.o(.text)
    _drnd                                    0x0800d09d   Thumb Code   114  drnd.o(.text)
    __aeabi_d2ulz                            0x0800d119   Thumb Code    54  dfixul.o(.text)
    __aeabi_cdcmpeq                          0x0800d159   Thumb Code     0  cdcmple.o(.text)
    __aeabi_cdcmple                          0x0800d159   Thumb Code    38  cdcmple.o(.text)
    __scatterload                            0x0800d181   Thumb Code    28  init.o(.text)
    __scatterload_rt2                        0x0800d181   Thumb Code     0  init.o(.text)
    __0sprintf                               0x0800d1a5   Thumb Code    36  printfa.o(i.__0sprintf)
    __1sprintf                               0x0800d1a5   Thumb Code     0  printfa.o(i.__0sprintf)
    __2sprintf                               0x0800d1a5   Thumb Code     0  printfa.o(i.__0sprintf)
    __c89sprintf                             0x0800d1a5   Thumb Code     0  printfa.o(i.__0sprintf)
    sprintf                                  0x0800d1a5   Thumb Code     0  printfa.o(i.__0sprintf)
    __ARM_clz                                0x0800d1cd   Thumb Code    46  depilogue.o(i.__ARM_clz)
    __ARM_common_switch8                     0x0800d1fb   Thumb Code    28  gpio-board.o(i.__ARM_common_switch8)
    __scatterload_copy                       0x0800d217   Thumb Code    14  handlers.o(i.__scatterload_copy)
    __scatterload_null                       0x0800d225   Thumb Code     2  handlers.o(i.__scatterload_null)
    __scatterload_zeroinit                   0x0800d227   Thumb Code    14  handlers.o(i.__scatterload_zeroinit)
    ceil                                     0x0800daed   Thumb Code   180  ceil.o(i.ceil)
    floor                                    0x0800dbb5   Thumb Code   180  floor.o(i.floor)
    round                                    0x0800dc7d   Thumb Code   142  round.o(i.round)
    AHBPrescTable                            0x0800dd30   Data          16  system_stm32l0xx.o(.constdata)
    APBPrescTable                            0x0800dd40   Data           8  system_stm32l0xx.o(.constdata)
    PLLMulTable                              0x0800dd48   Data           9  system_stm32l0xx.o(.constdata)
    RadioRegsInit                            0x0800dd54   Data          48  sx1276.o(.constdata)
    FskBandwidths                            0x0800dd84   Data         176  sx1276.o(.constdata)
    Region$$Table$$Base                      0x0800de34   Number         0  anon$$obj.o(Region$$Table)
    Region$$Table$$Limit                     0x0800de54   Number         0  anon$$obj.o(Region$$Table)
    NonScheduledWakeUp                       0x20000008   Data           1  rtc-board.o(.data)
    McuWakeUpTime                            0x20000010   Data           4  rtc-board.o(.data)
    RxData                                   0x20000014   Data           1  uart-board.o(.data)
    TxData                                   0x20000015   Data           1  uart-board.o(.data)
    SystemCoreClock                          0x20000018   Data           4  system_stm32l0xx.o(.data)
    uwTick                                   0x2000001c   Data           4  stm32l0xx_hal.o(.data)
    DioIrq                                   0x20000028   Data          24  sx1276.o(.data)
    HasLoopedThroughMain                     0x20000044   Data           1  timer.o(.data)
    Uart1TxBuffer                            0x2000004c   Data         512  main.o(.bss)
    Uart1RxBuffer                            0x2000024c   Data         512  main.o(.bss)
    sendBuff                                 0x2000044c   Data          80  main.o(.bss)
    AdcHandle                                0x2000049c   Data          96  adc-board.o(.bss)
    Adc                                      0x200004fc   Data          12  board.o(.bss)
    I2c                                      0x20000508   Data          28  board.o(.bss)
    Uart1                                    0x20000524   Data          56  board.o(.bss)
    RtcCalendarContext                       0x200005b0   Data          24  rtc-board.o(.bss)
    RtcHandle                                0x200005c8   Data          36  rtc-board.o(.bss)
    AntSwitchLf                              0x2000070c   Data          12  sx1276mb1las-board.o(.bss)
    AntSwitchHf                              0x20000718   Data          12  sx1276mb1las-board.o(.bss)
    SX1276                                   0x20000824   Data         236  sx1276.o(.bss)
    TxTimeoutTimer                           0x20000910   Data          20  sx1276.o(.bss)
    RxTimeoutTimer                           0x20000924   Data          20  sx1276.o(.bss)
    RxTimeoutSyncWord                        0x20000938   Data          20  sx1276.o(.bss)
    __initial_sp                             0x20000d50   Data           0  startup_stm32l073xx.o(STACK)



==============================================================================

Memory Map of the image

  Image Entry point : 0x080000c1

  Load Region LR_IROM1 (Base: 0x08000000, Size: 0x0000dea0, Max: 0x00030000, ABSOLUTE)

    Execution Region ER_IROM1 (Exec base: 0x08000000, Load base: 0x08000000, Size: 0x0000de54, Max: 0x00030000, ABSOLUTE)

    Exec Addr    Load Addr    Size         Type   Attr      Idx    E Section Name        Object

    0x08000000   0x08000000   0x000000c0   Data   RO          580    RESET               startup_stm32l073xx.o
    0x080000c0   0x080000c0   0x00000000   Code   RO         1499  * .ARM.Collect$$$$00000000  mc_p.l(entry.o)
    0x080000c0   0x080000c0   0x00000004   Code   RO         1813    .ARM.Collect$$$$00000001  mc_p.l(entry2.o)
    0x080000c4   0x080000c4   0x00000004   Code   RO         1816    .ARM.Collect$$$$00000004  mc_p.l(entry5.o)
    0x080000c8   0x080000c8   0x00000000   Code   RO         1818    .ARM.Collect$$$$00000008  mc_p.l(entry7b.o)
    0x080000c8   0x080000c8   0x00000000   Code   RO         1820    .ARM.Collect$$$$0000000A  mc_p.l(entry8b.o)
    0x080000c8   0x080000c8   0x00000008   Code   RO         1821    .ARM.Collect$$$$0000000B  mc_p.l(entry9a.o)
    0x080000d0   0x080000d0   0x00000000   Code   RO         1823    .ARM.Collect$$$$0000000D  mc_p.l(entry10a.o)
    0x080000d0   0x080000d0   0x00000000   Code   RO         1825    .ARM.Collect$$$$0000000F  mc_p.l(entry11a.o)
    0x080000d0   0x080000d0   0x00000004   Code   RO         1814    .ARM.Collect$$$$00002712  mc_p.l(entry2.o)
    0x080000d4   0x080000d4   0x00000188   Code   RO            3    .text               main.o
    0x0800025c   0x0800025c   0x00000154   Code   RO          178    .text               adc-board.o
    0x080003b0   0x080003b0   0x0000061c   Code   RO          269    .text               board.o
    0x080009cc   0x080009cc   0x0000000c   Code   RO          364    .text               delay-board.o
    0x080009d8   0x080009d8   0x00000414   Code   RO          410    .text               gpio-board.o
    0x08000dec   0x08000dec   0x00000794   Code   RO          469    .text               rtc-board.o
    0x08001580   0x08001580   0x00000388   Code   RO          498    .text               spi-board.o
    0x08001908   0x08001908   0x00000398   Code   RO          523    .text               uart-board.o
    0x08001ca0   0x08001ca0   0x000003cc   Code   RO          548    .text               sx1276mb1las-board.o
    0x0800206c   0x0800206c   0x0000001c   Code   RO          581    .text               startup_stm32l073xx.o
    0x08002088   0x08002088   0x00000160   Code   RO          587    .text               system_stm32l0xx.o
    0x080021e8   0x080021e8   0x0000019c   Code   RO          614    .text               stm32l0xx_hal.o
    0x08002384   0x08002384   0x00000d54   Code   RO          637    .text               stm32l0xx_hal_adc.o
    0x080030d8   0x080030d8   0x000001ec   Code   RO          657    .text               stm32l0xx_hal_adc_ex.o
    0x080032c4   0x080032c4   0x00000224   Code   RO          677    .text               stm32l0xx_hal_cortex.o
    0x080034e8   0x080034e8   0x00000b80   Code   RO          700    .text               stm32l0xx_hal_dma.o
    0x08004068   0x08004068   0x00000378   Code   RO          720    .text               stm32l0xx_hal_gpio.o
    0x080043e0   0x080043e0   0x00000214   Code   RO          780    .text               stm32l0xx_hal_pwr.o
    0x080045f4   0x080045f4   0x000000bc   Code   RO          800    .text               stm32l0xx_hal_pwr_ex.o
    0x080046b0   0x080046b0   0x00000c6c   Code   RO          820    .text               stm32l0xx_hal_rcc.o
    0x0800531c   0x0800531c   0x00000974   Code   RO          840    .text               stm32l0xx_hal_rcc_ex.o
    0x08005c90   0x08005c90   0x00000d30   Code   RO          860    .text               stm32l0xx_hal_rtc.o
    0x080069c0   0x080069c0   0x0000102c   Code   RO          880    .text               stm32l0xx_hal_rtc_ex.o
    0x080079ec   0x080079ec   0x000016f0   Code   RO          900    .text               stm32l0xx_hal_spi.o
    0x080090dc   0x080090dc   0x000013b4   Code   RO          920    .text               stm32l0xx_hal_uart.o
    0x0800a490   0x0800a490   0x00000294   Code   RO          940    .text               stm32l0xx_hal_uart_ex.o
    0x0800a724   0x0800a724   0x00000010   Code   RO         1018    .text               sysirqhandlers.o
    0x0800a734   0x0800a734   0x000000b4   Code   RO         1027    .text               utilities.o
    0x0800a7e8   0x0800a7e8   0x00001ab4   Code   RO         1322    .text               sx1276.o
    0x0800c29c   0x0800c29c   0x0000004c   Code   RO         1354    .text               adc.o
    0x0800c2e8   0x0800c2e8   0x0000002c   Code   RO         1368    .text               delay.o
    0x0800c314   0x0800c314   0x00000088   Code   RO         1380    .text               fifo.o
    0x0800c39c   0x0800c39c   0x0000006e   Code   RO         1392    .text               gpio.o
    0x0800c40a   0x0800c40a   0x00000002   PAD
    0x0800c40c   0x0800c40c   0x0000037c   Code   RO         1418    .text               timer.o
    0x0800c788   0x0800c788   0x000000a2   Code   RO         1436    .text               uart.o
    0x0800c82a   0x0800c82a   0x0000002c   Code   RO         1502    .text               mc_p.l(uidiv.o)
    0x0800c856   0x0800c856   0x00000028   Code   RO         1504    .text               mc_p.l(idiv.o)
    0x0800c87e   0x0800c87e   0x00000060   Code   RO         1506    .text               mc_p.l(uldiv.o)
    0x0800c8de   0x0800c8de   0x00000024   Code   RO         1508    .text               mc_p.l(memcpya.o)
    0x0800c902   0x0800c902   0x00000024   Code   RO         1510    .text               mc_p.l(memseta.o)
    0x0800c926   0x0800c926   0x0000000e   Code   RO         1512    .text               mc_p.l(strlen.o)
    0x0800c934   0x0800c934   0x0000007a   Code   RO         1779    .text               mf_p.l(fmul.o)
    0x0800c9ae   0x0800c9ae   0x0000007c   Code   RO         1781    .text               mf_p.l(fdiv.o)
    0x0800ca2a   0x0800ca2a   0x00000002   PAD
    0x0800ca2c   0x0800ca2c   0x00000164   Code   RO         1783    .text               mf_p.l(dadd.o)
    0x0800cb90   0x0800cb90   0x000000d0   Code   RO         1785    .text               mf_p.l(dmul.o)
    0x0800cc60   0x0800cc60   0x000000f0   Code   RO         1787    .text               mf_p.l(ddiv.o)
    0x0800cd50   0x0800cd50   0x0000000e   Code   RO         1791    .text               mf_p.l(ffltui.o)
    0x0800cd5e   0x0800cd5e   0x00000002   PAD
    0x0800cd60   0x0800cd60   0x00000028   Code   RO         1793    .text               mf_p.l(dflti.o)
    0x0800cd88   0x0800cd88   0x0000001c   Code   RO         1795    .text               mf_p.l(dfltui.o)
    0x0800cda4   0x0800cda4   0x0000001c   Code   RO         1797    .text               mf_p.l(dfltul.o)
    0x0800cdc0   0x0800cdc0   0x00000028   Code   RO         1799    .text               mf_p.l(ffixui.o)
    0x0800cde8   0x0800cde8   0x00000048   Code   RO         1801    .text               mf_p.l(dfixi.o)
    0x0800ce30   0x0800ce30   0x0000003c   Code   RO         1803    .text               mf_p.l(dfixui.o)
    0x0800ce6c   0x0800ce6c   0x00000028   Code   RO         1805    .text               mf_p.l(f2d.o)
    0x0800ce94   0x0800ce94   0x00000028   Code   RO         1807    .text               mf_p.l(cdrcmple.o)
    0x0800cebc   0x0800cebc   0x00000038   Code   RO         1809    .text               mf_p.l(d2f.o)
    0x0800cef4   0x0800cef4   0x00000020   Code   RO         1828    .text               mc_p.l(llshl.o)
    0x0800cf14   0x0800cf14   0x00000022   Code   RO         1830    .text               mc_p.l(llushr.o)
    0x0800cf36   0x0800cf36   0x00000026   Code   RO         1832    .text               mc_p.l(llsshr.o)
    0x0800cf5c   0x0800cf5c   0x00000000   Code   RO         1834    .text               mc_p.l(iusefp.o)
    0x0800cf5c   0x0800cf5c   0x00000082   Code   RO         1835    .text               mf_p.l(fepilogue.o)
    0x0800cfde   0x0800cfde   0x000000be   Code   RO         1837    .text               mf_p.l(depilogue.o)
    0x0800d09c   0x0800d09c   0x0000007c   Code   RO         1841    .text               mf_p.l(drnd.o)
    0x0800d118   0x0800d118   0x00000040   Code   RO         1843    .text               mf_p.l(dfixul.o)
    0x0800d158   0x0800d158   0x00000028   Code   RO         1845    .text               mf_p.l(cdcmple.o)
    0x0800d180   0x0800d180   0x00000024   Code   RO         1847    .text               mc_p.l(init.o)
    0x0800d1a4   0x0800d1a4   0x00000028   Code   RO         1751    i.__0sprintf        mc_p.l(printfa.o)
    0x0800d1cc   0x0800d1cc   0x0000002e   Code   RO         1839    i.__ARM_clz         mf_p.l(depilogue.o)
    0x0800d1fa   0x0800d1fa   0x0000001c   Code   RO          427    i.__ARM_common_switch8  gpio-board.o
    0x0800d216   0x0800d216   0x0000000e   Code   RO         1851    i.__scatterload_copy  mc_p.l(handlers.o)
    0x0800d224   0x0800d224   0x00000002   Code   RO         1852    i.__scatterload_null  mc_p.l(handlers.o)
    0x0800d226   0x0800d226   0x0000000e   Code   RO         1853    i.__scatterload_zeroinit  mc_p.l(handlers.o)
    0x0800d234   0x0800d234   0x00000174   Code   RO         1756    i._fp_digits        mc_p.l(printfa.o)
    0x0800d3a8   0x0800d3a8   0x000006ec   Code   RO         1757    i._printf_core      mc_p.l(printfa.o)
    0x0800da94   0x0800da94   0x00000020   Code   RO         1758    i._printf_post_padding  mc_p.l(printfa.o)
    0x0800dab4   0x0800dab4   0x0000002c   Code   RO         1759    i._printf_pre_padding  mc_p.l(printfa.o)
    0x0800dae0   0x0800dae0   0x0000000a   Code   RO         1761    i._sputc            mc_p.l(printfa.o)
    0x0800daea   0x0800daea   0x00000002   PAD
    0x0800daec   0x0800daec   0x000000c8   Code   RO         1490    i.ceil              m_ps.l(ceil.o)
    0x0800dbb4   0x0800dbb4   0x000000c8   Code   RO         1494    i.floor             m_ps.l(floor.o)
    0x0800dc7c   0x0800dc7c   0x0000009c   Code   RO         1497    i.round             m_ps.l(round.o)
    0x0800dd18   0x0800dd18   0x00000018   Data   RO          471    .constdata          rtc-board.o
    0x0800dd30   0x0800dd30   0x00000021   Data   RO          588    .constdata          system_stm32l0xx.o
    0x0800dd51   0x0800dd51   0x00000003   PAD
    0x0800dd54   0x0800dd54   0x000000e0   Data   RO         1324    .constdata          sx1276.o
    0x0800de34   0x0800de34   0x00000020   Data   RO         1849    Region$$Table       anon$$obj.o


    Execution Region RW_IRAM1 (Exec base: 0x20000000, Load base: 0x0800de54, Size: 0x00000d50, Max: 0x00005000, ABSOLUTE)

    Exec Addr    Load Addr    Size         Type   Attr      Idx    E Section Name        Object

    0x20000000   0x0800de54   0x00000006   Data   RW          271    .data               board.o
    0x20000006   0x0800de5a   0x00000002   PAD
    0x20000008   0x0800de5c   0x0000000c   Data   RW          472    .data               rtc-board.o
    0x20000014   0x0800de68   0x00000002   Data   RW          525    .data               uart-board.o
    0x20000016   0x0800de6a   0x00000001   Data   RW          551    .data               sx1276mb1las-board.o
    0x20000017   0x0800de6b   0x00000001   PAD
    0x20000018   0x0800de6c   0x00000004   Data   RW          589    .data               system_stm32l0xx.o
    0x2000001c   0x0800de70   0x00000004   Data   RW          615    .data               stm32l0xx_hal.o
    0x20000020   0x0800de74   0x00000004   Data   RW         1028    .data               utilities.o
    0x20000024   0x0800de78   0x0000001c   Data   RW         1325    .data               sx1276.o
    0x20000040   0x0800de94   0x00000001   Data   RW         1355    .data               adc.o
    0x20000041   0x0800de95   0x00000003   PAD
    0x20000044   0x0800de98   0x00000008   Data   RW         1419    .data               timer.o
    0x2000004c        -       0x00000450   Zero   RW            4    .bss                main.o
    0x2000049c        -       0x00000060   Zero   RW          179    .bss                adc-board.o
    0x200004fc        -       0x00000074   Zero   RW          270    .bss                board.o
    0x20000570        -       0x00000040   Zero   RW          411    .bss                gpio-board.o
    0x200005b0        -       0x0000003c   Zero   RW          470    .bss                rtc-board.o
    0x200005ec        -       0x000000b0   Zero   RW          499    .bss                spi-board.o
    0x2000069c        -       0x00000070   Zero   RW          524    .bss                uart-board.o
    0x2000070c        -       0x00000018   Zero   RW          549    .bss                sx1276mb1las-board.o
    0x20000724        -       0x00000228   Zero   RW         1323    .bss                sx1276.o
    0x2000094c   0x0800dea0   0x00000004   PAD
    0x20000950        -       0x00000400   Zero   RW          578    STACK               startup_stm32l073xx.o


==============================================================================

Image component sizes


      Code (inc. data)   RO Data    RW Data    ZI Data      Debug   Object Name

       340         30          0          0         96     374050   adc-board.o
        76          6          0          1          0       1591   adc.o
      1564         84          0          6        116     272307   board.o
        12          0          0          0          0        533   delay-board.o
        44          6          0          0          0        652   delay.o
       136          0          0          0          0       2101   fifo.o
      1072         40          0          0         64       4741   gpio-board.o
       110          0          0          0          0       2110   gpio.o
       392        108          0          0       1104     410723   main.o
      1940        118         24         12         60       8188   rtc-board.o
       904         24          0          0        176       2740   spi-board.o
        28          8        192          0       1024        700   startup_stm32l073xx.o
       412         32          0          4          0       5071   stm32l0xx_hal.o
      3412         80          0          0          0       9687   stm32l0xx_hal_adc.o
       492          6          0          0          0       3114   stm32l0xx_hal_adc_ex.o
       548         24          0          0          0      12107   stm32l0xx_hal_cortex.o
      2944         20          0          0          0       5228   stm32l0xx_hal_dma.o
       888         34          0          0          0       3531   stm32l0xx_hal_gpio.o
       532         18          0          0          0       3691   stm32l0xx_hal_pwr.o
       188         14          0          0          0       1431   stm32l0xx_hal_pwr_ex.o
      3180         94          0          0          0       6140   stm32l0xx_hal_rcc.o
      2420         98          0          0          0       4798   stm32l0xx_hal_rcc_ex.o
      3376         48          0          0          0       8305   stm32l0xx_hal_rtc.o
      4140         74          0          0          0      13101   stm32l0xx_hal_rtc_ex.o
      5872         54          0          0          0      13228   stm32l0xx_hal_spi.o
      5044        116          0          0          0      13425   stm32l0xx_hal_uart.o
       660          4          0          0          0       3606   stm32l0xx_hal_uart_ex.o
      6836        242        224         28        552      15546   sx1276.o
       972         16          0          1         24       7932   sx1276mb1las-board.o
        16          0          0          0          0        877   sysirqhandlers.o
       352         38         33          4          0       1741   system_stm32l0xx.o
       892         10          0          8          0       5500   timer.o
       920         24          0          2        112       4765   uart-board.o
       162          0          0          0          0       2721   uart.o
       180         16          0          4          0       2380   utilities.o

    ----------------------------------------------------------------------
     51058       1486        508         76       3332    1228361   Object Totals
         0          0         32          0          0          0   (incl. Generated)
         2          0          3          6          4          0   (incl. Padding)

    ----------------------------------------------------------------------

      Code (inc. data)   RO Data    RW Data    ZI Data      Debug   Library Member Name

       200         20          0          0          0         76   ceil.o
       200         20          0          0          0         76   floor.o
       156         14          0          0          0         84   round.o
         0          0          0          0          0          0   entry.o
         0          0          0          0          0          0   entry10a.o
         0          0          0          0          0          0   entry11a.o
         8          4          0          0          0          0   entry2.o
         4          0          0          0          0          0   entry5.o
         0          0          0          0          0          0   entry7b.o
         0          0          0          0          0          0   entry8b.o
         8          4          0          0          0          0   entry9a.o
        30          0          0          0          0          0   handlers.o
        40          0          0          0          0         72   idiv.o
        36          8          0          0          0         68   init.o
         0          0          0          0          0          0   iusefp.o
        32          0          0          0          0         68   llshl.o
        38          0          0          0          0         68   llsshr.o
        34          0          0          0          0         68   llushr.o
        36          0          0          0          0         60   memcpya.o
        36          0          0          0          0        100   memseta.o
      2270         94          0          0          0        472   printfa.o
        14          0          0          0          0         60   strlen.o
        44          0          0          0          0         72   uidiv.o
        96          0          0          0          0         84   uldiv.o
        40          2          0          0          0         68   cdcmple.o
        40          2          0          0          0         68   cdrcmple.o
        56          0          0          0          0         68   d2f.o
       356          4          0          0          0        140   dadd.o
       240          6          0          0          0         84   ddiv.o
       236          0          0          0          0        216   depilogue.o
        72         10          0          0          0         72   dfixi.o
        60         10          0          0          0         68   dfixui.o
        64         10          0          0          0         68   dfixul.o
        40          6          0          0          0         68   dflti.o
        28          4          0          0          0         68   dfltui.o
        28          6          0          0          0         68   dfltul.o
       208          6          0          0          0         88   dmul.o
       124         10          0          0          0         76   drnd.o
        40          0          0          0          0         60   f2d.o
       124          0          0          0          0         72   fdiv.o
       130          0          0          0          0        144   fepilogue.o
        40          0          0          0          0         60   ffixui.o
        14          0          0          0          0         68   ffltui.o
       122          0          0          0          0         72   fmul.o

    ----------------------------------------------------------------------
      5350        240          0          0          0       3124   Library Totals
         6          0          0          0          0          0   (incl. Padding)

    ----------------------------------------------------------------------

      Code (inc. data)   RO Data    RW Data    ZI Data      Debug   Library Name

       556         54          0          0          0        236   m_ps.l
      2726        110          0          0          0       1192   mc_p.l
      2062         76          0          0          0       1696   mf_p.l

    ----------------------------------------------------------------------
      5350        240          0          0          0       3124   Library Totals

    ----------------------------------------------------------------------

==============================================================================


      Code (inc. data)   RO Data    RW Data    ZI Data      Debug   

     56408       1726        508         76       3332    1226737   Grand Totals
     56408       1726        508         76       3332    1226737   ELF Image Totals
     56408       1726        508         76          0          0   ROM Totals

==============================================================================

    Total RO  Size (Code + RO Data)                56916 (  55.58kB)
    Total RW  Size (RW Data + ZI Data)              3408 (   3.33kB)
    Total ROM Size (Code + RO Data + RW Data)      56992 (  55.66kB)

==============================================================================

