Component: ARM Compiler 5.06 update 5 (build 528) Tool: armlink [4d35e2]

==============================================================================

Section Cross References

    main.o(.text) refers to i2c.o(.text) for I2cWrite
    main.o(.text) refers to printfa.o(i.__0sprintf) for __2sprintf
    main.o(.text) refers to strlen.o(.text) for strlen
    main.o(.text) refers to uart.o(.text) for UartPutBuffer
    main.o(.text) refers to delay.o(.text) for DelayMs
    main.o(.text) refers to ffltui.o(.text) for __aeabi_ui2f
    main.o(.text) refers to fadd.o(.text) for __aeabi_frsub
    main.o(.text) refers to f2d.o(.text) for __aeabi_f2d
    main.o(.text) refers to dmul.o(.text) for __aeabi_dmul
    main.o(.text) refers to d2f.o(.text) for __aeabi_d2f
    main.o(.text) refers to board.o(.text) for BoardInitMcu
    main.o(.text) refers to fifo.o(.text) for FifoInit
    main.o(.text) refers to main.o(.bss) for I2c
    main.o(.text) refers to board.o(.bss) for Uart1
    adc-board.o(.text) refers to stm32l0xx_hal_adc.o(.text) for HAL_ADC_DeInit
    adc-board.o(.text) refers to gpio.o(.text) for GpioInit
    adc-board.o(.text) refers to stm32l0xx_hal_adc_ex.o(.text) for HAL_ADCEx_Calibration_Start
    adc-board.o(.text) refers to adc-board.o(.bss) for AdcHandle
    board.o(.text) refers to gpio.o(.text) for GpioInit
    board.o(.text) refers to stm32l0xx_hal.o(.text) for HAL_DBGMCU_EnableDBGStopMode
    board.o(.text) refers to stm32l0xx_hal_rcc.o(.text) for HAL_RCC_OscConfig
    board.o(.text) refers to stm32l0xx_hal_rcc_ex.o(.text) for HAL_RCCEx_PeriphCLKConfig
    board.o(.text) refers to uidiv.o(.text) for __aeabi_uidivmod
    board.o(.text) refers to stm32l0xx_hal_cortex.o(.text) for HAL_SYSTICK_Config
    board.o(.text) refers to rtc-board.o(.text) for RtcInit
    board.o(.text) refers to adc.o(.text) for AdcInit
    board.o(.text) refers to spi-board.o(.text) for SpiInit
    board.o(.text) refers to sx1276mb1las-board.o(.text) for SX1276IoInit
    board.o(.text) refers to board.o(.data) for SystemWakeupTimeCalibrated
    board.o(.text) refers to board.o(.bss) for Adc
    board.o(.text) refers to sx1276.o(.bss) for SX1276
    board.o(.text) refers to ffltui.o(.text) for __aeabi_ui2f
    board.o(.text) refers to fmul.o(.text) for __aeabi_fmul
    board.o(.text) refers to fdiv.o(.text) for __aeabi_fdiv
    board.o(.text) refers to ffixui.o(.text) for __aeabi_f2uiz
    board.o(.text) refers to idiv.o(.text) for __aeabi_idivmod
    board.o(.text) refers to timer.o(.text) for TimerInit
    delay-board.o(.text) refers to stm32l0xx_hal.o(.text) for HAL_Delay
    eeprom-board.o(.text) refers to stm32l0xx_hal_flash_ex.o(.text) for HAL_FLASHEx_DATAEEPROM_Unlock
    eeprom-board.o(.text) refers to utilities.o(.text) for memcpy1
    gpio-board.o(.text) refers to stm32l0xx_hal_gpio.o(.text) for HAL_GPIO_WritePin
    gpio-board.o(.text) refers to gpio-board.o(i.__ARM_common_switch8) for __ARM_common_switch8
    gpio-board.o(.text) refers to stm32l0xx_hal_cortex.o(.text) for HAL_NVIC_SetPriority
    gpio-board.o(.text) refers to rtc-board.o(.text) for RtcRecoverMcuStatus
    gpio-board.o(.text) refers to gpio-board.o(.bss) for GpioIrq
    i2c-board.o(.text) refers to gpio.o(.text) for GpioInit
    i2c-board.o(.text) refers to stm32l0xx_hal_i2c.o(.text) for HAL_I2C_Init
    i2c-board.o(.text) refers to stm32l0xx_hal_i2c_ex.o(.text) for HAL_I2CEx_ConfigAnalogFilter
    i2c-board.o(.text) refers to i2c-board.o(.bss) for I2cHandle
    i2c-board.o(.text) refers to i2c-board.o(.data) for I2cInternalAddrSize
    rtc-board.o(.text) refers to stm32l0xx_hal_rtc.o(.text) for HAL_RTC_Init
    rtc-board.o(.text) refers to stm32l0xx_hal_rtc_ex.o(.text) for HAL_RTCEx_EnableBypassShadow
    rtc-board.o(.text) refers to stm32l0xx_hal_cortex.o(.text) for HAL_NVIC_SetPriority
    rtc-board.o(.text) refers to dfltui.o(.text) for __aeabi_ui2d
    rtc-board.o(.text) refers to dmul.o(.text) for __aeabi_dmul
    rtc-board.o(.text) refers to ddiv.o(.text) for __aeabi_ddiv
    rtc-board.o(.text) refers to round.o(i.round) for round
    rtc-board.o(.text) refers to dfixui.o(.text) for __aeabi_d2uiz
    rtc-board.o(.text) refers to memcpya.o(.text) for __aeabi_memcpy4
    rtc-board.o(.text) refers to idiv.o(.text) for __aeabi_idivmod
    rtc-board.o(.text) refers to rtc-board.o(.data) for RtcInitialized
    rtc-board.o(.text) refers to rtc-board.o(.bss) for RtcHandle
    rtc-board.o(.text) refers to rtc-board.o(.constdata) for DaysInMonthLeapYear
    rtc-board.o(.text) refers to board.o(.text) for BoardInitMcu
    rtc-board.o(.text) refers to stm32l0xx_hal_pwr.o(.text) for HAL_PWR_DisablePVD
    rtc-board.o(.text) refers to stm32l0xx_hal_pwr_ex.o(.text) for HAL_PWREx_EnableUltraLowPower
    rtc-board.o(.text) refers to memseta.o(.text) for __aeabi_memclr4
    rtc-board.o(.text) refers to timer.o(.text) for TimerIrqHandler
[...]
    _fp_digits                               0x08010431   Thumb Code   344  printfa.o(i._fp_digits)
    i._printf_core                           0x080105a4   Section        0  printfa.o(i._printf_core)
    _printf_core                             0x080105a5   Thumb Code  1754  printfa.o(i._printf_core)
    i._printf_post_padding                   0x08010c90   Section        0  printfa.o(i._printf_post_padding)
    _printf_post_padding                     0x08010c91   Thumb Code    32  printfa.o(i._printf_post_padding)
    i._printf_pre_padding                    0x08010cb0   Section        0  printfa.o(i._printf_pre_padding)
    _printf_pre_padding                      0x08010cb1   Thumb Code    44  printfa.o(i._printf_pre_padding)
    i._sputc                                 0x08010cdc   Section        0  printfa.o(i._sputc)
    _sputc                                   0x08010cdd   Thumb Code    10  printfa.o(i._sputc)
    i.ceil                                   0x08010ce8   Section        0  ceil.o(i.ceil)
    i.floor                                  0x08010db0   Section        0  floor.o(i.floor)
    i.round                                  0x08010e78   Section        0  round.o(i.round)
    .constdata                               0x08010f14   Section       24  rtc-board.o(.constdata)
    DaysInMonth                              0x08010f14   Data          12  rtc-board.o(.constdata)
    DaysInMonthLeapYear                      0x08010f20   Data          12  rtc-board.o(.constdata)
    .constdata                               0x08010f2c   Section       33  system_stm32l0xx.o(.constdata)
    .constdata                               0x08010f50   Section      224  sx1276.o(.constdata)
    .data                                    0x20000000   Section        6  board.o(.data)
    McuInitialized                           0x20000000   Data           1  board.o(.data)
    SystemWakeupTimeCalibrated               0x20000001   Data           1  board.o(.data)
    IrqNestLevel                             0x20000002   Data           1  board.o(.data)
    BatteryVoltage                           0x20000004   Data           2  board.o(.data)
    .data                                    0x20000006   Section        1  i2c-board.o(.data)
    I2cInternalAddrSize                      0x20000006   Data           1  i2c-board.o(.data)
    .data                                    0x20000008   Section       12  rtc-board.o(.data)
    RtcTimerEventAllowsLowPower              0x20000009   Data           1  rtc-board.o(.data)
    LowPowerDisableDuringTask                0x2000000a   Data           1  rtc-board.o(.data)
    RtcInitialized                           0x2000000b   Data           1  rtc-board.o(.data)
    WakeUpTimeInitialized                    0x2000000c   Data           1  rtc-board.o(.data)
    .data                                    0x20000014   Section        2  uart-board.o(.data)
    .data                                    0x20000016   Section        1  sx1276mb1las-board.o(.data)
    RadioIsActive                            0x20000016   Data           1  sx1276mb1las-board.o(.data)
    .data                                    0x20000018   Section        4  system_stm32l0xx.o(.data)
    .data                                    0x2000001c   Section        4  stm32l0xx_hal.o(.data)
    .data                                    0x20000020   Section        4  utilities.o(.data)
    next                                     0x20000020   Data           4  utilities.o(.data)
    .data                                    0x20000024   Section       28  sx1276.o(.data)
    RadioEvents                              0x20000024   Data           4  sx1276.o(.data)
    .data                                    0x20000040   Section        1  adc.o(.data)
    AdcInitialized                           0x20000040   Data           1  adc.o(.data)
    .data                                    0x20000041   Section        1  i2c.o(.data)
    I2cInitialized                           0x20000041   Data           1  i2c.o(.data)
    .data                                    0x20000044   Section        8  timer.o(.data)
    TimerListHead                            0x20000048   Data           4  timer.o(.data)
    .bss                                     0x2000004c   Section     1328  main.o(.bss)
    I2c                                      0x20000560   Data          28  main.o(.bss)
    .bss                                     0x2000057c   Section       96  adc-board.o(.bss)
    .bss                                     0x200005dc   Section      116  board.o(.bss)
    CalibrateSystemWakeupTimeTimer           0x2000063c   Data          20  board.o(.bss)
    .bss                                     0x20000650   Section       64  gpio-board.o(.bss)
    GpioIrq                                  0x20000650   Data          64  gpio-board.o(.bss)
    .bss                                     0x20000690   Section       60  i2c-board.o(.bss)
    I2cHandle                                0x20000690   Data          60  i2c-board.o(.bss)
    .bss                                     0x200006cc   Section       60  rtc-board.o(.bss)
    .bss                                     0x20000708   Section      176  spi-board.o(.bss)
    SpiHandle                                0x20000708   Data         176  spi-board.o(.bss)
    .bss                                     0x200007b8   Section      112  uart-board.o(.bss)
    UartHandle                               0x200007b8   Data         112  uart-board.o(.bss)
    .bss                                     0x20000828   Section       24  sx1276mb1las-board.o(.bss)
    .bss                                     0x20000840   Section      552  sx1276.o(.bss)
    RxTxBuffer                               0x20000840   Data         256  sx1276.o(.bss)
    STACK                                    0x20000a68   Section     1024  startup_stm32l073xx.o(STACK)

    Global Symbols

    Symbol Name                              Value     Ov Type        Size  Object(Section)

    BuildAttributes$$THM_ISAv3M$S$PE$A:L22$X:L11$S22$IEEE1$IW$USESV6$~STKCKD$USESV7$~SHL$OTIME$ROPI$IEEEJ$EBA8$MICROLIB$REQ8$PRES8$EABIv2 0x00000000   Number         0  anon$$obj.o ABSOLUTE
    __ARM_use_no_argv                        0x00000000   Number         0  main.o ABSOLUTE
    _printf_a                                0x00000000   Number         0  stubs.o ABSOLUTE
    _printf_c                                0x00000000   Number         0  stubs.o ABSOLUTE
    _printf_charcount                        0x00000000   Number         0  stubs.o ABSOLUTE
    _printf_d                                0x00000000   Number         0  stubs.o ABSOLUTE
    _printf_e                                0x00000000   Number         0  stubs.o ABSOLUTE
    _printf_f                                0x00000000   Number         0  stubs.o ABSOLUTE
    _printf_flags                            0x00000000   Number         0  stubs.o ABSOLUTE
    _printf_fp_dec                           0x00000000   Number         0  stubs.o ABSOLUTE
    _printf_fp_hex                           0x00000000   Number         0  stubs.o ABSOLUTE
    _printf_g                                0x00000000   Number         0  stubs.o ABSOLUTE
    _printf_i                                0x00000000   Number         0  stubs.o ABSOLUTE
    _printf_int_dec                          0x00000000   Number         0  stubs.o ABSOLUTE
    _printf_l                                0x00000000   Number         0  stubs.o ABSOLUTE
    _printf_lc                               0x00000000   Number         0  stubs.o ABSOLUTE
    _printf_ll                               0x00000000   Number         0  stubs.o ABSOLUTE
    _printf_lld                              0x00000000   Number         0  stubs.o ABSOLUTE
    _printf_lli                              0x00000000   Number         0  stubs.o ABSOLUTE
    _printf_llo                              0x00000000   Number         0  stubs.o ABSOLUTE
    _printf_llu                              0x00000000   Number         0  stubs.o ABSOLUTE
    _printf_llx                              0x00000000   Number         0  stubs.o ABSOLUTE
    _printf_longlong_dec                     0x00000000   Number         0  stubs.o ABSOLUTE
    _printf_longlong_hex                     0x00000000   Number         0  stubs.o ABSOLUTE
    _printf_longlong_oct                     0x00000000   Number         0  stubs.o ABSOLUTE
    _printf_ls                               0x00000000   Number         0  stubs.o ABSOLUTE
    _printf_mbtowc                           0x00000000   Number         0  stubs.o ABSOLUTE
    _printf_n                                0x00000000   Number         0  stubs.o ABSOLUTE
    _printf_o                                0x00000000   Number         0  stubs.o ABSOLUTE
    _printf_p                                0x00000000   Number         0  stubs.o ABSOLUTE
    _printf_percent                          0x00000000   Number         0  stubs.o ABSOLUTE
    _printf_pre_padding                      0x00000000   Number         0  stubs.o ABSOLUTE
    _printf_return_value                     0x00000000   Number         0  stubs.o ABSOLUTE
    _printf_s                                0x00000000   Number         0  stubs.o ABSOLUTE
    _printf_sizespec                         0x00000000   Number         0  stubs.o ABSOLUTE
    _printf_str                              0x00000000   Number         0  stubs.o ABSOLUTE
    _printf_truncate_signed                  0x00000000   Number         0  stubs.o ABSOLUTE
    _printf_truncate_unsigned                0x00000000   Number         0  stubs.o ABSOLUTE
    _printf_u                                0x00000000   Number         0  stubs.o ABSOLUTE
    _printf_wc                               0x00000000   Number         0  stubs.o ABSOLUTE
    _printf_wctomb                           0x00000000   Number         0  stubs.o ABSOLUTE
    _printf_widthprec                        0x00000000   Number         0  stubs.o ABSOLUTE
    _printf_x                                0x00000000   Number         0  stubs.o ABSOLUTE
    __cpp_initialize__aeabi_                  - Undefined Weak Reference
    __cxa_finalize                            - Undefined Weak Reference
    __decompress                              - Undefined Weak Reference
    _clock_init                               - Undefined Weak Reference
    _microlib_exit                            - Undefined Weak Reference
    __Vectors_Size                           0x000000c0   Number         0  startup_stm32l073xx.o ABSOLUTE
    __Vectors                                0x08000000   Data           4  startup_stm32l073xx.o(RESET)
    __Vectors_End                            0x080000c0   Data           0  startup_stm32l073xx.o(RESET)
    __main                                   0x080000c1   Thumb Code     0  entry.o(.ARM.Collect$$$$00000000)
    _main_stk                                0x080000c1   Thumb Code     0  entry2.o(.ARM.Collect$$$$00000001)
    _main_scatterload                        0x080000c5   Thumb Code     0  entry5.o(.ARM.Collect$$$$00000004)
    __main_after_scatterload                 0x080000c9   Thumb Code     0  entry5.o(.ARM.Collect$$$$00000004)
    _main_clock                              0x080000c9   Thumb Code     0  entry7b.o(.ARM.Collect$$$$00000008)
    _main_cpp_init                           0x080000c9   Thumb Code     0  entry8b.o(.ARM.Collect$$$$0000000A)
    _main_init                               0x080000c9   Thumb Code     0  entry9a.o(.ARM.Collect$$$$0000000B)
    __rt_final_cpp                           0x080000d1   Thumb Code     0  entry10a.o(.ARM.Collect$$$$0000000D)
    __rt_final_exit                          0x080000d1   Thumb Code     0  entry11a.o(.ARM.Collect$$$$0000000F)
    InitAMG8833                              0x080000d5   Thumb Code    94  main.o(.text)
    Read_AMG8833_Data                        0x08000133   Thumb Code   236  main.o(.text)
    Print_AMG8833_Data                       0x0800021f   Thumb Code   126  main.o(.text)
    main                                     0x0800029d   Thumb Code   102  main.o(.text)
    AdcMcuInit                               0x08000379   Thumb Code    58  adc-board.o(.text)
    AdcMcuConfig                             0x080003b3   Thumb Code    72  adc-board.o(.text)
    Clean_CHSEL_Flags                        0x080003fb   Thumb Code    22  adc-board.o(.text)
    AdcMcuReadChannel                        0x08000411   Thumb Code   158  adc-board.o(.text)
    BoardDisableIrq                          0x080004d5   Thumb Code    14  board.o(.text)
    BoardEnableIrq                           0x080004e3   Thumb Code    22  board.o(.text)
    BoardInitPeriph                          0x080004f9   Thumb Code   268  board.o(.text)
    GetBoardPowerSource                      0x08000605   Thumb Code     4  board.o(.text)
    BoardInitMcu                             0x08000805   Thumb Code    86  board.o(.text)
    BoardResetMcu                            0x0800085b   Thumb Code    52  board.o(.text)
    BoardDeInitMcu                           0x0800088f   Thumb Code   134  board.o(.text)
    BoardGetRandomSeed                       0x08000915   Thumb Code    18  board.o(.text)
    BoardGetUniqueId                         0x08000927   Thumb Code    94  board.o(.text)
    BoardBatteryMeasureVolage                0x08000985   Thumb Code   120  board.o(.text)
    BoardGetBatteryVoltage                   0x080009fd   Thumb Code     6  board.o(.text)
    BoardGetBatteryLevel                     0x08000a03   Thumb Code   118  board.o(.text)
    SysTick_Handler                          0x08000aab   Thumb Code    12  board.o(.text)
    fputc                                    0x08000ab7   Thumb Code     2  board.o(.text)
    DelayMsMcu                               0x08000ae9   Thumb Code    12  delay-board.o(.text)
    GpioMcuWrite                             0x08000af5   Thumb Code    52  gpio-board.o(.text)
    GpioMcuInit                              0x08000b29   Thumb Code   320  gpio-board.o(.text)
    GpioMcuSetInterrupt                      0x08000c69   Thumb Code   322  gpio-board.o(.text)
    GpioMcuRemoveInterrupt                   0x08000dab   Thumb Code    48  gpio-board.o(.text)
    GpioMcuToggle                            0x08000ddb   Thumb Code    48  gpio-board.o(.text)
    GpioMcuRead                              0x08000e0b   Thumb Code    44  gpio-board.o(.text)
    EXTI0_1_IRQHandler                       0x08000e37   Thumb Code    20  gpio-board.o(.text)
    EXTI2_3_IRQHandler                       0x08000e4b   Thumb Code    20  gpio-board.o(.text)
    EXTI4_15_IRQHandler                      0x08000e5f   Thumb Code    96  gpio-board.o(.text)
    HAL_GPIO_EXTI_Callback                   0x08000ebf   Thumb Code    42  gpio-board.o(.text)
    I2cMcuInit                               0x08000f09   Thumb Code   118  i2c-board.o(.text)
    I2cMcuFormat                             0x08000f7f   Thumb Code    86  i2c-board.o(.text)
    I2cMcuResetBus                           0x08000fd5   Thumb Code   122  i2c-board.o(.text)
    I2cMcuDeInit                             0x0800104f   Thumb Code    96  i2c-board.o(.text)
    I2cSetAddrSize                           0x080010af   Thumb Code     6  i2c-board.o(.text)
    I2cMcuWriteBuffer                        0x080010b5   Thumb Code    76  i2c-board.o(.text)
    I2cMcuReadBuffer                         0x08001101   Thumb Code    76  i2c-board.o(.text)
    I2cMcuWaitStandbyState                   0x0800114d   Thumb Code    40  i2c-board.o(.text)
    RtcInit                                  0x08001195   Thumb Code   146  rtc-board.o(.text)
    RtcSetTimeout                            0x080014b3   Thumb Code    18  rtc-board.o(.text)
    RtcGetAdjustedTimeoutValue               0x080014c5   Thumb Code    62  rtc-board.o(.text)
    RtcGetTimerValue                         0x08001659   Thumb Code    26  rtc-board.o(.text)
    RtcGetElapsedAlarmTime                   0x08001673   Thumb Code    46  rtc-board.o(.text)
    RtcComputeFutureEventTime                0x080016a1   Thumb Code    12  rtc-board.o(.text)
    RtcComputeElapsedTime                    0x080016ad   Thumb Code    46  rtc-board.o(.text)
    RtcRecoverMcuStatus                      0x080016db   Thumb Code    68  rtc-board.o(.text)
    BlockLowPowerDuringTask                  0x0800171f   Thumb Code    18  rtc-board.o(.text)
    RtcEnterLowPowerStopMode                 0x08001731   Thumb Code    56  rtc-board.o(.text)
    RtcConvertTimerTimeToCalendarTick        0x080017b5   Thumb Code   276  rtc-board.o(.text)
    RTC_IRQHandler                           0x080018c9   Thumb Code    38  rtc-board.o(.text)
    RtcProcess                               0x080018ef   Thumb Code     2  rtc-board.o(.text)
    SpiFrequency                             0x08001929   Thumb Code    84  spi-board.o(.text)
    SpiFormat                                0x0800197d   Thumb Code   166  spi-board.o(.text)
    SpiInit                                  0x08001a23   Thumb Code   376  spi-board.o(.text)
    SpiDeInit                                0x08001b9b   Thumb Code   106  spi-board.o(.text)
    SpiInOut                                 0x08001c05   Thumb Code   148  spi-board.o(.text)
    UartMcuInit                              0x08001cb1   Thumb Code   102  uart-board.o(.text)
    UartMcuConfig                            0x08001d17   Thumb Code   298  uart-board.o(.text)
    UartMcuDeInit                            0x08001e41   Thumb Code    96  uart-board.o(.text)
    UartMcuPutChar                           0x08001ea1   Thumb Code    78  uart-board.o(.text)
    UartMcuGetChar                           0x08001eef   Thumb Code    56  uart-board.o(.text)
    UartMcuPutBuffer                         0x08001f27   Thumb Code    60  uart-board.o(.text)
    UartMcuGetBuffer                         0x08001f63   Thumb Code    56  uart-board.o(.text)
    HAL_UART_TxCpltCallback                  0x08001f9b   Thumb Code    54  uart-board.o(.text)
    HAL_UART_RxCpltCallback                  0x08001fd1   Thumb Code    60  uart-board.o(.text)
    HAL_UART_ErrorCallback                   0x0800200d   Thumb Code    16  uart-board.o(.text)
    USART2_IRQHandler                        0x0800201d   Thumb Code    10  uart-board.o(.text)
    USART1_IRQHandler                        0x08002027   Thumb Code    10  uart-board.o(.text)
    SX1276IoInit                             0x08002049   Thumb Code   154  sx1276mb1las-board.o(.text)
    SX1276IoIrqInit                          0x080020e3   Thumb Code    90  sx1276mb1las-board.o(.text)
    SX1276IoDeInit                           0x0800213d   Thumb Code   144  sx1276mb1las-board.o(.text)
    SX1276GetBoardTcxoWakeupTime             0x080021cf   Thumb Code     4  sx1276mb1las-board.o(.text)
    SX1276Reset                              0x080021d3   Thumb Code    64  sx1276mb1las-board.o(.text)
    SX1276GetPaSelect                        0x08002213   Thumb Code     6  sx1276mb1las-board.o(.text)
    SX1276SetRfTxPower                       0x08002219   Thumb Code   200  sx1276mb1las-board.o(.text)
    SX1276AntSwDeInit                        0x080022e1   Thumb Code    40  sx1276mb1las-board.o(.text)
    SX1276AntSwInit                          0x08002309   Thumb Code    42  sx1276mb1las-board.o(.text)
    SX1276SetAntSwLowPower                   0x08002333   Thumb Code    44  sx1276mb1las-board.o(.text)
    SX1276SetAntSw                           0x0800235f   Thumb Code    68  sx1276mb1las-board.o(.text)
    SX1276CheckRfFrequency                   0x080023a3   Thumb Code     6  sx1276mb1las-board.o(.text)
    SX1276ReadRssiFsk                        0x080023a9   Thumb Code    68  sx1276mb1las-board.o(.text)
    SX1276IsChannelFreeFsk                   0x080023ed   Thumb Code    24  sx1276mb1las-board.o(.text)
    Reset_Handler                            0x08002415   Thumb Code     8  startup_stm32l073xx.o(.text)
    HardFault_Handler                        0x0800241f   Thumb Code     2  startup_stm32l073xx.o(.text)
    SVC_Handler                              0x08002421   Thumb Code     2  startup_stm32l073xx.o(.text)
    PendSV_Handler                           0x08002423   Thumb Code     2  startup_stm32l073xx.o(.text)
    ADC1_COMP_IRQHandler                     0x08002427   Thumb Code     0  startup_stm32l073xx.o(.text)
    DMA1_Channel1_IRQHandler                 0x08002427   Thumb Code     0  startup_stm32l073xx.o(.text)
    DMA1_Channel2_3_IRQHandler               0x08002427   Thumb Code     0  startup_stm32l073xx.o(.text)
    DMA1_Channel4_5_6_7_IRQHandler           0x08002427   Thumb Code     0  startup_stm32l073xx.o(.text)
    FLASH_IRQHandler                         0x08002427   Thumb Code     0  startup_stm32l073xx.o(.text)
    I2C1_IRQHandler                          0x08002427   Thumb Code     0  startup_stm32l073xx.o(.text)
    I2C2_IRQHandler                          0x08002427   Thumb Code     0  startup_stm32l073xx.o(.text)
    I2C3_IRQHandler                          0x08002427   Thumb Code     0  startup_stm32l073xx.o(.text)
    LCD_IRQHandler                           0x08002427   Thumb Code     0  startup_stm32l073xx.o(.text)
    LPTIM1_IRQHandler                        0x08002427   Thumb Code     0  startup_stm32l073xx.o(.text)
    PVD_IRQHandler                           0x08002427   Thumb Code     0  startup_stm32l073xx.o(.text)
    RCC_CRS_IRQHandler                       0x08002427   Thumb Code     0  startup_stm32l073xx.o(.text)
    RNG_LPUART1_IRQHandler                   0x08002427   Thumb Code     0  startup_stm32l073xx.o(.text)
    SPI1_IRQHandler                          0x08002427   Thumb Code     0  startup_stm32l073xx.o(.text)
    SPI2_IRQHandler                          0x08002427   Thumb Code     0  startup_stm32l073xx.o(.text)
    TIM21_IRQHandler                         0x08002427   Thumb Code     0  startup_stm32l073xx.o(.text)
    TIM22_IRQHandler                         0x08002427   Thumb Code     0  startup_stm32l073xx.o(.text)
    TIM2_IRQHandler                          0x08002427   Thumb Code     0  startup_stm32l073xx.o(.text)
    TIM3_IRQHandler                          0x08002427   Thumb Code     0  startup_stm32l073xx.o(.text)
    TIM6_DAC_IRQHandler                      0x08002427   Thumb Code     0  startup_stm32l073xx.o(.text)
    TIM7_IRQHandler                          0x08002427   Thumb Code     0  startup_stm32l073xx.o(.text)
    TSC_IRQHandler                           0x08002427   Thumb Code     0  startup_stm32l073xx.o(.text)
    USART4_5_IRQHandler                      0x08002427   Thumb Code     0  startup_stm32l073xx.o(.text)
    USB_IRQHandler                           0x08002427   Thumb Code     0  startup_stm32l073xx.o(.text)
    WWDG_IRQHandler                          0x08002427   Thumb Code     0  startup_stm32l073xx.o(.text)
    SystemInit                               0x08002431   Thumb Code    88  system_stm32l0xx.o(.text)
    SystemCoreClockUpdate                    0x08002489   Thumb Code   226  system_stm32l0xx.o(.text)
    HAL_MspInit                              0x08002591   Thumb Code     2  stm32l0xx_hal.o(.text)
    HAL_InitTick                             0x08002593   Thumb Code    36  stm32l0xx_hal.o(.text)
    HAL_Init                                 0x080025b7   Thumb Code    28  stm32l0xx_hal.o(.text)
    HAL_MspDeInit                            0x080025d3   Thumb Code     2  stm32l0xx_hal.o(.text)
    HAL_DeInit                               0x080025d5   Thumb Code    46  stm32l0xx_hal.o(.text)
    HAL_IncTick                              0x08002603   Thumb Code    12  stm32l0xx_hal.o(.text)
    HAL_GetTick                              0x0800260f   Thumb Code     6  stm32l0xx_hal.o(.text)
    HAL_Delay                                0x08002615   Thumb Code    26  stm32l0xx_hal.o(.text)
    HAL_SuspendTick                          0x0800262f   Thumb Code    14  stm32l0xx_hal.o(.text)
    HAL_ResumeTick                           0x0800263d   Thumb Code    14  stm32l0xx_hal.o(.text)
    HAL_GetHalVersion                        0x0800264b   Thumb Code     4  stm32l0xx_hal.o(.text)
    HAL_GetREVID                             0x0800264f   Thumb Code     8  stm32l0xx_hal.o(.text)
    HAL_GetDEVID                             0x08002657   Thumb Code    10  stm32l0xx_hal.o(.text)
    HAL_DBGMCU_EnableDBGSleepMode            0x08002661   Thumb Code    14  stm32l0xx_hal.o(.text)
    HAL_DBGMCU_DisableDBGSleepMode           0x0800266f   Thumb Code    14  stm32l0xx_hal.o(.text)
    HAL_DBGMCU_EnableDBGStopMode             0x0800267d   Thumb Code    14  stm32l0xx_hal.o(.text)
    HAL_DBGMCU_DisableDBGStopMode            0x0800268b   Thumb Code    14  stm32l0xx_hal.o(.text)
    HAL_DBGMCU_EnableDBGStandbyMode          0x08002699   Thumb Code    14  stm32l0xx_hal.o(.text)
    HAL_DBGMCU_DisableDBGStandbyMode         0x080026a7   Thumb Code    14  stm32l0xx_hal.o(.text)
    HAL_DBGMCU_DBG_EnableLowPowerConfig      0x080026b5   Thumb Code    12  stm32l0xx_hal.o(.text)
    HAL_DBGMCU_DBG_DisableLowPowerConfig     0x080026c1   Thumb Code    12  stm32l0xx_hal.o(.text)
    HAL_SYSCFG_GetBootMode                   0x080026cd   Thumb Code    12  stm32l0xx_hal.o(.text)
    HAL_SYSCFG_VREFINT_OutputSelect          0x080026d9   Thumb Code    22  stm32l0xx_hal.o(.text)
    HAL_SYSCFG_Enable_Lock_VREFINT           0x080026ef   Thumb Code    16  stm32l0xx_hal.o(.text)
    HAL_SYSCFG_Disable_Lock_VREFINT          0x080026ff   Thumb Code    14  stm32l0xx_hal.o(.text)
    HAL_ADC_MspInit                          0x0800272d   Thumb Code     2  stm32l0xx_hal_adc.o(.text)
    HAL_ADC_Init                             0x0800272f   Thumb Code   554  stm32l0xx_hal_adc.o(.text)
    HAL_ADC_MspDeInit                        0x08002959   Thumb Code     2  stm32l0xx_hal_adc.o(.text)
    HAL_ADC_DeInit                           0x08002a63   Thumb Code   194  stm32l0xx_hal_adc.o(.text)
    HAL_ADC_Start                            0x08002c0b   Thumb Code   114  stm32l0xx_hal_adc.o(.text)
    HAL_ADC_Stop                             0x08002c7d   Thumb Code    80  stm32l0xx_hal_adc.o(.text)
    HAL_ADC_PollForConversion                0x08002ccd   Thumb Code   228  stm32l0xx_hal_adc.o(.text)
    HAL_ADC_PollForEvent                     0x08002db1   Thumb Code   138  stm32l0xx_hal_adc.o(.text)
    HAL_ADC_Start_IT                         0x08002e3b   Thumb Code   162  stm32l0xx_hal_adc.o(.text)
    HAL_ADC_Stop_IT                          0x08002edd   Thumb Code    92  stm32l0xx_hal_adc.o(.text)
    HAL_ADC_ErrorCallback                    0x08002f39   Thumb Code     2  stm32l0xx_hal_adc.o(.text)
    HAL_ADC_ConvHalfCpltCallback             0x08002f59   Thumb Code     2  stm32l0xx_hal_adc.o(.text)
    HAL_ADC_ConvCpltCallback                 0x08002f69   Thumb Code     2  stm32l0xx_hal_adc.o(.text)
    HAL_ADC_Start_DMA                        0x08002ff1   Thumb Code   182  stm32l0xx_hal_adc.o(.text)
    HAL_ADC_Stop_DMA                         0x080030a7   Thumb Code   136  stm32l0xx_hal_adc.o(.text)
    HAL_ADC_GetValue                         0x0800312f   Thumb Code     8  stm32l0xx_hal_adc.o(.text)
    HAL_ADC_LevelOutOfWindowCallback         0x08003137   Thumb Code     2  stm32l0xx_hal_adc.o(.text)
    HAL_ADC_IRQHandler                       0x08003139   Thumb Code   278  stm32l0xx_hal_adc.o(.text)
    HAL_ADC_ConfigChannel                    0x0800324f   Thumb Code   306  stm32l0xx_hal_adc.o(.text)
    HAL_ADC_AnalogWDGConfig                  0x08003381   Thumb Code   244  stm32l0xx_hal_adc.o(.text)
    HAL_ADC_GetState                         0x08003475   Thumb Code     6  stm32l0xx_hal_adc.o(.text)
    HAL_ADC_GetError                         0x0800347b   Thumb Code     6  stm32l0xx_hal_adc.o(.text)
    HAL_ADCEx_Calibration_Start              0x08003481   Thumb Code   184  stm32l0xx_hal_adc_ex.o(.text)
    HAL_ADCEx_Calibration_GetValue           0x08003539   Thumb Code    14  stm32l0xx_hal_adc_ex.o(.text)
    HAL_ADCEx_Calibration_SetValue           0x08003547   Thumb Code   140  stm32l0xx_hal_adc_ex.o(.text)
    HAL_ADCEx_EnableVREFINT                  0x080035d3   Thumb Code    58  stm32l0xx_hal_adc_ex.o(.text)
    HAL_ADCEx_DisableVREFINT                 0x0800360d   Thumb Code    16  stm32l0xx_hal_adc_ex.o(.text)
    HAL_ADCEx_EnableVREFINTTempSensor        0x0800361d   Thumb Code    58  stm32l0xx_hal_adc_ex.o(.text)
    HAL_ADCEx_DisableVREFINTTempSensor       0x08003657   Thumb Code    16  stm32l0xx_hal_adc_ex.o(.text)
    HAL_NVIC_SetPriority                     0x080036db   Thumb Code    18  stm32l0xx_hal_cortex.o(.text)
    HAL_NVIC_EnableIRQ                       0x080036ed   Thumb Code    18  stm32l0xx_hal_cortex.o(.text)
    HAL_NVIC_DisableIRQ                      0x080036ff   Thumb Code    20  stm32l0xx_hal_cortex.o(.text)
    HAL_NVIC_SystemReset                     0x08003713   Thumb Code    50  stm32l0xx_hal_cortex.o(.text)
    HAL_SYSTICK_Config                       0x08003745   Thumb Code    46  stm32l0xx_hal_cortex.o(.text)
    HAL_NVIC_GetPriority                     0x08003773   Thumb Code    62  stm32l0xx_hal_cortex.o(.text)
    HAL_NVIC_SetPendingIRQ                   0x080037b1   Thumb Code    18  stm32l0xx_hal_cortex.o(.text)
    HAL_NVIC_GetPendingIRQ                   0x080037c3   Thumb Code    34  stm32l0xx_hal_cortex.o(.text)
    HAL_NVIC_ClearPendingIRQ                 0x080037e5   Thumb Code    20  stm32l0xx_hal_cortex.o(.text)
    HAL_SYSTICK_CLKSourceConfig              0x080037f9   Thumb Code    32  stm32l0xx_hal_cortex.o(.text)
    HAL_SYSTICK_Callback                     0x08003819   Thumb Code     2  stm32l0xx_hal_cortex.o(.text)
    HAL_SYSTICK_IRQHandler                   0x0800381b   Thumb Code     8  stm32l0xx_hal_cortex.o(.text)
    HAL_MPU_ConfigRegion                     0x08003823   Thumb Code    86  stm32l0xx_hal_cortex.o(.text)
    HAL_DMA_Init                             0x08003891   Thumb Code   390  stm32l0xx_hal_dma.o(.text)
    HAL_DMA_DeInit                           0x08003a17   Thumb Code   670  stm32l0xx_hal_dma.o(.text)
    HAL_DMA_Start                            0x08003cd5   Thumb Code    78  stm32l0xx_hal_dma.o(.text)
    HAL_DMA_Start_IT                         0x08003d23   Thumb Code   114  stm32l0xx_hal_dma.o(.text)
    HAL_DMA_Abort                            0x08003d95   Thumb Code   100  stm32l0xx_hal_dma.o(.text)
    HAL_DMA_PollForTransfer                  0x08003df9   Thumb Code   744  stm32l0xx_hal_dma.o(.text)
    HAL_DMA_IRQHandler                       0x080040e1   Thumb Code   796  stm32l0xx_hal_dma.o(.text)
    HAL_DMA_GetState                         0x080043fd   Thumb Code     8  stm32l0xx_hal_dma.o(.text)
    HAL_DMA_GetError                         0x08004405   Thumb Code     6  stm32l0xx_hal_dma.o(.text)
    HAL_GPIO_Init                            0x08004411   Thumb Code   472  stm32l0xx_hal_gpio.o(.text)
    HAL_GPIO_DeInit                          0x080045e9   Thumb Code   266  stm32l0xx_hal_gpio.o(.text)
    HAL_GPIO_ReadPin                         0x080046f3   Thumb Code    18  stm32l0xx_hal_gpio.o(.text)
    HAL_GPIO_WritePin                        0x08004705   Thumb Code    12  stm32l0xx_hal_gpio.o(.text)
    HAL_GPIO_TogglePin                       0x08004711   Thumb Code     8  stm32l0xx_hal_gpio.o(.text)
    HAL_GPIO_LockPin                         0x08004719   Thumb Code    50  stm32l0xx_hal_gpio.o(.text)
    HAL_GPIO_EXTI_IRQHandler                 0x0800474d   Thumb Code    26  stm32l0xx_hal_gpio.o(.text)
    HAL_I2C_MspInit                          0x08004789   Thumb Code     2  stm32l0xx_hal_i2c.o(.text)
    HAL_I2C_Init                             0x0800478b   Thumb Code   190  stm32l0xx_hal_i2c.o(.text)
    HAL_I2C_MspDeInit                        0x08004849   Thumb Code     2  stm32l0xx_hal_i2c.o(.text)
    HAL_I2C_DeInit                           0x0800484b   Thumb Code    58  stm32l0xx_hal_i2c.o(.text)
    HAL_I2C_Master_Transmit                  0x08004ae7   Thumb Code   336  stm32l0xx_hal_i2c.o(.text)
    HAL_I2C_Master_Receive                   0x08004ccb   Thumb Code   314  stm32l0xx_hal_i2c.o(.text)
    HAL_I2C_Slave_Transmit                   0x08004e05   Thumb Code   380  stm32l0xx_hal_i2c.o(.text)
    HAL_I2C_Slave_Receive                    0x08004f81   Thumb Code   356  stm32l0xx_hal_i2c.o(.text)
    HAL_I2C_Master_Transmit_IT               0x080050e5   Thumb Code   188  stm32l0xx_hal_i2c.o(.text)
    HAL_I2C_Master_Receive_IT                0x080051a1   Thumb Code   188  stm32l0xx_hal_i2c.o(.text)
    HAL_I2C_Slave_Transmit_IT                0x0800525d   Thumb Code   106  stm32l0xx_hal_i2c.o(.text)
    HAL_I2C_Slave_Receive_IT                 0x080052c7   Thumb Code   106  stm32l0xx_hal_i2c.o(.text)
    HAL_I2C_ErrorCallback                    0x08005331   Thumb Code     2  stm32l0xx_hal_i2c.o(.text)
    HAL_I2C_MasterTxCpltCallback             0x08005361   Thumb Code     2  stm32l0xx_hal_i2c.o(.text)
    HAL_I2C_Master_Transmit_DMA              0x08005527   Thumb Code   266  stm32l0xx_hal_i2c.o(.text)
    HAL_I2C_MasterRxCpltCallback             0x08005631   Thumb Code     2  stm32l0xx_hal_i2c.o(.text)
    HAL_I2C_Master_Receive_DMA               0x08005815   Thumb Code   252  stm32l0xx_hal_i2c.o(.text)
    HAL_I2C_SlaveTxCpltCallback              0x08005911   Thumb Code     2  stm32l0xx_hal_i2c.o(.text)
    HAL_I2C_Slave_Transmit_DMA               0x08005985   Thumb Code   264  stm32l0xx_hal_i2c.o(.text)
    HAL_I2C_SlaveRxCpltCallback              0x08005a8d   Thumb Code     2  stm32l0xx_hal_i2c.o(.text)
    HAL_I2C_Slave_Receive_DMA                0x08005b13   Thumb Code   238  stm32l0xx_hal_i2c.o(.text)
    HAL_I2C_Mem_Write                        0x08005c8b   Thumb Code   386  stm32l0xx_hal_i2c.o(.text)
    HAL_I2C_Mem_Read                         0x08005e97   Thumb Code   384  stm32l0xx_hal_i2c.o(.text)
    HAL_I2C_Mem_Write_IT                     0x08006017   Thumb Code   242  stm32l0xx_hal_i2c.o(.text)
    HAL_I2C_Mem_Read_IT                      0x08006109   Thumb Code   250  stm32l0xx_hal_i2c.o(.text)
    HAL_I2C_MemTxCpltCallback                0x08006203   Thumb Code     2  stm32l0xx_hal_i2c.o(.text)
    HAL_I2C_Mem_Write_DMA                    0x080063c9   Thumb Code   300  stm32l0xx_hal_i2c.o(.text)
    HAL_I2C_MemRxCpltCallback                0x080064f5   Thumb Code     2  stm32l0xx_hal_i2c.o(.text)
    HAL_I2C_Mem_Read_DMA                     0x080066d9   Thumb Code   294  stm32l0xx_hal_i2c.o(.text)
    HAL_I2C_IsDeviceReady                    0x080067ff   Thumb Code   388  stm32l0xx_hal_i2c.o(.text)
    HAL_I2C_EV_IRQHandler                    0x08006f09   Thumb Code   474  stm32l0xx_hal_i2c.o(.text)
    HAL_I2C_ER_IRQHandler                    0x080070e3   Thumb Code   156  stm32l0xx_hal_i2c.o(.text)
    HAL_I2C_GetState                         0x0800717f   Thumb Code     8  stm32l0xx_hal_i2c.o(.text)
    HAL_I2C_GetError                         0x08007187   Thumb Code     6  stm32l0xx_hal_i2c.o(.text)
    HAL_I2CEx_ConfigAnalogFilter             0x0800718d   Thumb Code   142  stm32l0xx_hal_i2c_ex.o(.text)
    HAL_I2CEx_ConfigDigitalFilter            0x0800721b   Thumb Code   146  stm32l0xx_hal_i2c_ex.o(.text)
    HAL_I2CEx_EnableWakeUp                   0x080072ad   Thumb Code   132  stm32l0xx_hal_i2c_ex.o(.text)
    HAL_I2CEx_DisableWakeUp                  0x08007331   Thumb Code   132  stm32l0xx_hal_i2c_ex.o(.text)
    HAL_I2CEx_EnableFastModePlus             0x080073b5   Thumb Code    24  stm32l0xx_hal_i2c_ex.o(.text)
    HAL_I2CEx_DisableFastModePlus            0x080073cd   Thumb Code    24  stm32l0xx_hal_i2c_ex.o(.text)
    HAL_PWR_DeInit                           0x080073ed   Thumb Code    28  stm32l0xx_hal_pwr.o(.text)
    HAL_PWR_EnableBkUpAccess                 0x08007409   Thumb Code    16  stm32l0xx_hal_pwr.o(.text)
    HAL_PWR_DisableBkUpAccess                0x08007419   Thumb Code    16  stm32l0xx_hal_pwr.o(.text)
    HAL_PWR_ConfigPVD                        0x08007429   Thumb Code   166  stm32l0xx_hal_pwr.o(.text)
    HAL_PWR_EnablePVD                        0x080074cf   Thumb Code    14  stm32l0xx_hal_pwr.o(.text)
    HAL_PWR_DisablePVD                       0x080074dd   Thumb Code    14  stm32l0xx_hal_pwr.o(.text)
    HAL_PWR_EnableWakeUpPin                  0x080074eb   Thumb Code    12  stm32l0xx_hal_pwr.o(.text)
    HAL_PWR_DisableWakeUpPin                 0x080074f7   Thumb Code    12  stm32l0xx_hal_pwr.o(.text)
    HAL_PWR_EnterSLEEPMode                   0x08007503   Thumb Code    52  stm32l0xx_hal_pwr.o(.text)
    HAL_PWR_EnterSTOPMode                    0x08007537   Thumb Code    64  stm32l0xx_hal_pwr.o(.text)
    HAL_PWR_EnterSTANDBYMode                 0x08007577   Thumb Code    32  stm32l0xx_hal_pwr.o(.text)
    HAL_PWR_EnableSleepOnExit                0x08007597   Thumb Code    14  stm32l0xx_hal_pwr.o(.text)
    HAL_PWR_DisableSleepOnExit               0x080075a5   Thumb Code    14  stm32l0xx_hal_pwr.o(.text)
    HAL_PWR_EnableSEVOnPend                  0x080075b3   Thumb Code    14  stm32l0xx_hal_pwr.o(.text)
    HAL_PWR_DisableSEVOnPend                 0x080075c1   Thumb Code    14  stm32l0xx_hal_pwr.o(.text)
    HAL_PWR_PVDCallback                      0x080075cf   Thumb Code     2  stm32l0xx_hal_pwr.o(.text)
    HAL_PWR_PVD_IRQHandler                   0x080075d1   Thumb Code    30  stm32l0xx_hal_pwr.o(.text)
    HAL_PWREx_EnableFastWakeUp               0x08007601   Thumb Code    16  stm32l0xx_hal_pwr_ex.o(.text)
    HAL_PWREx_DisableFastWakeUp              0x08007611   Thumb Code    16  stm32l0xx_hal_pwr_ex.o(.text)
    HAL_PWREx_EnableUltraLowPower            0x08007621   Thumb Code    16  stm32l0xx_hal_pwr_ex.o(.text)
    HAL_PWREx_DisableUltraLowPower           0x08007631   Thumb Code    16  stm32l0xx_hal_pwr_ex.o(.text)
    HAL_PWREx_EnableLowPowerRunMode          0x08007641   Thumb Code    26  stm32l0xx_hal_pwr_ex.o(.text)
    HAL_PWREx_DisableLowPowerRunMode         0x0800765b   Thumb Code    84  stm32l0xx_hal_pwr_ex.o(.text)
    HAL_RCC_DeInit                           0x080076bd   Thumb Code    68  stm32l0xx_hal_rcc.o(.text)
    HAL_RCC_GetSysClockFreq                  0x08007701   Thumb Code   214  stm32l0xx_hal_rcc.o(.text)
    HAL_RCC_OscConfig                        0x080077d7   Thumb Code  1702  stm32l0xx_hal_rcc.o(.text)
    HAL_RCC_ClockConfig                      0x08007e7d   Thumb Code   504  stm32l0xx_hal_rcc.o(.text)
    HAL_RCC_MCOConfig                        0x08008075   Thumb Code   192  stm32l0xx_hal_rcc.o(.text)
    HAL_RCC_EnableCSS                        0x08008135   Thumb Code    16  stm32l0xx_hal_rcc.o(.text)
    HAL_RCC_GetHCLKFreq                      0x08008145   Thumb Code     6  stm32l0xx_hal_rcc.o(.text)
    HAL_RCC_GetPCLK1Freq                     0x0800814b   Thumb Code    26  stm32l0xx_hal_rcc.o(.text)
    HAL_RCC_GetPCLK2Freq                     0x08008165   Thumb Code    26  stm32l0xx_hal_rcc.o(.text)
    HAL_RCC_GetOscConfig                     0x0800817f   Thumb Code   296  stm32l0xx_hal_rcc.o(.text)
    HAL_RCC_GetClockConfig                   0x080082a7   Thumb Code    90  stm32l0xx_hal_rcc.o(.text)
    HAL_RCC_CSSCallback                      0x08008301   Thumb Code     2  stm32l0xx_hal_rcc.o(.text)
    HAL_RCC_NMI_IRQHandler                   0x08008303   Thumb Code    30  stm32l0xx_hal_rcc.o(.text)
    HAL_RCCEx_PeriphCLKConfig                0x08008329   Thumb Code   610  stm32l0xx_hal_rcc_ex.o(.text)
    HAL_RCCEx_GetPeriphCLKConfig             0x0800858b   Thumb Code   108  stm32l0xx_hal_rcc_ex.o(.text)
    HAL_RCCEx_GetPeriphCLKFreq               0x080085f7   Thumb Code  1050  stm32l0xx_hal_rcc_ex.o(.text)
    HAL_RCCEx_EnableLSECSS                   0x08008a11   Thumb Code    20  stm32l0xx_hal_rcc_ex.o(.text)
    HAL_RCCEx_DisableLSECSS                  0x08008a25   Thumb Code    32  stm32l0xx_hal_rcc_ex.o(.text)
    HAL_RCCEx_EnableLSECSS_IT                0x08008a45   Thumb Code    60  stm32l0xx_hal_rcc_ex.o(.text)
    HAL_RCCEx_LSECSS_Callback                0x08008a81   Thumb Code     2  stm32l0xx_hal_rcc_ex.o(.text)
    HAL_RCCEx_LSECSS_IRQHandler              0x08008a83   Thumb Code    26  stm32l0xx_hal_rcc_ex.o(.text)
    HAL_RCCEx_CRSConfig                      0x08008a9d   Thumb Code   216  stm32l0xx_hal_rcc_ex.o(.text)
    HAL_RCCEx_CRSSoftwareSynchronizationGenerate 0x08008b75   Thumb Code    14  stm32l0xx_hal_rcc_ex.o(.text)
    HAL_RCCEx_CRSGetSynchronizationInfo      0x08008b83   Thumb Code    44  stm32l0xx_hal_rcc_ex.o(.text)
    HAL_RCCEx_CRSWaitSynchronization         0x08008baf   Thumb Code   196  stm32l0xx_hal_rcc_ex.o(.text)
    HAL_RCCEx_EnableHSI48_VREFINT            0x08008c73   Thumb Code    16  stm32l0xx_hal_rcc_ex.o(.text)
    HAL_RCCEx_DisableHSI48_VREFINT           0x08008c83   Thumb Code    16  stm32l0xx_hal_rcc_ex.o(.text)
    RTC_EnterInitMode                        0x08008c9d   Thumb Code    66  stm32l0xx_hal_rtc.o(.text)
    HAL_RTC_MspInit                          0x08008cdf   Thumb Code     2  stm32l0xx_hal_rtc.o(.text)
    HAL_RTC_Init                             0x08008ce1   Thumb Code   196  stm32l0xx_hal_rtc.o(.text)
    HAL_RTC_MspDeInit                        0x08008da5   Thumb Code     2  stm32l0xx_hal_rtc.o(.text)
    HAL_RTC_WaitForSynchro                   0x08008da7   Thumb Code    60  stm32l0xx_hal_rtc.o(.text)
    HAL_RTC_DeInit                           0x08008de3   Thumb Code   272  stm32l0xx_hal_rtc.o(.text)
    RTC_Bcd2ToByte                           0x08008ef3   Thumb Code    26  stm32l0xx_hal_rtc.o(.text)
    RTC_ByteToBcd2                           0x08008f0d   Thumb Code    26  stm32l0xx_hal_rtc.o(.text)
    HAL_RTC_SetTime                          0x08008f27   Thumb Code   336  stm32l0xx_hal_rtc.o(.text)
    HAL_RTC_GetTime                          0x08009077   Thumb Code   104  stm32l0xx_hal_rtc.o(.text)
    HAL_RTC_SetDate                          0x080090df   Thumb Code   320  stm32l0xx_hal_rtc.o(.text)
    HAL_RTC_GetDate                          0x0800921f   Thumb Code    88  stm32l0xx_hal_rtc.o(.text)
    HAL_RTC_SetAlarm                         0x08009277   Thumb Code   530  stm32l0xx_hal_rtc.o(.text)
    HAL_RTC_SetAlarm_IT                      0x08009489   Thumb Code   600  stm32l0xx_hal_rtc.o(.text)
    HAL_RTC_DeactivateAlarm                  0x080096e1   Thumb Code   274  stm32l0xx_hal_rtc.o(.text)
    HAL_RTC_GetAlarm                         0x080097f3   Thumb Code   236  stm32l0xx_hal_rtc.o(.text)
    HAL_RTC_AlarmAEventCallback              0x080098df   Thumb Code     2  stm32l0xx_hal_rtc.o(.text)
    HAL_RTC_AlarmIRQHandler                  0x080098e1   Thumb Code   124  stm32l0xx_hal_rtc.o(.text)
    HAL_RTC_PollForAlarmAEvent               0x0800995d   Thumb Code    86  stm32l0xx_hal_rtc.o(.text)
    HAL_RTC_GetState                         0x080099b3   Thumb Code     8  stm32l0xx_hal_rtc.o(.text)
    HAL_RTCEx_SetTimeStamp                   0x080099cd   Thumb Code   116  stm32l0xx_hal_rtc_ex.o(.text)
    HAL_RTCEx_SetTimeStamp_IT                0x08009a41   Thumb Code   158  stm32l0xx_hal_rtc_ex.o(.text)
    HAL_RTCEx_DeactivateTimeStamp            0x08009adf   Thumb Code   106  stm32l0xx_hal_rtc_ex.o(.text)
    HAL_RTCEx_GetTimeStamp                   0x08009b49   Thumb Code   192  stm32l0xx_hal_rtc_ex.o(.text)
    HAL_RTCEx_SetTamper                      0x08009c09   Thumb Code   264  stm32l0xx_hal_rtc_ex.o(.text)
    HAL_RTCEx_SetTamper_IT                   0x08009d11   Thumb Code   318  stm32l0xx_hal_rtc_ex.o(.text)
    HAL_RTCEx_DeactivateTamper               0x08009e4f   Thumb Code   120  stm32l0xx_hal_rtc_ex.o(.text)
    HAL_RTCEx_Tamper3EventCallback           0x08009ec7   Thumb Code     2  stm32l0xx_hal_rtc_ex.o(.text)
    HAL_RTCEx_Tamper2EventCallback           0x08009ec9   Thumb Code     2  stm32l0xx_hal_rtc_ex.o(.text)
    HAL_RTCEx_Tamper1EventCallback           0x08009ecb   Thumb Code     2  stm32l0xx_hal_rtc_ex.o(.text)
    HAL_RTCEx_TimeStampEventCallback         0x08009ecd   Thumb Code     2  stm32l0xx_hal_rtc_ex.o(.text)
    HAL_RTCEx_TamperTimeStampIRQHandler      0x08009ecf   Thumb Code   258  stm32l0xx_hal_rtc_ex.o(.text)
    HAL_RTCEx_PollForTimeStampEvent          0x08009fd1   Thumb Code   112  stm32l0xx_hal_rtc_ex.o(.text)
    HAL_RTCEx_PollForTamper1Event            0x0800a041   Thumb Code    86  stm32l0xx_hal_rtc_ex.o(.text)
    HAL_RTCEx_PollForTamper2Event            0x0800a097   Thumb Code    86  stm32l0xx_hal_rtc_ex.o(.text)
    HAL_RTCEx_PollForTamper3Event            0x0800a0ed   Thumb Code    86  stm32l0xx_hal_rtc_ex.o(.text)
    HAL_RTCEx_SetWakeUpTimer                 0x0800a143   Thumb Code   326  stm32l0xx_hal_rtc_ex.o(.text)
    HAL_RTCEx_SetWakeUpTimer_IT              0x0800a289   Thumb Code   342  stm32l0xx_hal_rtc_ex.o(.text)
    HAL_RTCEx_DeactivateWakeUpTimer          0x0800a3df   Thumb Code   174  stm32l0xx_hal_rtc_ex.o(.text)
    HAL_RTCEx_GetWakeUpTimer                 0x0800a48d   Thumb Code    10  stm32l0xx_hal_rtc_ex.o(.text)
    HAL_RTCEx_WakeUpTimerEventCallback       0x0800a497   Thumb Code     2  stm32l0xx_hal_rtc_ex.o(.text)
    HAL_RTCEx_WakeUpTimerIRQHandler          0x0800a499   Thumb Code    58  stm32l0xx_hal_rtc_ex.o(.text)
    HAL_RTCEx_PollForWakeUpTimerEvent        0x0800a4d3   Thumb Code    86  stm32l0xx_hal_rtc_ex.o(.text)
    HAL_RTCEx_BKUPWrite                      0x0800a529   Thumb Code    18  stm32l0xx_hal_rtc_ex.o(.text)
    HAL_RTCEx_BKUPRead                       0x0800a53b   Thumb Code    18  stm32l0xx_hal_rtc_ex.o(.text)
    HAL_RTCEx_SetSmoothCalib                 0x0800a54d   Thumb Code   180  stm32l0xx_hal_rtc_ex.o(.text)
    HAL_RTCEx_SetSynchroShift                0x0800a601   Thumb Code   250  stm32l0xx_hal_rtc_ex.o(.text)
    HAL_RTCEx_SetCalibrationOutPut           0x0800a6fb   Thumb Code   124  stm32l0xx_hal_rtc_ex.o(.text)
    HAL_RTCEx_DeactivateCalibrationOutPut    0x0800a777   Thumb Code    90  stm32l0xx_hal_rtc_ex.o(.text)
    HAL_RTCEx_SetRefClock                    0x0800a7d1   Thumb Code   142  stm32l0xx_hal_rtc_ex.o(.text)
    HAL_RTCEx_DeactivateRefClock             0x0800a85f   Thumb Code   142  stm32l0xx_hal_rtc_ex.o(.text)
    HAL_RTCEx_EnableBypassShadow             0x0800a8ed   Thumb Code    88  stm32l0xx_hal_rtc_ex.o(.text)
    HAL_RTCEx_DisableBypassShadow            0x0800a945   Thumb Code    88  stm32l0xx_hal_rtc_ex.o(.text)
    HAL_RTCEx_AlarmBEventCallback            0x0800a99d   Thumb Code     2  stm32l0xx_hal_rtc_ex.o(.text)
    HAL_RTCEx_PollForAlarmBEvent             0x0800a99f   Thumb Code    86  stm32l0xx_hal_rtc_ex.o(.text)
    HAL_SPI_MspInit                          0x0800a9f9   Thumb Code     2  stm32l0xx_hal_spi.o(.text)
    HAL_SPI_Init                             0x0800a9fb   Thumb Code   142  stm32l0xx_hal_spi.o(.text)
    HAL_SPI_MspDeInit                        0x0800aa89   Thumb Code     2  stm32l0xx_hal_spi.o(.text)
    HAL_SPI_DeInit                           0x0800aa8b   Thumb Code    58  stm32l0xx_hal_spi.o(.text)
    HAL_SPI_Transmit                         0x0800abdd   Thumb Code   474  stm32l0xx_hal_spi.o(.text)
    HAL_SPI_TransmitReceive                  0x0800adb7   Thumb Code   894  stm32l0xx_hal_spi.o(.text)
    HAL_SPI_Receive                          0x0800b135   Thumb Code   608  stm32l0xx_hal_spi.o(.text)
    HAL_SPI_ErrorCallback                    0x0800b395   Thumb Code     2  stm32l0xx_hal_spi.o(.text)
    HAL_SPI_TxCpltCallback                   0x0800b397   Thumb Code     2  stm32l0xx_hal_spi.o(.text)
    HAL_SPI_TxRxCpltCallback                 0x0800b399   Thumb Code     2  stm32l0xx_hal_spi.o(.text)
    HAL_SPI_Transmit_IT                      0x0800b495   Thumb Code   208  stm32l0xx_hal_spi.o(.text)
    HAL_SPI_RxCpltCallback                   0x0800b565   Thumb Code     2  stm32l0xx_hal_spi.o(.text)
    HAL_SPI_TransmitReceive_IT               0x0800b6ab   Thumb Code   202  stm32l0xx_hal_spi.o(.text)
    HAL_SPI_Receive_IT                       0x0800b7cd   Thumb Code   248  stm32l0xx_hal_spi.o(.text)
    HAL_SPI_TxHalfCpltCallback               0x0800b96d   Thumb Code     2  stm32l0xx_hal_spi.o(.text)
    HAL_SPI_Transmit_DMA                     0x0800b97d   Thumb Code   258  stm32l0xx_hal_spi.o(.text)
    HAL_SPI_RxHalfCpltCallback               0x0800bb61   Thumb Code     2  stm32l0xx_hal_spi.o(.text)
    HAL_SPI_TxRxHalfCpltCallback             0x0800bc53   Thumb Code     2  stm32l0xx_hal_spi.o(.text)
    HAL_SPI_TransmitReceive_DMA              0x0800bc63   Thumb Code   312  stm32l0xx_hal_spi.o(.text)
    HAL_SPI_Receive_DMA                      0x0800bd9b   Thumb Code   330  stm32l0xx_hal_spi.o(.text)
    HAL_SPI_DMAPause                         0x0800bee5   Thumb Code    62  stm32l0xx_hal_spi.o(.text)
    HAL_SPI_DMAResume                        0x0800bf23   Thumb Code    62  stm32l0xx_hal_spi.o(.text)
    HAL_SPI_DMAStop                          0x0800bf61   Thumb Code    62  stm32l0xx_hal_spi.o(.text)
    HAL_SPI_IRQHandler                       0x0800bf9f   Thumb Code   302  stm32l0xx_hal_spi.o(.text)
    HAL_SPI_GetState                         0x0800c0cd   Thumb Code     8  stm32l0xx_hal_spi.o(.text)
    HAL_SPI_GetError                         0x0800c0d5   Thumb Code     6  stm32l0xx_hal_spi.o(.text)
    UART_WaitOnFlagUntilTimeout              0x0800c0e9   Thumb Code   264  stm32l0xx_hal_uart.o(.text)
    UART_CheckIdleState                      0x0800c1f1   Thumb Code    96  stm32l0xx_hal_uart.o(.text)
    UART_AdvFeatureConfig                    0x0800c251   Thumb Code   240  stm32l0xx_hal_uart.o(.text)
    UART_SetConfig                           0x0800c341   Thumb Code  1208  stm32l0xx_hal_uart.o(.text)
    HAL_UART_MspInit                         0x0800c7f9   Thumb Code     2  stm32l0xx_hal_uart.o(.text)
    HAL_UART_Init                            0x0800c7fb   Thumb Code   124  stm32l0xx_hal_uart.o(.text)
    HAL_HalfDuplex_Init                      0x0800c877   Thumb Code   120  stm32l0xx_hal_uart.o(.text)
    HAL_LIN_Init                             0x0800c8ef   Thumb Code   162  stm32l0xx_hal_uart.o(.text)
    HAL_MultiProcessor_Init                  0x0800c991   Thumb Code   152  stm32l0xx_hal_uart.o(.text)
    HAL_UART_MspDeInit                       0x0800ca29   Thumb Code     2  stm32l0xx_hal_uart.o(.text)
    HAL_UART_DeInit                          0x0800ca2b   Thumb Code   106  stm32l0xx_hal_uart.o(.text)
    HAL_UART_Transmit                        0x0800ca95   Thumb Code   198  stm32l0xx_hal_uart.o(.text)
    HAL_UART_Receive                         0x0800cb5b   Thumb Code   288  stm32l0xx_hal_uart.o(.text)
    HAL_UART_Transmit_IT                     0x0800cc7b   Thumb Code   110  stm32l0xx_hal_uart.o(.text)
    HAL_UART_Receive_IT                      0x0800cce9   Thumb Code   214  stm32l0xx_hal_uart.o(.text)
    HAL_UART_TxHalfCpltCallback              0x0800cdeb   Thumb Code     2  stm32l0xx_hal_uart.o(.text)
    HAL_UART_Transmit_DMA                    0x0800ce37   Thumb Code   144  stm32l0xx_hal_uart.o(.text)
    HAL_UART_RxHalfCpltCallback              0x0800cec7   Thumb Code     2  stm32l0xx_hal_uart.o(.text)
    HAL_UART_Receive_DMA                     0x0800cf0b   Thumb Code   158  stm32l0xx_hal_uart.o(.text)
    HAL_UART_DMAPause                        0x0800cfa9   Thumb Code    78  stm32l0xx_hal_uart.o(.text)
    HAL_UART_DMAResume                       0x0800cff7   Thumb Code    86  stm32l0xx_hal_uart.o(.text)
    HAL_UART_DMAStop                         0x0800d04d   Thumb Code    66  stm32l0xx_hal_uart.o(.text)
    HAL_UART_IRQHandler                      0x0800d1c9   Thumb Code   354  stm32l0xx_hal_uart.o(.text)
    HAL_MultiProcessor_EnableMuteMode        0x0800d32b   Thumb Code    60  stm32l0xx_hal_uart.o(.text)
    HAL_MultiProcessor_DisableMuteMode       0x0800d367   Thumb Code    60  stm32l0xx_hal_uart.o(.text)
    HAL_MultiProcessor_EnterMuteMode         0x0800d3a3   Thumb Code    14  stm32l0xx_hal_uart.o(.text)
    HAL_HalfDuplex_EnableTransmitter         0x0800d3b1   Thumb Code    74  stm32l0xx_hal_uart.o(.text)
    HAL_HalfDuplex_EnableReceiver            0x0800d3fb   Thumb Code    74  stm32l0xx_hal_uart.o(.text)
    HAL_LIN_SendBreak                        0x0800d445   Thumb Code    62  stm32l0xx_hal_uart.o(.text)
    HAL_UART_GetState                        0x0800d483   Thumb Code    20  stm32l0xx_hal_uart.o(.text)
    HAL_UART_GetError                        0x0800d497   Thumb Code     6  stm32l0xx_hal_uart.o(.text)
    HAL_RS485Ex_Init                         0x0800d49d   Thumb Code   144  stm32l0xx_hal_uart_ex.o(.text)
    HAL_UARTEx_EnableStopMode                0x0800d52d   Thumb Code    62  stm32l0xx_hal_uart_ex.o(.text)
    HAL_UARTEx_EnableClockStopMode           0x0800d56b   Thumb Code    64  stm32l0xx_hal_uart_ex.o(.text)
    HAL_UARTEx_DisableStopMode               0x0800d5ab   Thumb Code    62  stm32l0xx_hal_uart_ex.o(.text)
    HAL_UARTEx_DisableClockStopMode          0x0800d5e9   Thumb Code    64  stm32l0xx_hal_uart_ex.o(.text)
    HAL_UARTEx_StopModeWakeUpSourceConfig    0x0800d65f   Thumb Code   138  stm32l0xx_hal_uart_ex.o(.text)
    HAL_MultiProcessorEx_AddressLength_Set   0x0800d6e9   Thumb Code    66  stm32l0xx_hal_uart_ex.o(.text)
    HAL_UARTEx_WakeupCallback                0x0800d72b   Thumb Code     2  stm32l0xx_hal_uart_ex.o(.text)
    NMI_Handler                              0x0800d731   Thumb Code     2  sysirqhandlers.o(.text)
    MemManage_Handler                        0x0800d733   Thumb Code     4  sysirqhandlers.o(.text)
    BusFault_Handler                         0x0800d737   Thumb Code     4  sysirqhandlers.o(.text)
    UsageFault_Handler                       0x0800d73b   Thumb Code     4  sysirqhandlers.o(.text)
    DebugMon_Handler                         0x0800d73f   Thumb Code     2  sysirqhandlers.o(.text)
    rand1                                    0x0800d741   Thumb Code    30  utilities.o(.text)
    srand1                                   0x0800d75f   Thumb Code     6  utilities.o(.text)
    randr                                    0x0800d765   Thumb Code    26  utilities.o(.text)
    memcpy1                                  0x0800d77f   Thumb Code    24  utilities.o(.text)
    memcpyr                                  0x0800d797   Thumb Code    28  utilities.o(.text)
    memset1                                  0x0800d7b3   Thumb Code    20  utilities.o(.text)
    Nibble2HexChar                           0x0800d7c7   Thumb Code    30  utilities.o(.text)
    SX1276WriteBuffer                        0x0800d7f5   Thumb Code    62  sx1276.o(.text)
    SX1276Write                              0x0800d833   Thumb Code    16  sx1276.o(.text)
    SX1276ReadBuffer                         0x0800d843   Thumb Code    62  sx1276.o(.text)
    SX1276Read                               0x0800d881   Thumb Code    20  sx1276.o(.text)
    SX1276SetOpMode                          0x0800d895   Thumb Code    52  sx1276.o(.text)
    SX1276SetSleep                           0x0800d8c9   Thumb Code    30  sx1276.o(.text)
    SX1276SetModem                           0x0800d8e7   Thumb Code   156  sx1276.o(.text)
    SX1276SetChannel                         0x0800d983   Thumb Code    66  sx1276.o(.text)
    SX1276SetPublicNetwork                   0x0800da73   Thumb Code    40  sx1276.o(.text)
    SX1276OnTimeoutIrq                       0x0800da9b   Thumb Code   262  sx1276.o(.text)
    SX1276Init                               0x0800dba1   Thumb Code   154  sx1276.o(.text)
    SX1276GetStatus                          0x0800dc3b   Thumb Code     6  sx1276.o(.text)
    SX1276ReadRssi                           0x0800dc41   Thumb Code    76  sx1276.o(.text)
    SX1276IsChannelFree                      0x0800dc8d   Thumb Code    92  sx1276.o(.text)
    SX1276Random                             0x0800dce9   Thumb Code    64  sx1276.o(.text)
    SX1276SetRxConfig                        0x0800dd57   Thumb Code   810  sx1276.o(.text)
    SX1276SetTxConfig                        0x0800e081   Thumb Code   602  sx1276.o(.text)
    SX1276GetTimeOnAir                       0x0800e2db   Thumb Code   670  sx1276.o(.text)
    SX1276SetTx                              0x0800e579   Thumb Code   196  sx1276.o(.text)
    SX1276WriteFifo                          0x0800e63d   Thumb Code    18  sx1276.o(.text)
    SX1276SetStby                            0x0800e64f   Thumb Code    30  sx1276.o(.text)
    SX1276Send                               0x0800e66d   Thumb Code   294  sx1276.o(.text)
    SX1276SetRx                              0x0800e793   Thumb Code   672  sx1276.o(.text)
    SX1276StartCad                           0x0800ea33   Thumb Code    68  sx1276.o(.text)
    SX1276SetTxContinuousWave                0x0800ea77   Thumb Code   128  sx1276.o(.text)
    SX1276ReadFifo                           0x0800eaf7   Thumb Code    18  sx1276.o(.text)
    SX1276SetMaxPayloadLength                0x0800eb09   Thumb Code    54  sx1276.o(.text)
    SX1276GetWakeupTime                      0x0800eb3f   Thumb Code    10  sx1276.o(.text)
    SX1276OnDio0Irq                          0x0800eb49   Thumb Code   922  sx1276.o(.text)
    SX1276OnDio1Irq                          0x0800eee3   Thumb Code   404  sx1276.o(.text)
    SX1276OnDio2Irq                          0x0800f077   Thumb Code   374  sx1276.o(.text)
    SX1276OnDio3Irq                          0x0800f1ed   Thumb Code   114  sx1276.o(.text)
    SX1276OnDio4Irq                          0x0800f25f   Thumb Code    42  sx1276.o(.text)
    SX1276OnDio5Irq                          0x0800f289   Thumb Code    24  sx1276.o(.text)
    AdcInit                                  0x0800f2a9   Thumb Code    34  adc.o(.text)
    AdcDeInit                                0x0800f2cb   Thumb Code     8  adc.o(.text)
    AdcReadChannel                           0x0800f2d3   Thumb Code    28  adc.o(.text)
    DelayMs                                  0x0800f2f5   Thumb Code    12  delay.o(.text)
    Delay                                    0x0800f301   Thumb Code    26  delay.o(.text)
    FifoInit                                 0x0800f333   Thumb Code    12  fifo.o(.text)
    FifoPush                                 0x0800f33f   Thumb Code    24  fifo.o(.text)
    FifoPop                                  0x0800f357   Thumb Code    30  fifo.o(.text)
    FifoFlush                                0x0800f375   Thumb Code     8  fifo.o(.text)
    IsFifoEmpty                              0x0800f37d   Thumb Code    18  fifo.o(.text)
    IsFifoFull                               0x0800f38f   Thumb Code    26  fifo.o(.text)
    GpioInit                                 0x0800f3a9   Thumb Code    34  gpio.o(.text)
    GpioSetInterrupt                         0x0800f3cb   Thumb Code    24  gpio.o(.text)
    GpioRemoveInterrupt                      0x0800f3e3   Thumb Code    12  gpio.o(.text)
    GpioWrite                                0x0800f3ef   Thumb Code    16  gpio.o(.text)
    GpioToggle                               0x0800f3ff   Thumb Code    12  gpio.o(.text)
    GpioRead                                 0x0800f40b   Thumb Code    12  gpio.o(.text)
    I2cInit                                  0x0800f419   Thumb Code    56  i2c.o(.text)
    I2cDeInit                                0x0800f451   Thumb Code    18  i2c.o(.text)
    I2cResetBus                              0x0800f463   Thumb Code    12  i2c.o(.text)
    I2cWrite                                 0x0800f46f   Thumb Code    72  i2c.o(.text)
    I2cWriteBuffer                           0x0800f4b7   Thumb Code    72  i2c.o(.text)
    I2cRead                                  0x0800f4ff   Thumb Code    38  i2c.o(.text)
    I2cReadBuffer                            0x0800f525   Thumb Code    42  i2c.o(.text)
    TimerInit                                0x0800f559   Thumb Code    14  timer.o(.text)
    TimerGetValue                            0x0800f619   Thumb Code     8  timer.o(.text)
    TimerStart                               0x0800f63b   Thumb Code   138  timer.o(.text)
    TimerIrqHandler                          0x0800f6c5   Thumb Code   144  timer.o(.text)
    TimerStop                                0x0800f755   Thumb Code   238  timer.o(.text)
    TimerReset                               0x0800f843   Thumb Code    18  timer.o(.text)
    TimerSetValue                            0x0800f855   Thumb Code    18  timer.o(.text)
    TimerGetCurrentTime                      0x0800f867   Thumb Code     8  timer.o(.text)
    TimerGetElapsedTime                      0x0800f86f   Thumb Code    12  timer.o(.text)
    TimerGetFutureTime                       0x0800f87b   Thumb Code    12  timer.o(.text)
    TimerLowPowerHandler                     0x0800f887   Thumb Code    60  timer.o(.text)
    TimerProcess                             0x0800f8c3   Thumb Code     8  timer.o(.text)
    UartInit                                 0x0800f8d5   Thumb Code    34  uart.o(.text)
    UartConfig                               0x0800f8f7   Thumb Code    36  uart.o(.text)
    UartDeInit                               0x0800f91b   Thumb Code    16  uart.o(.text)
    UartPutChar                              0x0800f92b   Thumb Code    16  uart.o(.text)
    UartGetChar                              0x0800f93b   Thumb Code    16  uart.o(.text)
    UartPutBuffer                            0x0800f94b   Thumb Code    20  uart.o(.text)
    UartGetBuffer                            0x0800f95f   Thumb Code    24  uart.o(.text)
    __aeabi_uidiv                            0x0800f977   Thumb Code     0  uidiv.o(.text)
    __aeabi_uidivmod                         0x0800f977   Thumb Code    44  uidiv.o(.text)
    __aeabi_idiv                             0x0800f9a3   Thumb Code     0  idiv.o(.text)
    __aeabi_idivmod                          0x0800f9a3   Thumb Code    40  idiv.o(.text)
    __aeabi_uldivmod                         0x0800f9cb   Thumb Code    96  uldiv.o(.text)
    __aeabi_memcpy                           0x0800fa2b   Thumb Code    36  memcpya.o(.text)
    __aeabi_memcpy4                          0x0800fa2b   Thumb Code     0  memcpya.o(.text)
    __aeabi_memcpy8                          0x0800fa2b   Thumb Code     0  memcpya.o(.text)
    __aeabi_memset                           0x0800fa4f   Thumb Code    14  memseta.o(.text)
    __aeabi_memset4                          0x0800fa4f   Thumb Code     0  memseta.o(.text)
    __aeabi_memset8                          0x0800fa4f   Thumb Code     0  memseta.o(.text)
    __aeabi_memclr                           0x0800fa5d   Thumb Code     4  memseta.o(.text)
    __aeabi_memclr4                          0x0800fa5d   Thumb Code     0  memseta.o(.text)
    __aeabi_memclr8                          0x0800fa5d   Thumb Code     0  memseta.o(.text)
    _memset$wrapper                          0x0800fa61   Thumb Code    18  memseta.o(.text)
    strlen                                   0x0800fa73   Thumb Code    14  strlen.o(.text)
    __aeabi_fadd                             0x0800fa81   Thumb Code   162  fadd.o(.text)
    __aeabi_fsub                             0x0800fb23   Thumb Code     8  fadd.o(.text)
    __aeabi_frsub                            0x0800fb2b   Thumb Code     8  fadd.o(.text)
    __aeabi_fmul                             0x0800fb33   Thumb Code   122  fmul.o(.text)
    __aeabi_fdiv                             0x0800fbad   Thumb Code   124  fdiv.o(.text)
    __aeabi_dadd                             0x0800fc29   Thumb Code   328  dadd.o(.text)
    __aeabi_dsub                             0x0800fd71   Thumb Code    12  dadd.o(.text)
    __aeabi_drsub                            0x0800fd7d   Thumb Code    12  dadd.o(.text)
    __aeabi_dmul                             0x0800fd8d   Thumb Code   202  dmul.o(.text)
    __aeabi_ddiv                             0x0800fe5d   Thumb Code   234  ddiv.o(.text)
    __aeabi_ui2f                             0x0800ff4d   Thumb Code    14  ffltui.o(.text)
    __aeabi_i2d                              0x0800ff5d   Thumb Code    34  dflti.o(.text)
    __aeabi_ui2d                             0x0800ff85   Thumb Code    24  dfltui.o(.text)
    __aeabi_ul2d                             0x0800ffa1   Thumb Code    22  dfltul.o(.text)
    __aeabi_f2uiz                            0x0800ffbd   Thumb Code    40  ffixui.o(.text)
    __aeabi_d2iz                             0x0800ffe5   Thumb Code    62  dfixi.o(.text)
    __aeabi_d2uiz                            0x0801002d   Thumb Code    50  dfixui.o(.text)
    __aeabi_f2d                              0x08010069   Thumb Code    40  f2d.o(.text)
    __aeabi_cdrcmple                         0x08010091   Thumb Code    38  cdrcmple.o(.text)
    __aeabi_d2f                              0x080100b9   Thumb Code    56  d2f.o(.text)
    __aeabi_llsl                             0x080100f1   Thumb Code    32  llshl.o(.text)
    _ll_shift_l                              0x080100f1   Thumb Code     0  llshl.o(.text)
    __aeabi_llsr                             0x08010111   Thumb Code    34  llushr.o(.text)
    _ll_ushift_r                             0x08010111   Thumb Code     0  llushr.o(.text)
    __aeabi_lasr                             0x08010133   Thumb Code    38  llsshr.o(.text)
    _ll_sshift_r                             0x08010133   Thumb Code     0  llsshr.o(.text)
    __I$use$fp                               0x08010159   Thumb Code     0  iusefp.o(.text)
    _float_round                             0x08010159   Thumb Code    16  fepilogue.o(.text)
    _float_epilogue                          0x08010169   Thumb Code   114  fepilogue.o(.text)
    _double_round                            0x080101db   Thumb Code    26  depilogue.o(.text)
    _double_epilogue                         0x080101f5   Thumb Code   164  depilogue.o(.text)
    _drnd                                    0x08010299   Thumb Code   114  drnd.o(.text)
    __aeabi_d2ulz                            0x08010315   Thumb Code    54  dfixul.o(.text)
    __aeabi_cdcmpeq                          0x08010355   Thumb Code     0  cdcmple.o(.text)
    __aeabi_cdcmple                          0x08010355   Thumb Code    38  cdcmple.o(.text)
    __scatterload                            0x0801037d   Thumb Code    28  init.o(.text)
    __scatterload_rt2                        0x0801037d   Thumb Code     0  init.o(.text)
    __0sprintf                               0x080103a1   Thumb Code    36  printfa.o(i.__0sprintf)
    __1sprintf                               0x080103a1   Thumb Code     0  printfa.o(i.__0sprintf)
    __2sprintf                               0x080103a1   Thumb Code     0  printfa.o(i.__0sprintf)
    __c89sprintf                             0x080103a1   Thumb Code     0  printfa.o(i.__0sprintf)
    sprintf                                  0x080103a1   Thumb Code     0  printfa.o(i.__0sprintf)
    __ARM_clz                                0x080103c9   Thumb Code    46  depilogue.o(i.__ARM_clz)
    __ARM_common_switch8                     0x080103f7   Thumb Code    28  gpio-board.o(i.__ARM_common_switch8)
    __scatterload_copy                       0x08010413   Thumb Code    14  handlers.o(i.__scatterload_copy)
    __scatterload_null                       0x08010421   Thumb Code     2  handlers.o(i.__scatterload_null)
    __scatterload_zeroinit                   0x08010423   Thumb Code    14  handlers.o(i.__scatterload_zeroinit)
    ceil                                     0x08010ce9   Thumb Code   180  ceil.o(i.ceil)
    floor                                    0x08010db1   Thumb Code   180  floor.o(i.floor)
    round                                    0x08010e79   Thumb Code   142  round.o(i.round)
    AHBPrescTable                            0x08010f2c   Data          16  system_stm32l0xx.o(.constdata)
    APBPrescTable                            0x08010f3c   Data           8  system_stm32l0xx.o(.constdata)
    PLLMulTable                              0x08010f44   Data           9  system_stm32l0xx.o(.constdata)
    RadioRegsInit                            0x08010f50   Data          48  sx1276.o(.constdata)
    FskBandwidths                            0x08010f80   Data         176  sx1276.o(.constdata)
    Region$$Table$$Base                      0x08011030   Number         0  anon$$obj.o(Region$$Table)
    Region$$Table$$Limit                     0x08011050   Number         0  anon$$obj.o(Region$$Table)
    NonScheduledWakeUp                       0x20000008   Data           1  rtc-board.o(.data)
    McuWakeUpTime                            0x20000010   Data           4  rtc-board.o(.data)
    RxData                                   0x20000014   Data           1  uart-board.o(.data)
    TxData                                   0x20000015   Data           1  uart-board.o(.data)
    SystemCoreClock                          0x20000018   Data           4  system_stm32l0xx.o(.data)
    uwTick                                   0x2000001c   Data           4  stm32l0xx_hal.o(.data)
    DioIrq                                   0x20000028   Data          24  sx1276.o(.data)
    HasLoopedThroughMain                     0x20000044   Data           1  timer.o(.data)
    Uart1TxBuffer                            0x2000004c   Data         512  main.o(.bss)
    Uart1RxBuffer                            0x2000024c   Data         512  main.o(.bss)
    str                                      0x2000044c   Data          20  main.o(.bss)
    PixelData                                0x20000460   Data         256  main.o(.bss)
    AdcHandle                                0x2000057c   Data          96  adc-board.o(.bss)
    Adc                                      0x200005dc   Data          12  board.o(.bss)
    I2c                                      0x200005e8   Data          28  board.o(.bss)
    Uart1                                    0x20000604   Data          56  board.o(.bss)
    RtcCalendarContext                       0x200006cc   Data          24  rtc-board.o(.bss)
    RtcHandle                                0x200006e4   Data          36  rtc-board.o(.bss)
    AntSwitchLf                              0x20000828   Data          12  sx1276mb1las-board.o(.bss)
    AntSwitchHf                              0x20000834   Data          12  sx1276mb1las-board.o(.bss)
    SX1276                                   0x20000940   Data         236  sx1276.o(.bss)
    TxTimeoutTimer                           0x20000a2c   Data          20  sx1276.o(.bss)
    RxTimeoutTimer                           0x20000a40   Data          20  sx1276.o(.bss)
    RxTimeoutSyncWord                        0x20000a54   Data          20  sx1276.o(.bss)
    __initial_sp                             0x20000e68   Data           0  startup_stm32l073xx.o(STACK)



==============================================================================

Memory Map of the image

  Image Entry point : 0x080000c1

  Load Region LR_IROM1 (Base: 0x08000000, Size: 0x0001109c, Max: 0x00030000, ABSOLUTE)

    Execution Region ER_IROM1 (Exec base: 0x08000000, Load base: 0x08000000, Size: 0x00011050, Max: 0x00030000, ABSOLUTE)

    Exec Addr    Load Addr    Size         Type   Attr      Idx    E Section Name        Object

    0x08000000   0x08000000   0x000000c0   Data   RO          504    RESET               startup_stm32l073xx.o
    0x080000c0   0x080000c0   0x00000000   Code   RO         1490  * .ARM.Collect$$$$00000000  mc_p.l(entry.o)
    0x080000c0   0x080000c0   0x00000004   Code   RO         1804    .ARM.Collect$$$$00000001  mc_p.l(entry2.o)
    0x080000c4   0x080000c4   0x00000004   Code   RO         1807    .ARM.Collect$$$$00000004  mc_p.l(entry5.o)
    0x080000c8   0x080000c8   0x00000000   Code   RO         1809    .ARM.Collect$$$$00000008  mc_p.l(entry7b.o)
    0x080000c8   0x080000c8   0x00000000   Code   RO         1811    .ARM.Collect$$$$0000000A  mc_p.l(entry8b.o)
    0x080000c8   0x080000c8   0x00000008   Code   RO         1812    .ARM.Collect$$$$0000000B  mc_p.l(entry9a.o)
    0x080000d0   0x080000d0   0x00000000   Code   RO         1814    .ARM.Collect$$$$0000000D  mc_p.l(entry10a.o)
    0x080000d0   0x080000d0   0x00000000   Code   RO         1816    .ARM.Collect$$$$0000000F  mc_p.l(entry11a.o)
    0x080000d0   0x080000d0   0x00000004   Code   RO         1805    .ARM.Collect$$$$00002712  mc_p.l(entry2.o)
    0x080000d4   0x080000d4   0x000002a4   Code   RO            1    .text               main.o
    0x08000378   0x08000378   0x00000154   Code   RO           65    .text               adc-board.o
    0x080004cc   0x080004cc   0x0000061c   Code   RO          199    .text               board.o
    0x08000ae8   0x08000ae8   0x0000000c   Code   RO          288    .text               delay-board.o
    0x08000af4   0x08000af4   0x00000414   Code   RO          334    .text               gpio-board.o
    0x08000f08   0x08000f08   0x0000028c   Code   RO          367    .text               i2c-board.o
    0x08001194   0x08001194   0x00000794   Code   RO          393    .text               rtc-board.o
    0x08001928   0x08001928   0x00000388   Code   RO          422    .text               spi-board.o
    0x08001cb0   0x08001cb0   0x00000398   Code   RO          447    .text               uart-board.o
    0x08002048   0x08002048   0x000003cc   Code   RO          472    .text               sx1276mb1las-board.o
    0x08002414   0x08002414   0x0000001c   Code   RO          505    .text               startup_stm32l073xx.o
    0x08002430   0x08002430   0x00000160   Code   RO          511    .text               system_stm32l0xx.o
    0x08002590   0x08002590   0x0000019c   Code   RO          602    .text               stm32l0xx_hal.o
    0x0800272c   0x0800272c   0x00000d54   Code   RO          625    .text               stm32l0xx_hal_adc.o
    0x08003480   0x08003480   0x000001ec   Code   RO          645    .text               stm32l0xx_hal_adc_ex.o
    0x0800366c   0x0800366c   0x00000224   Code   RO          665    .text               stm32l0xx_hal_cortex.o
    0x08003890   0x08003890   0x00000b80   Code   RO          688    .text               stm32l0xx_hal_dma.o
    0x08004410   0x08004410   0x00000378   Code   RO          708    .text               stm32l0xx_hal_gpio.o
    0x08004788   0x08004788   0x00002a04   Code   RO          728    .text               stm32l0xx_hal_i2c.o
    0x0800718c   0x0800718c   0x00000260   Code   RO          748    .text               stm32l0xx_hal_i2c_ex.o
    0x080073ec   0x080073ec   0x00000214   Code   RO          768    .text               stm32l0xx_hal_pwr.o
    0x08007600   0x08007600   0x000000bc   Code   RO          788    .text               stm32l0xx_hal_pwr_ex.o
    0x080076bc   0x080076bc   0x00000c6c   Code   RO          808    .text               stm32l0xx_hal_rcc.o
    0x08008328   0x08008328   0x00000974   Code   RO          828    .text               stm32l0xx_hal_rcc_ex.o
    0x08008c9c   0x08008c9c   0x00000d30   Code   RO          848    .text               stm32l0xx_hal_rtc.o
    0x080099cc   0x080099cc   0x0000102c   Code   RO          868    .text               stm32l0xx_hal_rtc_ex.o
    0x0800a9f8   0x0800a9f8   0x000016f0   Code   RO          888    .text               stm32l0xx_hal_spi.o
    0x0800c0e8   0x0800c0e8   0x000013b4   Code   RO          908    .text               stm32l0xx_hal_uart.o
    0x0800d49c   0x0800d49c   0x00000294   Code   RO          928    .text               stm32l0xx_hal_uart_ex.o
    0x0800d730   0x0800d730   0x00000010   Code   RO         1006    .text               sysirqhandlers.o
    0x0800d740   0x0800d740   0x000000b4   Code   RO         1015    .text               utilities.o
    0x0800d7f4   0x0800d7f4   0x00001ab4   Code   RO         1310    .text               sx1276.o
    0x0800f2a8   0x0800f2a8   0x0000004c   Code   RO         1345    .text               adc.o
    0x0800f2f4   0x0800f2f4   0x0000002c   Code   RO         1359    .text               delay.o
    0x0800f320   0x0800f320   0x00000088   Code   RO         1371    .text               fifo.o
    0x0800f3a8   0x0800f3a8   0x0000006e   Code   RO         1383    .text               gpio.o
    0x0800f416   0x0800f416   0x00000002   PAD
    0x0800f418   0x0800f418   0x00000140   Code   RO         1395    .text               i2c.o
    0x0800f558   0x0800f558   0x0000037c   Code   RO         1409    .text               timer.o
    0x0800f8d4   0x0800f8d4   0x000000a2   Code   RO         1427    .text               uart.o
    0x0800f976   0x0800f976   0x0000002c   Code   RO         1493    .text               mc_p.l(uidiv.o)
    0x0800f9a2   0x0800f9a2   0x00000028   Code   RO         1495    .text               mc_p.l(idiv.o)
    0x0800f9ca   0x0800f9ca   0x00000060   Code   RO         1497    .text               mc_p.l(uldiv.o)
    0x0800fa2a   0x0800fa2a   0x00000024   Code   RO         1499    .text               mc_p.l(memcpya.o)
    0x0800fa4e   0x0800fa4e   0x00000024   Code   RO         1501    .text               mc_p.l(memseta.o)
    0x0800fa72   0x0800fa72   0x0000000e   Code   RO         1503    .text               mc_p.l(strlen.o)
    0x0800fa80   0x0800fa80   0x000000b2   Code   RO         1768    .text               mf_p.l(fadd.o)
    0x0800fb32   0x0800fb32   0x0000007a   Code   RO         1770    .text               mf_p.l(fmul.o)
    0x0800fbac   0x0800fbac   0x0000007c   Code   RO         1772    .text               mf_p.l(fdiv.o)
    0x0800fc28   0x0800fc28   0x00000164   Code   RO         1774    .text               mf_p.l(dadd.o)
    0x0800fd8c   0x0800fd8c   0x000000d0   Code   RO         1776    .text               mf_p.l(dmul.o)
    0x0800fe5c   0x0800fe5c   0x000000f0   Code   RO         1778    .text               mf_p.l(ddiv.o)
    0x0800ff4c   0x0800ff4c   0x0000000e   Code   RO         1782    .text               mf_p.l(ffltui.o)
    0x0800ff5a   0x0800ff5a   0x00000002   PAD
    0x0800ff5c   0x0800ff5c   0x00000028   Code   RO         1784    .text               mf_p.l(dflti.o)
    0x0800ff84   0x0800ff84   0x0000001c   Code   RO         1786    .text               mf_p.l(dfltui.o)
    0x0800ffa0   0x0800ffa0   0x0000001c   Code   RO         1788    .text               mf_p.l(dfltul.o)
    0x0800ffbc   0x0800ffbc   0x00000028   Code   RO         1790    .text               mf_p.l(ffixui.o)
    0x0800ffe4   0x0800ffe4   0x00000048   Code   RO         1792    .text               mf_p.l(dfixi.o)
    0x0801002c   0x0801002c   0x0000003c   Code   RO         1794    .text               mf_p.l(dfixui.o)
    0x08010068   0x08010068   0x00000028   Code   RO         1796    .text               mf_p.l(f2d.o)
    0x08010090   0x08010090   0x00000028   Code   RO         1798    .text               mf_p.l(cdrcmple.o)
    0x080100b8   0x080100b8   0x00000038   Code   RO         1800    .text               mf_p.l(d2f.o)
    0x080100f0   0x080100f0   0x00000020   Code   RO         1819    .text               mc_p.l(llshl.o)
    0x08010110   0x08010110   0x00000022   Code   RO         1821    .text               mc_p.l(llushr.o)
    0x08010132   0x08010132   0x00000026   Code   RO         1823    .text               mc_p.l(llsshr.o)
    0x08010158   0x08010158   0x00000000   Code   RO         1825    .text               mc_p.l(iusefp.o)
    0x08010158   0x08010158   0x00000082   Code   RO         1826    .text               mf_p.l(fepilogue.o)
    0x080101da   0x080101da   0x000000be   Code   RO         1828    .text               mf_p.l(depilogue.o)
    0x08010298   0x08010298   0x0000007c   Code   RO         1832    .text               mf_p.l(drnd.o)
    0x08010314   0x08010314   0x00000040   Code   RO         1834    .text               mf_p.l(dfixul.o)
    0x08010354   0x08010354   0x00000028   Code   RO         1836    .text               mf_p.l(cdcmple.o)
    0x0801037c   0x0801037c   0x00000024   Code   RO         1838    .text               mc_p.l(init.o)
    0x080103a0   0x080103a0   0x00000028   Code   RO         1742    i.__0sprintf        mc_p.l(printfa.o)
    0x080103c8   0x080103c8   0x0000002e   Code   RO         1830    i.__ARM_clz         mf_p.l(depilogue.o)
    0x080103f6   0x080103f6   0x0000001c   Code   RO          351    i.__ARM_common_switch8  gpio-board.o
    0x08010412   0x08010412   0x0000000e   Code   RO         1842    i.__scatterload_copy  mc_p.l(handlers.o)
    0x08010420   0x08010420   0x00000002   Code   RO         1843    i.__scatterload_null  mc_p.l(handlers.o)
    0x08010422   0x08010422   0x0000000e   Code   RO         1844    i.__scatterload_zeroinit  mc_p.l(handlers.o)
    0x08010430   0x08010430   0x00000174   Code   RO         1747    i._fp_digits        mc_p.l(printfa.o)
    0x080105a4   0x080105a4   0x000006ec   Code   RO         1748    i._printf_core      mc_p.l(printfa.o)
    0x08010c90   0x08010c90   0x00000020   Code   RO         1749    i._printf_post_padding  mc_p.l(printfa.o)
    0x08010cb0   0x08010cb0   0x0000002c   Code   RO         1750    i._printf_pre_padding  mc_p.l(printfa.o)
    0x08010cdc   0x08010cdc   0x0000000a   Code   RO         1752    i._sputc            mc_p.l(printfa.o)
    0x08010ce6   0x08010ce6   0x00000002   PAD
    0x08010ce8   0x08010ce8   0x000000c8   Code   RO         1481    i.ceil              m_ps.l(ceil.o)
    0x08010db0   0x08010db0   0x000000c8   Code   RO         1485    i.floor             m_ps.l(floor.o)
    0x08010e78   0x08010e78   0x0000009c   Code   RO         1488    i.round             m_ps.l(round.o)
    0x08010f14   0x08010f14   0x00000018   Data   RO          395    .constdata          rtc-board.o
    0x08010f2c   0x08010f2c   0x00000021   Data   RO          512    .constdata          system_stm32l0xx.o
    0x08010f4d   0x08010f4d   0x00000003   PAD
    0x08010f50   0x08010f50   0x000000e0   Data   RO         1312    .constdata          sx1276.o
    0x08011030   0x08011030   0x00000020   Data   RO         1840    Region$$Table       anon$$obj.o


    Execution Region RW_IRAM1 (Exec base: 0x20000000, Load base: 0x08011050, Size: 0x00000e68, Max: 0x00005000, ABSOLUTE)

    Exec Addr    Load Addr    Size         Type   Attr      Idx    E Section Name        Object

    0x20000000   0x08011050   0x00000006   Data   RW          201    .data               board.o
    0x20000006   0x08011056   0x00000001   Data   RW          369    .data               i2c-board.o
    0x20000007   0x08011057   0x00000001   PAD
    0x20000008   0x08011058   0x0000000c   Data   RW          396    .data               rtc-board.o
    0x20000014   0x08011064   0x00000002   Data   RW          449    .data               uart-board.o
    0x20000016   0x08011066   0x00000001   Data   RW          475    .data               sx1276mb1las-board.o
    0x20000017   0x08011067   0x00000001   PAD
    0x20000018   0x08011068   0x00000004   Data   RW          513    .data               system_stm32l0xx.o
    0x2000001c   0x0801106c   0x00000004   Data   RW          603    .data               stm32l0xx_hal.o
    0x20000020   0x08011070   0x00000004   Data   RW         1016    .data               utilities.o
    0x20000024   0x08011074   0x0000001c   Data   RW         1313    .data               sx1276.o
    0x20000040   0x08011090   0x00000001   Data   RW         1346    .data               adc.o
    0x20000041   0x08011091   0x00000001   Data   RW         1396    .data               i2c.o
    0x20000042   0x08011092   0x00000002   PAD
    0x20000044   0x08011094   0x00000008   Data   RW         1410    .data               timer.o
    0x2000004c        -       0x00000530   Zero   RW            2    .bss                main.o
    0x2000057c        -       0x00000060   Zero   RW           66    .bss                adc-board.o
    0x200005dc        -       0x00000074   Zero   RW          200    .bss                board.o
    0x20000650        -       0x00000040   Zero   RW          335    .bss                gpio-board.o
    0x20000690        -       0x0000003c   Zero   RW          368    .bss                i2c-board.o
    0x200006cc        -       0x0000003c   Zero   RW          394    .bss                rtc-board.o
    0x20000708        -       0x000000b0   Zero   RW          423    .bss                spi-board.o
    0x200007b8        -       0x00000070   Zero   RW          448    .bss                uart-board.o
    0x20000828        -       0x00000018   Zero   RW          473    .bss                sx1276mb1las-board.o
    0x20000840        -       0x00000228   Zero   RW         1311    .bss                sx1276.o
    0x20000a68        -       0x00000400   Zero   RW          502    STACK               startup_stm32l073xx.o


==============================================================================

Image component sizes


      Code (inc. data)   RO Data    RW Data    ZI Data      Debug   Object Name

       340         30          0          0         96     373086   adc-board.o
        76          6          0          1          0       1559   adc.o
      1564         84          0          6        116     286927   board.o
        12          0          0          0          0        521   delay-board.o
        44          6          0          0          0        644   delay.o
       136          0          0          0          0       2077   fifo.o
      1072         40          0          0         64       4701   gpio-board.o
       110          0          0          0          0       2090   gpio.o
       652         32          0          1         60       4411   i2c-board.o
       320         10          0          1          0       3246   i2c.o
       676        118          0          0       1328      11967   main.o
      1940        118         24         12         60       8156   rtc-board.o
       904         24          0          0        176       2704   spi-board.o
        28          8        192          0       1024        688   startup_stm32l073xx.o
       412         32          0          4          0       5043   stm32l0xx_hal.o
      3412         80          0          0          0       9667   stm32l0xx_hal_adc.o
       492          6          0          0          0       3094   stm32l0xx_hal_adc_ex.o
       548         24          0          0          0      12079   stm32l0xx_hal_cortex.o
      2944         20          0          0          0       5204   stm32l0xx_hal_dma.o
       888         34          0          0          0       3515   stm32l0xx_hal_gpio.o
     10756         84          0          0          0      23655   stm32l0xx_hal_i2c.o
       608          8          0          0          0       2623   stm32l0xx_hal_i2c_ex.o
       532         18          0          0          0       3667   stm32l0xx_hal_pwr.o
       188         14          0          0          0       1419   stm32l0xx_hal_pwr_ex.o
      3180         94          0          0          0       6124   stm32l0xx_hal_rcc.o
      2420         98          0          0          0       4774   stm32l0xx_hal_rcc_ex.o
      3376         48          0          0          0       8289   stm32l0xx_hal_rtc.o
      4140         74          0          0          0      13081   stm32l0xx_hal_rtc_ex.o
      5872         54          0          0          0      13208   stm32l0xx_hal_spi.o
      5044        116          0          0          0      13409   stm32l0xx_hal_uart.o
       660          4          0          0          0       3586   stm32l0xx_hal_uart_ex.o
      6836        242        224         28        552      15510   sx1276.o
       972         16          0          1         24       7884   sx1276mb1las-board.o
        16          0          0          0          0        865   sysirqhandlers.o
       352         38         33          4          0     407885   system_stm32l0xx.o
       892         10          0          8          0       5452   timer.o
       920         24          0          2        112       4733   uart-board.o
       162          0          0          0          0       2697   uart.o
       180         16          0          4          0       2344   utilities.o

    ----------------------------------------------------------------------
     63678       1630        508         76       3612    1282584   Object Totals
         0          0         32          0          0          0   (incl. Generated)
         2          0          3          4          0          0   (incl. Padding)

    ----------------------------------------------------------------------

      Code (inc. data)   RO Data    RW Data    ZI Data      Debug   Library Member Name

       200         20          0          0          0         76   ceil.o
       200         20          0          0          0         76   floor.o
       156         14          0          0          0         84   round.o
         0          0          0          0          0          0   entry.o
         0          0          0          0          0          0   entry10a.o
         0          0          0          0          0          0   entry11a.o
         8          4          0          0          0          0   entry2.o
         4          0          0          0          0          0   entry5.o
         0          0          0          0          0          0   entry7b.o
         0          0          0          0          0          0   entry8b.o
         8          4          0          0          0          0   entry9a.o
        30          0          0          0          0          0   handlers.o
        40          0          0          0          0         72   idiv.o
        36          8          0          0          0         68   init.o
         0          0          0          0          0          0   iusefp.o
        32          0          0          0          0         68   llshl.o
        38          0          0          0          0         68   llsshr.o
        34          0          0          0          0         68   llushr.o
        36          0          0          0          0         60   memcpya.o
        36          0          0          0          0        100   memseta.o
      2270         94          0          0          0        472   printfa.o
        14          0          0          0          0         60   strlen.o
        44          0          0          0          0         72   uidiv.o
        96          0          0          0          0         84   uldiv.o
        40          2          0          0          0         68   cdcmple.o
        40          2          0          0          0         68   cdrcmple.o
        56          0          0          0          0         68   d2f.o
       356          4          0          0          0        140   dadd.o
       240          6          0          0          0         84   ddiv.o
       236          0          0          0          0        216   depilogue.o
        72         10          0          0          0         72   dfixi.o
        60         10          0          0          0         68   dfixui.o
        64         10          0          0          0         68   dfixul.o
        40          6          0          0          0         68   dflti.o
        28          4          0          0          0         68   dfltui.o
        28          6          0          0          0         68   dfltul.o
       208          6          0          0          0         88   dmul.o
       124         10          0          0          0         76   drnd.o
        40          0          0          0          0         60   f2d.o
       178          0          0          0          0        108   fadd.o
       124          0          0          0          0         72   fdiv.o
       130          0          0          0          0        144   fepilogue.o
        40          0          0          0          0         60   ffixui.o
        14          0          0          0          0         68   ffltui.o
       122          0          0          0          0         72   fmul.o

    ----------------------------------------------------------------------
      5526        240          0          0          0       3232   Library Totals
         4          0          0          0          0          0   (incl. Padding)

    ----------------------------------------------------------------------

      Code (inc. data)   RO Data    RW Data    ZI Data      Debug   Library Name

       556         54          0          0          0        236   m_ps.l
      2726        110          0          0          0       1192   mc_p.l
      2240         76          0          0          0       1804   mf_p.l

    ----------------------------------------------------------------------
      5526        240          0          0          0       3232   Library Totals

    ----------------------------------------------------------------------

==============================================================================


      Code (inc. data)   RO Data    RW Data    ZI Data      Debug   

     69204       1870        508         76       3612    1280716   Grand Totals
     69204       1870        508         76       3612    1280716   ELF Image Totals
     69204       1870        508         76          0          0   ROM Totals

==============================================================================

    Total RO  Size (Code + RO Data)                69712 (  68.08kB)
    Total RW  Size (RW Data + ZI Data)              3688 (   3.60kB)
    Total ROM Size (Code + RO Data + RW Data)      69788 (  68.15kB)

==============================================================================

